Component: ARM Compiler 5.06 update 5 (build 528) Tool: armlink [4d35e2]

==============================================================================

Section Cross References

    startup_stm32h743xx.o(STACK) refers (Special) to heapauxi.o(.text) for __use_two_region_memory
    startup_stm32h743xx.o(HEAP) refers (Special) to heapauxi.o(.text) for __use_two_region_memory
    startup_stm32h743xx.o(RESET) refers (Special) to heapauxi.o(.text) for __use_two_region_memory
    startup_stm32h743xx.o(RESET) refers to startup_stm32h743xx.o(STACK) for __initial_sp
    startup_stm32h743xx.o(RESET) refers to startup_stm32h743xx.o(.text) for Reset_Handler
    startup_stm32h743xx.o(RESET) refers to stm32h7xx_it.o(i.NMI_Handler) for NMI_Handler
    startup_stm32h743xx.o(RESET) refers to stm32h7xx_it.o(i.HardFault_Handler) for HardFault_Handler
    startup_stm32h743xx.o(RESET) refers to stm32h7xx_it.o(i.MemManage_Handler) for MemManage_Handler
    startup_stm32h743xx.o(RESET) refers to stm32h7xx_it.o(i.BusFault_Handler) for BusFault_Handler
    startup_stm32h743xx.o(RESET) refers to stm32h7xx_it.o(i.UsageFault_Handler) for UsageFault_Handler
    startup_stm32h743xx.o(RESET) refers to port.o(.emb_text) for SVC_Handler
    startup_stm32h743xx.o(RESET) refers to stm32h7xx_it.o(i.DebugMon_Handler) for DebugMon_Handler
    startup_stm32h743xx.o(RESET) refers to cmsis_os2.o(i.SysTick_Handler) for SysTick_Handler
    startup_stm32h743xx.o(RESET) refers to stm32h7xx_it.o(i.DMA1_Stream0_IRQHandler) for DMA1_Stream0_IRQHandler
    startup_stm32h743xx.o(RESET) refers to stm32h7xx_it.o(i.DMA1_Stream1_IRQHandler) for DMA1_Stream1_IRQHandler
    startup_stm32h743xx.o(RESET) refers to stm32h7xx_it.o(i.DMA1_Stream2_IRQHandler) for DMA1_Stream2_IRQHandler
    startup_stm32h743xx.o(RESET) refers to stm32h7xx_it.o(i.DMA1_Stream3_IRQHandler) for DMA1_Stream3_IRQHandler
    startup_stm32h743xx.o(RESET) refers to stm32h7xx_it.o(i.DMA1_Stream4_IRQHandler) for DMA1_Stream4_IRQHandler
    startup_stm32h743xx.o(RESET) refers to stm32h7xx_it.o(i.ADC_IRQHandler) for ADC_IRQHandler
    startup_stm32h743xx.o(RESET) refers to stm32h7xx_it.o(i.USART1_IRQHandler) for USART1_IRQHandler
    startup_stm32h743xx.o(RESET) refers to stm32h7xx_it.o(i.USART2_IRQHandler) for USART2_IRQHandler
    startup_stm32h743xx.o(RESET) refers to stm32h7xx_it.o(i.TIM17_IRQHandler) for TIM17_IRQHandler
    startup_stm32h743xx.o(.text) refers (Special) to heapauxi.o(.text) for __use_two_region_memory
    startup_stm32h743xx.o(.text) refers to system_stm32h7xx.o(i.ExitRun0Mode) for ExitRun0Mode
    startup_stm32h743xx.o(.text) refers to system_stm32h7xx.o(i.SystemInit) for SystemInit
    startup_stm32h743xx.o(.text) refers to __main.o(!!!main) for __main
    startup_stm32h743xx.o(.text) refers to startup_stm32h743xx.o(HEAP) for Heap_Mem
    startup_stm32h743xx.o(.text) refers to startup_stm32h743xx.o(STACK) for Stack_Mem
    main.o(i.HAL_TIM_PeriodElapsedCallback) refers to stm32h7xx_hal.o(i.HAL_IncTick) for HAL_IncTick
    main.o(i.SystemClock_Config) refers to rt_memclr_w.o(.text) for __aeabi_memclr4
    main.o(i.SystemClock_Config) refers to stm32h7xx_hal_pwr_ex.o(i.HAL_PWREx_ConfigSupply) for HAL_PWREx_ConfigSupply
    main.o(i.SystemClock_Config) refers to stm32h7xx_hal_rcc.o(i.HAL_RCC_OscConfig) for HAL_RCC_OscConfig
    main.o(i.SystemClock_Config) refers to stm32h7xx_hal_rcc.o(i.HAL_RCC_ClockConfig) for HAL_RCC_ClockConfig
    main.o(i.main) refers to stm32h7xx_hal_cortex.o(i.HAL_MPU_Disable) for HAL_MPU_Disable
    main.o(i.main) refers to stm32h7xx_hal_cortex.o(i.HAL_MPU_ConfigRegion) for HAL_MPU_ConfigRegion
    main.o(i.main) refers to stm32h7xx_hal_cortex.o(i.HAL_MPU_Enable) for HAL_MPU_Enable
    main.o(i.main) refers to stm32h7xx_hal.o(i.HAL_Init) for HAL_Init
    main.o(i.main) refers to main.o(i.SystemClock_Config) for SystemClock_Config
    main.o(i.main) refers to gpio.o(i.MX_GPIO_Init) for MX_GPIO_Init
    main.o(i.main) refers to dma.o(i.MX_DMA_Init) for MX_DMA_Init
    main.o(i.main) refers to usart.o(i.MX_USART1_UART_Init) for MX_USART1_UART_Init
    main.o(i.main) refers to adc.o(i.MX_ADC1_Init) for MX_ADC1_Init
    main.o(i.main) refers to i2c.o(i.MX_I2C1_Init) for MX_I2C1_Init
    main.o(i.main) refers to spi.o(i.MX_SPI1_Init) for MX_SPI1_Init
    main.o(i.main) refers to spi.o(i.MX_SPI2_Init) for MX_SPI2_Init
    main.o(i.main) refers to usart.o(i.MX_USART2_UART_Init) for MX_USART2_UART_Init
    main.o(i.main) refers to usart.o(i.MX_USART3_UART_Init) for MX_USART3_UART_Init
    main.o(i.main) refers to spi.o(i.MX_SPI4_Init) for MX_SPI4_Init
    main.o(i.main) refers to cmsis_os2.o(i.osKernelInitialize) for osKernelInitialize
    main.o(i.main) refers to freertos.o(i.MX_FREERTOS_Init) for MX_FREERTOS_Init
    main.o(i.main) refers to cmsis_os2.o(i.osKernelStart) for osKernelStart
    gpio.o(i.MX_GPIO_Init) refers to rt_memclr_w.o(.text) for __aeabi_memclr4
[...]
    HAL_TIM_PeriodElapsedCallback            0x08007675   Thumb Code    14  main.o(i.HAL_TIM_PeriodElapsedCallback)
    HAL_TIM_TriggerCallback                  0x08007689   Thumb Code     2  stm32h7xx_hal_tim.o(i.HAL_TIM_TriggerCallback)
    HAL_UARTEx_DisableFifoMode               0x0800768b   Thumb Code    64  stm32h7xx_hal_uart_ex.o(i.HAL_UARTEx_DisableFifoMode)
    HAL_UARTEx_ReceiveToIdle_DMA             0x080076cb   Thumb Code    74  stm32h7xx_hal_uart_ex.o(i.HAL_UARTEx_ReceiveToIdle_DMA)
    HAL_UARTEx_RxEventCallback               0x08007715   Thumb Code    90  task_gyro.o(i.HAL_UARTEx_RxEventCallback)
    HAL_UARTEx_RxFifoFullCallback            0x08007781   Thumb Code     2  stm32h7xx_hal_uart_ex.o(i.HAL_UARTEx_RxFifoFullCallback)
    HAL_UARTEx_SetRxFifoThreshold            0x08007783   Thumb Code    76  stm32h7xx_hal_uart_ex.o(i.HAL_UARTEx_SetRxFifoThreshold)
    HAL_UARTEx_SetTxFifoThreshold            0x080077cf   Thumb Code    76  stm32h7xx_hal_uart_ex.o(i.HAL_UARTEx_SetTxFifoThreshold)
    HAL_UARTEx_TxFifoEmptyCallback           0x0800781b   Thumb Code     2  stm32h7xx_hal_uart_ex.o(i.HAL_UARTEx_TxFifoEmptyCallback)
    HAL_UARTEx_WakeupCallback                0x0800781d   Thumb Code     2  stm32h7xx_hal_uart_ex.o(i.HAL_UARTEx_WakeupCallback)
    HAL_UART_ErrorCallback                   0x08007821   Thumb Code    42  task_gyro.o(i.HAL_UART_ErrorCallback)
    HAL_UART_IRQHandler                      0x08007855   Thumb Code   898  stm32h7xx_hal_uart.o(i.HAL_UART_IRQHandler)
    HAL_UART_Init                            0x08007bf1   Thumb Code   106  stm32h7xx_hal_uart.o(i.HAL_UART_Init)
    HAL_UART_MspInit                         0x08007c5d   Thumb Code   556  usart.o(i.HAL_UART_MspInit)
    HAL_UART_RxCpltCallback                  0x08007eb5   Thumb Code     2  stm32h7xx_hal_uart.o(i.HAL_UART_RxCpltCallback)
    HAL_UART_RxHalfCpltCallback              0x08007eb7   Thumb Code     2  stm32h7xx_hal_uart.o(i.HAL_UART_RxHalfCpltCallback)
    HAL_UART_Transmit                        0x08007eb9   Thumb Code   176  stm32h7xx_hal_uart.o(i.HAL_UART_Transmit)
    HAL_UART_TxCpltCallback                  0x08007f69   Thumb Code     2  stm32h7xx_hal_uart.o(i.HAL_UART_TxCpltCallback)
    HardFault_Handler                        0x08007f6b   Thumb Code     2  stm32h7xx_it.o(i.HardFault_Handler)
    MX_ADC1_Init                             0x08008001   Thumb Code   156  adc.o(i.MX_ADC1_Init)
    MX_DMA_Init                              0x080080ad   Thumb Code   104  dma.o(i.MX_DMA_Init)
    MX_FREERTOS_Init                         0x08008119   Thumb Code    24  freertos.o(i.MX_FREERTOS_Init)
    MX_GPIO_Init                             0x0800813d   Thumb Code   288  gpio.o(i.MX_GPIO_Init)
    MX_I2C1_Init                             0x08008271   Thumb Code    76  i2c.o(i.MX_I2C1_Init)
    MX_SPI1_Init                             0x080082c9   Thumb Code    80  spi.o(i.MX_SPI1_Init)
    MX_SPI2_Init                             0x08008321   Thumb Code    84  spi.o(i.MX_SPI2_Init)
    MX_SPI4_Init                             0x0800837d   Thumb Code    80  spi.o(i.MX_SPI4_Init)
    MX_USART1_UART_Init                      0x080083d5   Thumb Code    94  usart.o(i.MX_USART1_UART_Init)
    MX_USART2_UART_Init                      0x0800843d   Thumb Code    94  usart.o(i.MX_USART2_UART_Init)
    MX_USART3_UART_Init                      0x080084a5   Thumb Code    94  usart.o(i.MX_USART3_UART_Init)
    MemManage_Handler                        0x0800850d   Thumb Code     2  stm32h7xx_it.o(i.MemManage_Handler)
    NMI_Handler                              0x0800850f   Thumb Code     2  stm32h7xx_it.o(i.NMI_Handler)
    StartDefaultTask                         0x08008751   Thumb Code     8  freertos.o(i.StartDefaultTask)
    SysTick_Handler                          0x08008759   Thumb Code    26  cmsis_os2.o(i.SysTick_Handler)
    SystemClock_Config                       0x08008775   Thumb Code   158  main.o(i.SystemClock_Config)
    SystemInit                               0x0800881d   Thumb Code   206  system_stm32h7xx.o(i.SystemInit)
    TIM17_IRQHandler                         0x08008915   Thumb Code     6  stm32h7xx_it.o(i.TIM17_IRQHandler)
    TIM_Base_SetConfig                       0x08008921   Thumb Code   170  stm32h7xx_hal_tim.o(i.TIM_Base_SetConfig)
    Task_AdcEntry                            0x080089ed   Thumb Code   186  task_adc.o(i.Task_AdcEntry)
    Task_AdcInitHardware                     0x08008ac9   Thumb Code    22  task_adc.o(i.Task_AdcInitHardware)
    Task_ControlEntry                        0x08008ae5   Thumb Code    94  task_control.o(i.Task_ControlEntry)
    Task_DebugEntry                          0x08008b81   Thumb Code    94  task_debug.o(i.Task_DebugEntry)
    Task_DebugInitHardware                   0x08008bf9   Thumb Code     4  task_debug.o(i.Task_DebugInitHardware)
    Task_GyroEntry                           0x08008bfd   Thumb Code   166  task_gyro.o(i.Task_GyroEntry)
    Task_GyroInitHardware                    0x08008cb5   Thumb Code    40  task_gyro.o(i.Task_GyroInitHardware)
    Task_GyroStartRx                         0x08008ce1   Thumb Code   178  task_gyro.o(i.Task_GyroStartRx)
    Task_LoraEntry                           0x08008da5   Thumb Code    48  task_lora.o(i.Task_LoraEntry)
    Task_LoraInitHardware                    0x08008dd9   Thumb Code    10  task_lora.o(i.Task_LoraInitHardware)
    Task_ReturnEntry                         0x08008de5   Thumb Code   336  task_return.o(i.Task_ReturnEntry)
    Task_Spo2Entry                           0x08008f8d   Thumb Code   146  task_spo2.o(i.Task_Spo2Entry)
    Task_Spo2InitHardware                    0x08009029   Thumb Code    50  task_spo2.o(i.Task_Spo2InitHardware)
    Task_UiEntry                             0x08009061   Thumb Code   198  task_ui.o(i.Task_UiEntry)
    Task_UiInitHardware                      0x08009139   Thumb Code     8  task_ui.o(i.Task_UiInitHardware)
    UART_AdvFeatureConfig                    0x08009185   Thumb Code   200  stm32h7xx_hal_uart.o(i.UART_AdvFeatureConfig)
    UART_CheckIdleState                      0x0800924d   Thumb Code   170  stm32h7xx_hal_uart.o(i.UART_CheckIdleState)
    UART_SetConfig                           0x0800947d   Thumb Code   876  stm32h7xx_hal_uart.o(i.UART_SetConfig)
    UART_Start_Receive_DMA                   0x08009829   Thumb Code   156  stm32h7xx_hal_uart.o(i.UART_Start_Receive_DMA)
    UART_WaitOnFlagUntilTimeout              0x080098d1   Thumb Code   148  stm32h7xx_hal_uart.o(i.UART_WaitOnFlagUntilTimeout)
    USART1_IRQHandler                        0x08009965   Thumb Code     6  stm32h7xx_it.o(i.USART1_IRQHandler)
    USART2_IRQHandler                        0x08009971   Thumb Code     6  stm32h7xx_it.o(i.USART2_IRQHandler)
    UsageFault_Handler                       0x0800997d   Thumb Code     2  stm32h7xx_it.o(i.UsageFault_Handler)
    WitImu_AccRawToMps2                      0x08009981   Thumb Code    18  wit_imu.o(i.WitImu_AccRawToMps2)
    WitImu_AngleRawToDeg                     0x08009999   Thumb Code    18  wit_imu.o(i.WitImu_AngleRawToDeg)
    WitImu_ConfigureJY901P                   0x080099b1   Thumb Code    82  wit_imu.o(i.WitImu_ConfigureJY901P)
    WitImu_CopyData                          0x08009a05   Thumb Code    22  wit_imu.o(i.WitImu_CopyData)
    WitImu_GyroRawToRps                      0x08009a21   Thumb Code    18  wit_imu.o(i.WitImu_GyroRawToRps)
    WitImu_Init                              0x08009a39   Thumb Code    24  wit_imu.o(i.WitImu_Init)
    WitImu_ParseBuffer                       0x08009a59   Thumb Code    48  wit_imu.o(i.WitImu_ParseBuffer)
    WitImu_ParseByte                         0x08009a89   Thumb Code   116  wit_imu.o(i.WitImu_ParseByte)
    WitImu_QuatRawToFloat                    0x08009b05   Thumb Code    18  wit_imu.o(i.WitImu_QuatRawToFloat)
    WitImu_ReadRegisters                     0x08009b1d   Thumb Code    12  wit_imu.o(i.WitImu_ReadRegisters)
    WitImu_SaveConfig                        0x08009b2d   Thumb Code     8  wit_imu.o(i.WitImu_SaveConfig)
    WitImu_SetGyroBandwidth98Hz              0x08009b35   Thumb Code     8  wit_imu.o(i.WitImu_SetGyroBandwidth98Hz)
    WitImu_SetOutput                         0x08009b3d   Thumb Code     8  wit_imu.o(i.WitImu_SetOutput)
    WitImu_SetReportRate                     0x08009b45   Thumb Code     8  wit_imu.o(i.WitImu_SetReportRate)
    WitImu_TakeSampleReady                   0x08009b4d   Thumb Code    14  wit_imu.o(i.WitImu_TakeSampleReady)
    WitImu_Unlock                            0x08009b61   Thumb Code    10  wit_imu.o(i.WitImu_Unlock)
    __ARM_fpclassify                         0x08009b6b   Thumb Code    48  fpclassify.o(i.__ARM_fpclassify)
    _is_digit                                0x08009bbd   Thumb Code    14  __printf_wp.o(i._is_digit)
    main                                     0x08009bcb   Thumb Code   138  main.o(i.main)
    osDelay                                  0x08009c55   Thumb Code    28  cmsis_os2.o(i.osDelay)
    osDelayUntil                             0x08009c71   Thumb Code    46  cmsis_os2.o(i.osDelayUntil)
    osEventFlagsNew                          0x08009c9f   Thumb Code    44  cmsis_os2.o(i.osEventFlagsNew)
    osEventFlagsSet                          0x08009ccd   Thumb Code    78  cmsis_os2.o(i.osEventFlagsSet)
    osEventFlagsWait                         0x08009d21   Thumb Code    98  cmsis_os2.o(i.osEventFlagsWait)
    osKernelGetTickCount                     0x08009d83   Thumb Code    14  cmsis_os2.o(i.osKernelGetTickCount)
    osKernelInitialize                       0x08009d91   Thumb Code    32  cmsis_os2.o(i.osKernelInitialize)
    osKernelStart                            0x08009db5   Thumb Code    48  cmsis_os2.o(i.osKernelStart)
    osMessageQueueGet                        0x08009ded   Thumb Code    96  cmsis_os2.o(i.osMessageQueueGet)
    osMessageQueueNew                        0x08009e51   Thumb Code    88  cmsis_os2.o(i.osMessageQueueNew)
    osMessageQueuePut                        0x08009ea9   Thumb Code   100  cmsis_os2.o(i.osMessageQueuePut)
    osMutexAcquire                           0x08009f11   Thumb Code    82  cmsis_os2.o(i.osMutexAcquire)
    osMutexNew                               0x08009f63   Thumb Code   104  cmsis_os2.o(i.osMutexNew)
    osMutexRelease                           0x08009fcb   Thumb Code    66  cmsis_os2.o(i.osMutexRelease)
    osSemaphoreAcquire                       0x0800a00d   Thumb Code    92  cmsis_os2.o(i.osSemaphoreAcquire)
    osSemaphoreNew                           0x0800a06d   Thumb Code   152  cmsis_os2.o(i.osSemaphoreNew)
    osSemaphoreRelease                       0x0800a105   Thumb Code    86  cmsis_os2.o(i.osSemaphoreRelease)
    osThreadExit                             0x0800a161   Thumb Code     8  cmsis_os2.o(i.osThreadExit)
    osThreadNew                              0x0800a169   Thumb Code   144  cmsis_os2.o(i.osThreadNew)
    pvPortMalloc                             0x0800ab59   Thumb Code   216  heap_4.o(i.pvPortMalloc)
    pvTaskIncrementMutexHeldCount            0x0800ac35   Thumb Code    18  tasks.o(i.pvTaskIncrementMutexHeldCount)
    pxPortInitialiseStack                    0x0800ac4d   Thumb Code    42  port.o(i.pxPortInitialiseStack)
    uxListRemove                             0x0800ac83   Thumb Code    38  list.o(i.uxListRemove)
    uxTaskResetEventItemValue                0x0800aca9   Thumb Code    20  tasks.o(i.uxTaskResetEventItemValue)
    vApplicationGetIdleTaskMemory            0x0800acc1   Thumb Code    18  cmsis_os2.o(i.vApplicationGetIdleTaskMemory)
    vApplicationGetTimerTaskMemory           0x0800acd9   Thumb Code    20  cmsis_os2.o(i.vApplicationGetTimerTaskMemory)
    vEventGroupSetBitsCallback               0x0800acf1   Thumb Code     4  event_groups.o(i.vEventGroupSetBitsCallback)
    vListInitialise                          0x0800acf5   Thumb Code    22  list.o(i.vListInitialise)
    vListInitialiseItem                      0x0800ad0b   Thumb Code     6  list.o(i.vListInitialiseItem)
    vListInsert                              0x0800ad11   Thumb Code    48  list.o(i.vListInsert)
    vListInsertEnd                           0x0800ad41   Thumb Code    24  list.o(i.vListInsertEnd)
    vPortEnterCritical                       0x0800ad59   Thumb Code    54  port.o(i.vPortEnterCritical)
    vPortExitCritical                        0x0800ad99   Thumb Code    34  port.o(i.vPortExitCritical)
    vPortFree                                0x0800adc1   Thumb Code    94  heap_4.o(i.vPortFree)
    vPortSetupTimerInterrupt                 0x0800ae25   Thumb Code    32  port.o(i.vPortSetupTimerInterrupt)
    vPortValidateInterruptPriority           0x0800ae49   Thumb Code    74  port.o(i.vPortValidateInterruptPriority)
    vQueueAddToRegistry                      0x0800ae9d   Thumb Code    34  queue.o(i.vQueueAddToRegistry)
    vQueueDelete                             0x0800aec5   Thumb Code    46  queue.o(i.vQueueDelete)
    vQueueUnregisterQueue                    0x0800aef5   Thumb Code    36  queue.o(i.vQueueUnregisterQueue)
    vQueueWaitForMessageRestricted           0x0800af1d   Thumb Code    68  queue.o(i.vQueueWaitForMessageRestricted)
    vTaskDelay                               0x0800af61   Thumb Code    66  tasks.o(i.vTaskDelay)
    vTaskDelayUntil                          0x0800afad   Thumb Code   132  tasks.o(i.vTaskDelayUntil)
    vTaskDelete                              0x0800b039   Thumb Code   130  tasks.o(i.vTaskDelete)
    vTaskInternalSetTimeOutState             0x0800b0c9   Thumb Code    12  tasks.o(i.vTaskInternalSetTimeOutState)
    vTaskMissedYield                         0x0800b0d9   Thumb Code     8  tasks.o(i.vTaskMissedYield)
    vTaskPlaceOnEventList                    0x0800b0e5   Thumb Code    44  tasks.o(i.vTaskPlaceOnEventList)
    vTaskPlaceOnEventListRestricted          0x0800b115   Thumb Code    52  tasks.o(i.vTaskPlaceOnEventListRestricted)
    vTaskPlaceOnUnorderedEventList           0x0800b14d   Thumb Code    76  tasks.o(i.vTaskPlaceOnUnorderedEventList)
    vTaskPriorityDisinheritAfterTimeout      0x0800b19d   Thumb Code   136  tasks.o(i.vTaskPriorityDisinheritAfterTimeout)
    vTaskRemoveFromUnorderedEventList        0x0800b22d   Thumb Code   102  tasks.o(i.vTaskRemoveFromUnorderedEventList)
    vTaskStartScheduler                      0x0800b29d   Thumb Code   118  tasks.o(i.vTaskStartScheduler)
    vTaskSuspendAll                          0x0800b325   Thumb Code    10  tasks.o(i.vTaskSuspendAll)
    vTaskSwitchContext                       0x0800b335   Thumb Code    90  tasks.o(i.vTaskSwitchContext)
    xEventGroupCreate                        0x0800b3d1   Thumb Code    28  event_groups.o(i.xEventGroupCreate)
    xEventGroupCreateStatic                  0x0800b3ed   Thumb Code    42  event_groups.o(i.xEventGroupCreateStatic)
    xEventGroupSetBits                       0x0800b419   Thumb Code   144  event_groups.o(i.xEventGroupSetBits)
    xEventGroupSetBitsFromISR                0x0800b4a9   Thumb Code    12  event_groups.o(i.xEventGroupSetBitsFromISR)
    xEventGroupWaitBits                      0x0800b4b9   Thumb Code   260  event_groups.o(i.xEventGroupWaitBits)
    xPortStartScheduler                      0x0800b5c1   Thumb Code   222  port.o(i.xPortStartScheduler)
    xPortSysTickHandler                      0x0800b6b5   Thumb Code    38  port.o(i.xPortSysTickHandler)
    xQueueCreateCountingSemaphore            0x0800b6e1   Thumb Code    58  queue.o(i.xQueueCreateCountingSemaphore)
    xQueueCreateCountingSemaphoreStatic      0x0800b71b   Thumb Code    64  queue.o(i.xQueueCreateCountingSemaphoreStatic)
    xQueueCreateMutex                        0x0800b75b   Thumb Code    22  queue.o(i.xQueueCreateMutex)
    xQueueCreateMutexStatic                  0x0800b771   Thumb Code    26  queue.o(i.xQueueCreateMutexStatic)
    xQueueGenericCreate                      0x0800b78b   Thumb Code    66  queue.o(i.xQueueGenericCreate)
    xQueueGenericCreateStatic                0x0800b7cd   Thumb Code   102  queue.o(i.xQueueGenericCreateStatic)
    xQueueGenericReset                       0x0800b835   Thumb Code   144  queue.o(i.xQueueGenericReset)
    xQueueGenericSend                        0x0800b8c9   Thumb Code   346  queue.o(i.xQueueGenericSend)
    xQueueGenericSendFromISR                 0x0800ba29   Thumb Code   190  queue.o(i.xQueueGenericSendFromISR)
    xQueueGiveFromISR                        0x0800bae7   Thumb Code   156  queue.o(i.xQueueGiveFromISR)
    xQueueGiveMutexRecursive                 0x0800bb83   Thumb Code    62  queue.o(i.xQueueGiveMutexRecursive)
    xQueueReceive                            0x0800bbc1   Thumb Code   310  queue.o(i.xQueueReceive)
    xQueueReceiveFromISR                     0x0800bcfd   Thumb Code   156  queue.o(i.xQueueReceiveFromISR)
    xQueueSemaphoreTake                      0x0800bd99   Thumb Code   376  queue.o(i.xQueueSemaphoreTake)
    xQueueTakeMutexRecursive                 0x0800bf15   Thumb Code    60  queue.o(i.xQueueTakeMutexRecursive)
    xTaskCheckForTimeOut                     0x0800bf51   Thumb Code   116  tasks.o(i.xTaskCheckForTimeOut)
    xTaskCreate                              0x0800bfc9   Thumb Code    90  tasks.o(i.xTaskCreate)
    xTaskCreateStatic                        0x0800c023   Thumb Code    86  tasks.o(i.xTaskCreateStatic)
    xTaskGetCurrentTaskHandle                0x0800c079   Thumb Code     6  tasks.o(i.xTaskGetCurrentTaskHandle)
    xTaskGetSchedulerState                   0x0800c085   Thumb Code    22  tasks.o(i.xTaskGetSchedulerState)
    xTaskGetTickCount                        0x0800c0a1   Thumb Code     6  tasks.o(i.xTaskGetTickCount)
    xTaskGetTickCountFromISR                 0x0800c0ad   Thumb Code    12  tasks.o(i.xTaskGetTickCountFromISR)
    xTaskIncrementTick                       0x0800c0bd   Thumb Code   192  tasks.o(i.xTaskIncrementTick)
    xTaskPriorityDisinherit                  0x0800c185   Thumb Code   116  tasks.o(i.xTaskPriorityDisinherit)
    xTaskPriorityInherit                     0x0800c201   Thumb Code   114  tasks.o(i.xTaskPriorityInherit)
    xTaskRemoveFromEventList                 0x0800c27d   Thumb Code   100  tasks.o(i.xTaskRemoveFromEventList)
    xTaskResumeAll                           0x0800c2ed   Thumb Code   184  tasks.o(i.xTaskResumeAll)
    xTimerCreateTimerTask                    0x0800c3b1   Thumb Code    78  timers.o(i.xTimerCreateTimerTask)
    xTimerGenericCommand                     0x0800c411   Thumb Code    98  timers.o(i.xTimerGenericCommand)
    xTimerPendFunctionCallFromISR            0x0800c479   Thumb Code    34  timers.o(i.xTimerPendFunctionCallFromISR)
    _get_lc_numeric                          0x0800c4a1   Thumb Code    44  lc_numeric_c.o(locale$$code)
    _get_lc_ctype                            0x0800c4cd   Thumb Code    44  lc_ctype_c.o(locale$$code)
    _fp_init                                 0x0800c4f9   Thumb Code    10  fpinit.o(x$fpl$fpinit)
    __fplib_config_fpu_vfp                   0x0800c501   Thumb Code     0  fpinit.o(x$fpl$fpinit)
    __fplib_config_pureend_doubles           0x0800c501   Thumb Code     0  fpinit.o(x$fpl$fpinit)
    _printf_fp_dec                           0x0800c503   Thumb Code     4  printf1.o(x$fpl$printf1)
    _printf_fp_hex                           0x0800c507   Thumb Code     4  printf2.o(x$fpl$printf2)
    __I$use$fp                               0x0800c50a   Number         0  usenofp.o(x$fpl$usenofp)
    defaultTask_attributes                   0x0800c50c   Data          36  freertos.o(.constdata)
    UARTPrescTable                           0x0800c538   Data          24  stm32h7xx_hal_uart.o(.constdata)
    D1CorePrescTable                         0x0800c560   Data          16  system_stm32h7xx.o(.constdata)
    Region$$Table$$Base                      0x0800c880   Number         0  anon$$obj.o(Region$$Table)
    Region$$Table$$Limit                     0x0800c8a0   Number         0  anon$$obj.o(Region$$Table)
    __ctype                                  0x0800c8c9   Data           0  lc_ctype_c.o(locale$$data)
    defaultTaskHandle                        0x24000000   Data           4  freertos.o(.data)
    uwTickFreq                               0x24000004   Data           1  stm32h7xx_hal.o(.data)
    uwTickPrio                               0x24000008   Data           4  stm32h7xx_hal.o(.data)
    uwTick                                   0x2400000c   Data           4  stm32h7xx_hal.o(.data)
    SystemCoreClock                          0x24000010   Data           4  system_stm32h7xx.o(.data)
    SystemD2Clock                            0x24000014   Data           4  system_stm32h7xx.o(.data)
    pxCurrentTCB                             0x24000018   Data           4  tasks.o(.data)
    g_sysEventFlags                          0x24000098   Data           4  app_rtos.o(.data)
    g_gyroRxQueue                            0x2400009c   Data           4  app_rtos.o(.data)
    g_uiCmdQueue                             0x240000a0   Data           4  app_rtos.o(.data)
    g_loraTxQueue                            0x240000a4   Data           4  app_rtos.o(.data)
    g_loraRxQueue                            0x240000a8   Data           4  app_rtos.o(.data)
    g_returnCmdQueue                         0x240000ac   Data           4  app_rtos.o(.data)
    g_debugLogQueue                          0x240000b0   Data           4  app_rtos.o(.data)
    g_adcReadySem                            0x240000b4   Data           4  app_rtos.o(.data)
    g_spiDisplayMutex                        0x240000b8   Data           4  app_rtos.o(.data)
    g_spiTouchMutex                          0x240000bc   Data           4  app_rtos.o(.data)
    g_spiLoraMutex                           0x240000c0   Data           4  app_rtos.o(.data)
    g_i2cBusMutex                            0x240000c4   Data           4  app_rtos.o(.data)
    g_debugUartMutex                         0x240000c8   Data           4  app_rtos.o(.data)
    hadc1                                    0x24000184   Data         100  adc.o(.bss)
    hdma_adc1                                0x240001e8   Data         120  adc.o(.bss)
    hi2c1                                    0x24000260   Data          84  i2c.o(.bss)
    hspi1                                    0x240002b4   Data         136  spi.o(.bss)
    hspi2                                    0x2400033c   Data         136  spi.o(.bss)
    hspi4                                    0x240003c4   Data         136  spi.o(.bss)
    huart1                                   0x2400044c   Data         148  usart.o(.bss)
    huart2                                   0x240004e0   Data         148  usart.o(.bss)
    huart3                                   0x24000574   Data         148  usart.o(.bss)
    hdma_usart1_rx                           0x24000608   Data         120  usart.o(.bss)
    hdma_usart1_tx                           0x24000680   Data         120  usart.o(.bss)
    hdma_usart2_rx                           0x240006f8   Data         120  usart.o(.bss)
    hdma_usart2_tx                           0x24000770   Data         120  usart.o(.bss)
    htim17                                   0x240007e8   Data          76  stm32h7xx_hal_timebase_tim.o(.bss)
    xQueueRegistry                           0x24000834   Data          64  queue.o(.bss)
    __libspace_start                         0x2402174c   Data          96  libspace.o(.bss)
    __temporary_stack_top$libspace           0x240217ac   Data           0  libspace.o(.bss)



==============================================================================

Memory Map of the image

  Image Entry point : 0x08000299

  Load Region LR_IROM1 (Base: 0x08000000, Size: 0x0000cb50, Max: 0x00200000, ABSOLUTE, COMPRESSED[0x0000c9e0])

    Execution Region ER_IROM1 (Exec base: 0x08000000, Load base: 0x08000000, Size: 0x0000c9cc, Max: 0x00200000, ABSOLUTE)

    Exec Addr    Load Addr    Size         Type   Attr      Idx    E Section Name        Object

    0x08000000   0x08000000   0x00000298   Data   RO            3    RESET               startup_stm32h743xx.o
    0x08000298   0x08000298   0x00000008   Code   RO         8049  * !!!main             c_w.l(__main.o)
    0x080002a0   0x080002a0   0x00000034   Code   RO         8360    !!!scatter          c_w.l(__scatter.o)
    0x080002d4   0x080002d4   0x0000003a   Code   RO         8358    !!dczerorl          c_w.l(__dczerorl.o)
    0x0800030e   0x0800030e   0x00000002   PAD
    0x08000310   0x08000310   0x0000001c   Code   RO         8362    !!handler_zi        c_w.l(__scatter_zi.o)
    0x0800032c   0x0800032c   0x00000000   Code   RO         8036    .ARM.Collect$$_printf_percent$$00000000  c_w.l(_printf_percent.o)
    0x0800032c   0x0800032c   0x00000006   Code   RO         8105    .ARM.Collect$$_printf_percent$$00000001  c_w.l(_printf_n.o)
    0x08000332   0x08000332   0x00000006   Code   RO         8107    .ARM.Collect$$_printf_percent$$00000002  c_w.l(_printf_p.o)
    0x08000338   0x08000338   0x00000006   Code   RO         8112    .ARM.Collect$$_printf_percent$$00000003  c_w.l(_printf_f.o)
    0x0800033e   0x0800033e   0x00000006   Code   RO         8113    .ARM.Collect$$_printf_percent$$00000004  c_w.l(_printf_e.o)
    0x08000344   0x08000344   0x00000006   Code   RO         8114    .ARM.Collect$$_printf_percent$$00000005  c_w.l(_printf_g.o)
    0x0800034a   0x0800034a   0x00000006   Code   RO         8115    .ARM.Collect$$_printf_percent$$00000006  c_w.l(_printf_a.o)
    0x08000350   0x08000350   0x0000000a   Code   RO         8120    .ARM.Collect$$_printf_percent$$00000007  c_w.l(_printf_ll.o)
    0x0800035a   0x0800035a   0x00000006   Code   RO         8109    .ARM.Collect$$_printf_percent$$00000008  c_w.l(_printf_i.o)
    0x08000360   0x08000360   0x00000006   Code   RO         8110    .ARM.Collect$$_printf_percent$$00000009  c_w.l(_printf_d.o)
    0x08000366   0x08000366   0x00000006   Code   RO         8111    .ARM.Collect$$_printf_percent$$0000000A  c_w.l(_printf_u.o)
    0x0800036c   0x0800036c   0x00000006   Code   RO         8108    .ARM.Collect$$_printf_percent$$0000000B  c_w.l(_printf_o.o)
    0x08000372   0x08000372   0x00000006   Code   RO         8106    .ARM.Collect$$_printf_percent$$0000000C  c_w.l(_printf_x.o)
    0x08000378   0x08000378   0x00000006   Code   RO         8117    .ARM.Collect$$_printf_percent$$0000000D  c_w.l(_printf_lli.o)
    0x0800037e   0x0800037e   0x00000006   Code   RO         8118    .ARM.Collect$$_printf_percent$$0000000E  c_w.l(_printf_lld.o)
    0x08000384   0x08000384   0x00000006   Code   RO         8119    .ARM.Collect$$_printf_percent$$0000000F  c_w.l(_printf_llu.o)
    0x0800038a   0x0800038a   0x00000006   Code   RO         8124    .ARM.Collect$$_printf_percent$$00000010  c_w.l(_printf_llo.o)
    0x08000390   0x08000390   0x00000006   Code   RO         8125    .ARM.Collect$$_printf_percent$$00000011  c_w.l(_printf_llx.o)
    0x08000396   0x08000396   0x0000000a   Code   RO         8121    .ARM.Collect$$_printf_percent$$00000012  c_w.l(_printf_l.o)
    0x080003a0   0x080003a0   0x00000006   Code   RO         8104    .ARM.Collect$$_printf_percent$$00000013  c_w.l(_printf_c.o)
    0x080003a6   0x080003a6   0x00000006   Code   RO         8035    .ARM.Collect$$_printf_percent$$00000014  c_w.l(_printf_s.o)
    0x080003ac   0x080003ac   0x00000006   Code   RO         8122    .ARM.Collect$$_printf_percent$$00000015  c_w.l(_printf_lc.o)
    0x080003b2   0x080003b2   0x00000006   Code   RO         8123    .ARM.Collect$$_printf_percent$$00000016  c_w.l(_printf_ls.o)
    0x080003b8   0x080003b8   0x00000004   Code   RO         8116    .ARM.Collect$$_printf_percent$$00000017  c_w.l(_printf_percent_end.o)
    0x080003bc   0x080003bc   0x00000002   Code   RO         8218    .ARM.Collect$$libinit$$00000000  c_w.l(libinit.o)
    0x080003be   0x080003be   0x00000004   Code   RO         8240    .ARM.Collect$$libinit$$00000001  c_w.l(libinit2.o)
    0x080003c2   0x080003c2   0x00000000   Code   RO         8243    .ARM.Collect$$libinit$$00000004  c_w.l(libinit2.o)
    0x080003c2   0x080003c2   0x00000000   Code   RO         8246    .ARM.Collect$$libinit$$0000000A  c_w.l(libinit2.o)
    0x080003c2   0x080003c2   0x00000000   Code   RO         8248    .ARM.Collect$$libinit$$0000000C  c_w.l(libinit2.o)
    0x080003c2   0x080003c2   0x00000000   Code   RO         8250    .ARM.Collect$$libinit$$0000000E  c_w.l(libinit2.o)
    0x080003c2   0x080003c2   0x00000006   Code   RO         8251    .ARM.Collect$$libinit$$0000000F  c_w.l(libinit2.o)
    0x080003c8   0x080003c8   0x00000000   Code   RO         8253    .ARM.Collect$$libinit$$00000011  c_w.l(libinit2.o)
    0x080003c8   0x080003c8   0x0000000c   Code   RO         8254    .ARM.Collect$$libinit$$00000012  c_w.l(libinit2.o)
    0x080003d4   0x080003d4   0x00000000   Code   RO         8255    .ARM.Collect$$libinit$$00000013  c_w.l(libinit2.o)
    0x080003d4   0x080003d4   0x00000000   Code   RO         8257    .ARM.Collect$$libinit$$00000015  c_w.l(libinit2.o)
    0x080003d4   0x080003d4   0x0000000a   Code   RO         8258    .ARM.Collect$$libinit$$00000016  c_w.l(libinit2.o)
    0x080003de   0x080003de   0x00000000   Code   RO         8259    .ARM.Collect$$libinit$$00000017  c_w.l(libinit2.o)
    0x080003de   0x080003de   0x00000000   Code   RO         8261    .ARM.Collect$$libinit$$00000019  c_w.l(libinit2.o)
    0x080003de   0x080003de   0x00000000   Code   RO         8263    .ARM.Collect$$libinit$$0000001B  c_w.l(libinit2.o)
    0x080003de   0x080003de   0x00000000   Code   RO         8265    .ARM.Collect$$libinit$$0000001D  c_w.l(libinit2.o)
    0x080003de   0x080003de   0x00000000   Code   RO         8267    .ARM.Collect$$libinit$$0000001F  c_w.l(libinit2.o)
    0x080003de   0x080003de   0x00000000   Code   RO         8269    .ARM.Collect$$libinit$$00000021  c_w.l(libinit2.o)
    0x080003de   0x080003de   0x00000000   Code   RO         8271    .ARM.Collect$$libinit$$00000023  c_w.l(libinit2.o)
    0x080003de   0x080003de   0x00000000   Code   RO         8273    .ARM.Collect$$libinit$$00000025  c_w.l(libinit2.o)
    0x080003de   0x080003de   0x00000000   Code   RO         8277    .ARM.Collect$$libinit$$0000002C  c_w.l(libinit2.o)
    0x080003de   0x080003de   0x00000000   Code   RO         8279    .ARM.Collect$$libinit$$0000002E  c_w.l(libinit2.o)
    0x080003de   0x080003de   0x00000000   Code   RO         8281    .ARM.Collect$$libinit$$00000030  c_w.l(libinit2.o)
    0x080003de   0x080003de   0x00000000   Code   RO         8283    .ARM.Collect$$libinit$$00000032  c_w.l(libinit2.o)
    0x080003de   0x080003de   0x00000002   Code   RO         8284    .ARM.Collect$$libinit$$00000033  c_w.l(libinit2.o)
    0x080003e0   0x080003e0   0x00000002   Code   RO         8315    .ARM.Collect$$libshutdown$$00000000  c_w.l(libshutdown.o)
    0x080003e2   0x080003e2   0x00000000   Code   RO         8341    .ARM.Collect$$libshutdown$$00000002  c_w.l(libshutdown2.o)
    0x080003e2   0x080003e2   0x00000000   Code   RO         8343    .ARM.Collect$$libshutdown$$00000004  c_w.l(libshutdown2.o)
    0x080003e2   0x080003e2   0x00000000   Code   RO         8346    .ARM.Collect$$libshutdown$$00000007  c_w.l(libshutdown2.o)
    0x080003e2   0x080003e2   0x00000000   Code   RO         8349    .ARM.Collect$$libshutdown$$0000000A  c_w.l(libshutdown2.o)
    0x080003e2   0x080003e2   0x00000000   Code   RO         8351    .ARM.Collect$$libshutdown$$0000000C  c_w.l(libshutdown2.o)
    0x080003e2   0x080003e2   0x00000000   Code   RO         8354    .ARM.Collect$$libshutdown$$0000000F  c_w.l(libshutdown2.o)
    0x080003e2   0x080003e2   0x00000002   Code   RO         8355    .ARM.Collect$$libshutdown$$00000010  c_w.l(libshutdown2.o)
    0x080003e4   0x080003e4   0x00000000   Code   RO         8051    .ARM.Collect$$rtentry$$00000000  c_w.l(__rtentry.o)
    0x080003e4   0x080003e4   0x00000000   Code   RO         8137    .ARM.Collect$$rtentry$$00000002  c_w.l(__rtentry2.o)
    0x080003e4   0x080003e4   0x00000006   Code   RO         8149    .ARM.Collect$$rtentry$$00000004  c_w.l(__rtentry4.o)
    0x080003ea   0x080003ea   0x00000000   Code   RO         8139    .ARM.Collect$$rtentry$$00000009  c_w.l(__rtentry2.o)
    0x080003ea   0x080003ea   0x00000004   Code   RO         8140    .ARM.Collect$$rtentry$$0000000A  c_w.l(__rtentry2.o)
    0x080003ee   0x080003ee   0x00000000   Code   RO         8142    .ARM.Collect$$rtentry$$0000000C  c_w.l(__rtentry2.o)
    0x080003ee   0x080003ee   0x00000008   Code   RO         8143    .ARM.Collect$$rtentry$$0000000D  c_w.l(__rtentry2.o)
    0x080003f6   0x080003f6   0x00000002   Code   RO         8227    .ARM.Collect$$rtexit$$00000000  c_w.l(rtexit.o)
    0x080003f8   0x080003f8   0x00000000   Code   RO         8288    .ARM.Collect$$rtexit$$00000002  c_w.l(rtexit2.o)
    0x080003f8   0x080003f8   0x00000004   Code   RO         8289    .ARM.Collect$$rtexit$$00000003  c_w.l(rtexit2.o)
    0x080003fc   0x080003fc   0x00000006   Code   RO         8290    .ARM.Collect$$rtexit$$00000004  c_w.l(rtexit2.o)
    0x08000402   0x08000402   0x00000002   PAD
    0x08000404   0x08000404   0x000000be   Code   RO         7150    .emb_text           port.o
    0x080004c2   0x080004c2   0x00000002   PAD
    0x080004c4   0x080004c4   0x00000048   Code   RO            4    .text               startup_stm32h743xx.o
    0x0800050c   0x0800050c   0x000000ee   Code   RO         8003    .text               c_w.l(lludivv7m.o)
    0x080005fa   0x080005fa   0x00000002   PAD
    0x080005fc   0x080005fc   0x00000034   Code   RO         8005    .text               c_w.l(vsnprintf.o)
    0x08000630   0x08000630   0x00000038   Code   RO         8007    .text               c_w.l(__2snprintf.o)
    0x08000668   0x08000668   0x00000052   Code   RO         8013    .text               c_w.l(_printf_str.o)
    0x080006ba   0x080006ba   0x00000002   PAD
    0x080006bc   0x080006bc   0x00000188   Code   RO         8032    .text               c_w.l(__printf_flags_ss_wp.o)
    0x08000844   0x08000844   0x0000008a   Code   RO         8037    .text               c_w.l(rt_memcpy_v6.o)
    0x080008ce   0x080008ce   0x00000064   Code   RO         8039    .text               c_w.l(rt_memcpy_w.o)
    0x08000932   0x08000932   0x00000010   Code   RO         8043    .text               c_w.l(aeabi_memset.o)
    0x08000942   0x08000942   0x0000004e   Code   RO         8045    .text               c_w.l(rt_memclr_w.o)
    0x08000990   0x08000990   0x00000006   Code   RO         8047    .text               c_w.l(heapauxi.o)
    0x08000996   0x08000996   0x0000004e   Code   RO         8056    .text               c_w.l(_printf_pad.o)
    0x080009e4   0x080009e4   0x00000024   Code   RO         8058    .text               c_w.l(_printf_truncate.o)
    0x08000a08   0x08000a08   0x00000078   Code   RO         8060    .text               c_w.l(_printf_dec.o)
    0x08000a80   0x08000a80   0x00000028   Code   RO         8062    .text               c_w.l(_printf_charcount.o)
    0x08000aa8   0x08000aa8   0x00000030   Code   RO         8064    .text               c_w.l(_printf_char_common.o)
    0x08000ad8   0x08000ad8   0x0000000a   Code   RO         8066    .text               c_w.l(_sputc.o)
    0x08000ae2   0x08000ae2   0x00000010   Code   RO         8068    .text               c_w.l(_snputc.o)
    0x08000af2   0x08000af2   0x0000002c   Code   RO         8070    .text               c_w.l(_printf_char.o)
    0x08000b1e   0x08000b1e   0x00000002   PAD
    0x08000b20   0x08000b20   0x000000bc   Code   RO         8072    .text               c_w.l(_printf_wctomb.o)
    0x08000bdc   0x08000bdc   0x0000007c   Code   RO         8075    .text               c_w.l(_printf_longlong_dec.o)
    0x08000c58   0x08000c58   0x00000070   Code   RO         8081    .text               c_w.l(_printf_oct_int_ll.o)
    0x08000cc8   0x08000cc8   0x00000094   Code   RO         8101    .text               c_w.l(_printf_hex_int_ll_ptr.o)
    0x08000d5c   0x08000d5c   0x00000044   Code   RO         8126    .text               c_w.l(rt_memclr.o)
    0x08000da0   0x08000da0   0x0000008a   Code   RO         8153    .text               c_w.l(lludiv10.o)
    0x08000e2a   0x08000e2a   0x000000b2   Code   RO         8155    .text               c_w.l(_printf_intcommon.o)
    0x08000edc   0x08000edc   0x0000041e   Code   RO         8157    .text               c_w.l(_printf_fp_dec.o)
    0x080012fa   0x080012fa   0x00000002   PAD
    0x080012fc   0x080012fc   0x000002fc   Code   RO         8159    .text               c_w.l(_printf_fp_hex.o)
    0x080015f8   0x080015f8   0x0000002c   Code   RO         8164    .text               c_w.l(_printf_wchar.o)
    0x08001624   0x08001624   0x00000040   Code   RO         8166    .text               c_w.l(_wcrtomb.o)
    0x08001664   0x08001664   0x0000004a   Code   RO         8168    .text               c_w.l(sys_stackheap_outer.o)
    0x080016ae   0x080016ae   0x00000002   PAD
    0x080016b0   0x080016b0   0x00000010   Code   RO         8170    .text               c_w.l(rt_ctype_table.o)
    0x080016c0   0x080016c0   0x00000008   Code   RO         8175    .text               c_w.l(rt_locale_intlibspace.o)
    0x080016c8   0x080016c8   0x00000080   Code   RO         8177    .text               c_w.l(_printf_fp_infnan.o)
    0x08001748   0x08001748   0x000000e4   Code   RO         8179    .text               c_w.l(bigflt0.o)
    0x0800182c   0x0800182c   0x00000012   Code   RO         8207    .text               c_w.l(exit.o)
    0x0800183e   0x0800183e   0x00000002   PAD
    0x08001840   0x08001840   0x00000008   Code   RO         8224    .text               c_w.l(libspace.o)
    0x08001848   0x08001848   0x00000068   Code   RO         8238    .text               c_w.l(strcmpv7m_pel.o)
    0x080018b0   0x080018b0   0x0000000c   Code   RO         8285    .text               c_w.l(sys_exit.o)
    0x080018bc   0x080018bc   0x00000002   Code   RO         8304    .text               c_w.l(use_no_semi.o)
    0x080018be   0x080018be   0x00000000   Code   RO         8306    .text               c_w.l(indicate_semi.o)
    0x080018be   0x080018be   0x0000003e   Code   RO         8182    CL$$btod_d2e        c_w.l(btod.o)
    0x080018fc   0x080018fc   0x00000046   Code   RO         8184    CL$$btod_d2e_denorm_low  c_w.l(btod.o)
    0x08001942   0x08001942   0x00000060   Code   RO         8183    CL$$btod_d2e_norm_op1  c_w.l(btod.o)
    0x080019a2   0x080019a2   0x00000338   Code   RO         8192    CL$$btod_div_common  c_w.l(btod.o)
    0x08001cda   0x08001cda   0x000000dc   Code   RO         8189    CL$$btod_e2e        c_w.l(btod.o)
    0x08001db6   0x08001db6   0x0000002a   Code   RO         8186    CL$$btod_ediv       c_w.l(btod.o)
    0x08001de0   0x08001de0   0x0000002a   Code   RO         8185    CL$$btod_emul       c_w.l(btod.o)
    0x08001e0a   0x08001e0a   0x00000244   Code   RO         8191    CL$$btod_mult_common  c_w.l(btod.o)
    0x0800204e   0x0800204e   0x00000002   PAD
    0x08002050   0x08002050   0x00000108   Code   RO         1709    i.ADC_ConfigureBoostMode  stm32h7xx_hal_adc.o
    0x08002158   0x08002158   0x000000e4   Code   RO         1710    i.ADC_ConversionStop  stm32h7xx_hal_adc.o
    0x0800223c   0x0800223c   0x00000068   Code   RO         1711    i.ADC_DMAConvCplt   stm32h7xx_hal_adc.o
    0x080022a4   0x080022a4   0x0000001a   Code   RO         1712    i.ADC_DMAError      stm32h7xx_hal_adc.o
    0x080022be   0x080022be   0x0000000a   Code   RO         1713    i.ADC_DMAHalfConvCplt  stm32h7xx_hal_adc.o
    0x080022c8   0x080022c8   0x00000070   Code   RO         1714    i.ADC_Disable       stm32h7xx_hal_adc.o
    0x08002338   0x08002338   0x000000a8   Code   RO         1715    i.ADC_Enable        stm32h7xx_hal_adc.o
    0x080023e0   0x080023e0   0x0000000c   Code   RO          527    i.ADC_IRQHandler    stm32h7xx_it.o
    0x080023ec   0x080023ec   0x00000040   Code   RO         7613    i.App_DebugLog      task_debug.o
    0x0800242c   0x0800242c   0x00000018   Code   RO         7230    i.App_Error         app_rtos.o
    0x08002444   0x08002444   0x0000013c   Code   RO         7468    i.App_GyroDecodeFrame  task_gyro.o
    0x08002580   0x08002580   0x0000001c   Code   RO         7469    i.App_GyroHardwareInit  task_gyro.o
    0x0800259c   0x0800259c   0x00000070   Code   RO         7231    i.App_InitPeripherals  app_rtos.o
    0x0800260c   0x0800260c   0x00000030   Code   RO         7656    i.App_LoraHardwareInit  task_lora.o
    0x0800263c   0x0800263c   0x00000004   Code   RO         7704    i.App_ReturnOnStart  task_return.o
    0x08002640   0x08002640   0x00000002   Code   RO         7705    i.App_ReturnOnStop  task_return.o
    0x08002642   0x08002642   0x00000004   Code   RO         7706    i.App_ReturnStep    task_return.o
    0x08002646   0x08002646   0x00000002   PAD
    0x08002648   0x08002648   0x00000100   Code   RO         7232    i.App_RtosCreateObjects  app_rtos.o
    0x08002748   0x08002748   0x00000004   Code   RO         7751    i.App_Spo2HardwareInit  task_spo2.o
    0x0800274c   0x0800274c   0x00000004   Code   RO         7752    i.App_Spo2ReadSample  task_spo2.o
    0x08002750   0x08002750   0x00000118   Code   RO         7233    i.App_StartRuntimeTasks  app_rtos.o
    0x08002868   0x08002868   0x00000034   Code   RO         7324    i.App_StateAddFault  app_state.o
    0x0800289c   0x0800289c   0x00000090   Code   RO         7330    i.App_StateGetSnapshot  app_state.o
    0x0800292c   0x0800292c   0x00000078   Code   RO         7334    i.App_StateInit     app_state.o
    0x080029a4   0x080029a4   0x00000034   Code   RO         7335    i.App_StateSetAdc   app_state.o
    0x080029d8   0x080029d8   0x00000034   Code   RO         7336    i.App_StateSetGyro  app_state.o
    0x08002a0c   0x08002a0c   0x00000030   Code   RO         7337    i.App_StateSetInitResult  app_state.o
    0x08002a3c   0x08002a3c   0x00000034   Code   RO         7338    i.App_StateSetLora  app_state.o
    0x08002a70   0x08002a70   0x00000034   Code   RO         7340    i.App_StateSetReturn  app_state.o
    0x08002aa4   0x08002aa4   0x00000034   Code   RO         7341    i.App_StateSetSpo2  app_state.o
    0x08002ad8   0x08002ad8   0x00000034   Code   RO         7343    i.App_StateSetUi    app_state.o
    0x08002b0c   0x08002b0c   0x00000030   Code   RO         7793    i.App_UiHardwareInit  task_ui.o
    0x08002b3c   0x08002b3c   0x00000004   Code   RO         7794    i.App_UiPollTouch   task_ui.o
    0x08002b40   0x08002b40   0x00000002   Code   RO         7795    i.App_UiRender      task_ui.o
    0x08002b42   0x08002b42   0x00000002   Code   RO          528    i.BusFault_Handler  stm32h7xx_it.o
    0x08002b44   0x08002b44   0x0000000c   Code   RO          529    i.DMA1_Stream0_IRQHandler  stm32h7xx_it.o
    0x08002b50   0x08002b50   0x0000000c   Code   RO          530    i.DMA1_Stream1_IRQHandler  stm32h7xx_it.o
    0x08002b5c   0x08002b5c   0x0000000c   Code   RO          531    i.DMA1_Stream2_IRQHandler  stm32h7xx_it.o
    0x08002b68   0x08002b68   0x0000000c   Code   RO          532    i.DMA1_Stream3_IRQHandler  stm32h7xx_it.o
    0x08002b74   0x08002b74   0x0000000c   Code   RO          533    i.DMA1_Stream4_IRQHandler  stm32h7xx_it.o
    0x08002b80   0x08002b80   0x000000b4   Code   RO         2792    i.DMA_CalcBaseAndBitshift  stm32h7xx_hal_dma.o
    0x08002c34   0x08002c34   0x0000009c   Code   RO         2793    i.DMA_CalcDMAMUXChannelBaseAndMask  stm32h7xx_hal_dma.o
    0x08002cd0   0x08002cd0   0x00000074   Code   RO         2794    i.DMA_CalcDMAMUXRequestGenBaseAndMask  stm32h7xx_hal_dma.o
    0x08002d44   0x08002d44   0x00000054   Code   RO         2795    i.DMA_CheckFifoParam  stm32h7xx_hal_dma.o
    0x08002d98   0x08002d98   0x00000220   Code   RO         2796    i.DMA_SetConfig     stm32h7xx_hal_dma.o
    0x08002fb8   0x08002fb8   0x00000002   Code   RO          534    i.DebugMon_Handler  stm32h7xx_it.o
    0x08002fba   0x08002fba   0x00000004   Code   RO           13    i.Error_Handler     main.o
    0x08002fbe   0x08002fbe   0x00000002   PAD
    0x08002fc0   0x08002fc0   0x0000001c   Code   RO         5429    i.ExitRun0Mode      system_stm32h7xx.o
    0x08002fdc   0x08002fdc   0x00000002   Code   RO         1930    i.HAL_ADCEx_EndOfSamplingCallback  stm32h7xx_hal_adc_ex.o
    0x08002fde   0x08002fde   0x00000002   Code   RO         1933    i.HAL_ADCEx_InjectedConvCpltCallback  stm32h7xx_hal_adc_ex.o
    0x08002fe0   0x08002fe0   0x00000002   Code   RO         1936    i.HAL_ADCEx_InjectedQueueOverflowCallback  stm32h7xx_hal_adc_ex.o
    0x08002fe2   0x08002fe2   0x00000002   Code   RO         1941    i.HAL_ADCEx_LevelOutOfWindow2Callback  stm32h7xx_hal_adc_ex.o
    0x08002fe4   0x08002fe4   0x00000002   Code   RO         1942    i.HAL_ADCEx_LevelOutOfWindow3Callback  stm32h7xx_hal_adc_ex.o
    0x08002fe6   0x08002fe6   0x00000002   PAD
    0x08002fe8   0x08002fe8   0x00000128   Code   RO         1946    i.HAL_ADCEx_MultiModeConfigChannel  stm32h7xx_hal_adc_ex.o
    0x08003110   0x08003110   0x00000420   Code   RO         1717    i.HAL_ADC_ConfigChannel  stm32h7xx_hal_adc.o
    0x08003530   0x08003530   0x0000001c   Code   RO         7544    i.HAL_ADC_ConvCpltCallback  task_adc.o
    0x0800354c   0x0800354c   0x00000002   Code   RO         1719    i.HAL_ADC_ConvHalfCpltCallback  stm32h7xx_hal_adc.o
    0x0800354e   0x0800354e   0x00000002   PAD
    0x08003550   0x08003550   0x00000018   Code   RO         7545    i.HAL_ADC_ErrorCallback  task_adc.o
    0x08003568   0x08003568   0x00000004   Code   RO         1723    i.HAL_ADC_GetState  stm32h7xx_hal_adc.o
    0x0800356c   0x0800356c   0x00000290   Code   RO         1725    i.HAL_ADC_IRQHandler  stm32h7xx_hal_adc.o
    0x080037fc   0x080037fc   0x00000228   Code   RO         1726    i.HAL_ADC_Init      stm32h7xx_hal_adc.o
    0x08003a24   0x08003a24   0x00000002   Code   RO         1727    i.HAL_ADC_LevelOutOfWindowCallback  stm32h7xx_hal_adc.o
    0x08003a26   0x08003a26   0x00000002   PAD
    0x08003a28   0x08003a28   0x00000100   Code   RO          312    i.HAL_ADC_MspInit   adc.o
    0x08003b28   0x08003b28   0x00000108   Code   RO         1733    i.HAL_ADC_Start_DMA  stm32h7xx_hal_adc.o
    0x08003c30   0x08003c30   0x0000007a   Code   RO         1736    i.HAL_ADC_Stop_DMA  stm32h7xx_hal_adc.o
    0x08003caa   0x08003caa   0x00000002   PAD
    0x08003cac   0x08003cac   0x00000360   Code   RO         2797    i.HAL_DMA_Abort     stm32h7xx_hal_dma.o
    0x0800400c   0x0800400c   0x00000284   Code   RO         2798    i.HAL_DMA_Abort_IT  stm32h7xx_hal_dma.o
    0x08004290   0x08004290   0x000006e8   Code   RO         2802    i.HAL_DMA_IRQHandler  stm32h7xx_hal_dma.o
    0x08004978   0x08004978   0x000003c4   Code   RO         2803    i.HAL_DMA_Init      stm32h7xx_hal_dma.o
    0x08004d3c   0x08004d3c   0x0000029c   Code   RO         2807    i.HAL_DMA_Start_IT  stm32h7xx_hal_dma.o
    0x08004fd8   0x08004fd8   0x00000024   Code   RO         3659    i.HAL_Delay         stm32h7xx_hal.o
    0x08004ffc   0x08004ffc   0x0000022c   Code   RO         2645    i.HAL_GPIO_Init     stm32h7xx_hal_gpio.o
    0x08005228   0x08005228   0x0000000a   Code   RO         2649    i.HAL_GPIO_WritePin  stm32h7xx_hal_gpio.o
    0x08005232   0x08005232   0x00000002   PAD
    0x08005234   0x08005234   0x0000000c   Code   RO         3670    i.HAL_GetREVID      stm32h7xx_hal.o
    0x08005240   0x08005240   0x0000000c   Code   RO         3671    i.HAL_GetTick       stm32h7xx_hal.o
    0x0800524c   0x0800524c   0x00000058   Code   RO         4436    i.HAL_I2CEx_ConfigAnalogFilter  stm32h7xx_hal_i2c_ex.o
    0x080052a4   0x080052a4   0x00000054   Code   RO         4437    i.HAL_I2CEx_ConfigDigitalFilter  stm32h7xx_hal_i2c_ex.o
    0x080052f8   0x080052f8   0x000000c0   Code   RO         3975    i.HAL_I2C_Init      stm32h7xx_hal_i2c.o
    0x080053b8   0x080053b8   0x00000084   Code   RO          378    i.HAL_I2C_MspInit   i2c.o
    0x0800543c   0x0800543c   0x00000010   Code   RO         3677    i.HAL_IncTick       stm32h7xx_hal.o
    0x0800544c   0x0800544c   0x0000005c   Code   RO         3678    i.HAL_Init          stm32h7xx_hal.o
    0x080054a8   0x080054a8   0x00000084   Code   RO          663    i.HAL_InitTick      stm32h7xx_hal_timebase_tim.o
    0x0800552c   0x0800552c   0x0000005c   Code   RO         3500    i.HAL_MPU_ConfigRegion  stm32h7xx_hal_cortex.o
    0x08005588   0x08005588   0x0000001c   Code   RO         3501    i.HAL_MPU_Disable   stm32h7xx_hal_cortex.o
    0x080055a4   0x080055a4   0x00000024   Code   RO         3503    i.HAL_MPU_Enable    stm32h7xx_hal_cortex.o
    0x080055c8   0x080055c8   0x00000024   Code   RO          639    i.HAL_MspInit       stm32h7xx_hal_msp.o
    0x080055ec   0x080055ec   0x0000001a   Code   RO         3507    i.HAL_NVIC_EnableIRQ  stm32h7xx_hal_cortex.o
    0x08005606   0x08005606   0x00000002   PAD
    0x08005608   0x08005608   0x00000040   Code   RO         3513    i.HAL_NVIC_SetPriority  stm32h7xx_hal_cortex.o
    0x08005648   0x08005648   0x00000024   Code   RO         3514    i.HAL_NVIC_SetPriorityGrouping  stm32h7xx_hal_cortex.o
    0x0800566c   0x0800566c   0x00000054   Code   RO         3246    i.HAL_PWREx_ConfigSupply  stm32h7xx_hal_pwr_ex.o
    0x080056c0   0x080056c0   0x00000024   Code   RO         2266    i.HAL_RCCEx_GetD3PCLK1Freq  stm32h7xx_hal_rcc_ex.o
    0x080056e4   0x080056e4   0x00000148   Code   RO         2267    i.HAL_RCCEx_GetPLL1ClockFreq  stm32h7xx_hal_rcc_ex.o
    0x0800582c   0x0800582c   0x00000144   Code   RO         2268    i.HAL_RCCEx_GetPLL2ClockFreq  stm32h7xx_hal_rcc_ex.o
    0x08005970   0x08005970   0x00000144   Code   RO         2269    i.HAL_RCCEx_GetPLL3ClockFreq  stm32h7xx_hal_rcc_ex.o
    0x08005ab4   0x08005ab4   0x000002c8   Code   RO         2271    i.HAL_RCCEx_GetPeriphCLKFreq  stm32h7xx_hal_rcc_ex.o
    0x08005d7c   0x08005d7c   0x000009ac   Code   RO         2275    i.HAL_RCCEx_PeriphCLKConfig  stm32h7xx_hal_rcc_ex.o
    0x08006728   0x08006728   0x0000025c   Code   RO         2151    i.HAL_RCC_ClockConfig  stm32h7xx_hal_rcc.o
    0x08006984   0x08006984   0x0000005c   Code   RO         2155    i.HAL_RCC_GetClockConfig  stm32h7xx_hal_rcc.o
    0x080069e0   0x080069e0   0x00000044   Code   RO         2156    i.HAL_RCC_GetHCLKFreq  stm32h7xx_hal_rcc.o
    0x08006a24   0x08006a24   0x00000024   Code   RO         2158    i.HAL_RCC_GetPCLK1Freq  stm32h7xx_hal_rcc.o
    0x08006a48   0x08006a48   0x00000024   Code   RO         2159    i.HAL_RCC_GetPCLK2Freq  stm32h7xx_hal_rcc.o
    0x08006a6c   0x08006a6c   0x00000138   Code   RO         2160    i.HAL_RCC_GetSysClockFreq  stm32h7xx_hal_rcc.o
    0x08006ba4   0x08006ba4   0x00000582   Code   RO         2163    i.HAL_RCC_OscConfig  stm32h7xx_hal_rcc.o
    0x08007126   0x08007126   0x00000002   PAD
    0x08007128   0x08007128   0x0000017c   Code   RO         4573    i.HAL_SPI_Init      stm32h7xx_hal_spi.o
    0x080072a4   0x080072a4   0x00000188   Code   RO          420    i.HAL_SPI_MspInit   spi.o
    0x0800742c   0x0800742c   0x00000002   Code   RO         1418    i.HAL_TIMEx_Break2Callback  stm32h7xx_hal_tim_ex.o
    0x0800742e   0x0800742e   0x00000002   Code   RO         1419    i.HAL_TIMEx_BreakCallback  stm32h7xx_hal_tim_ex.o
    0x08007430   0x08007430   0x00000002   Code   RO         1420    i.HAL_TIMEx_CommutCallback  stm32h7xx_hal_tim_ex.o
    0x08007432   0x08007432   0x00000062   Code   RO          704    i.HAL_TIM_Base_Init  stm32h7xx_hal_tim.o
    0x08007494   0x08007494   0x00000002   Code   RO          706    i.HAL_TIM_Base_MspInit  stm32h7xx_hal_tim.o
    0x08007496   0x08007496   0x00000002   PAD
    0x08007498   0x08007498   0x0000008c   Code   RO          709    i.HAL_TIM_Base_Start_IT  stm32h7xx_hal_tim.o
    0x08007524   0x08007524   0x00000002   Code   RO          738    i.HAL_TIM_IC_CaptureCallback  stm32h7xx_hal_tim.o
    0x08007526   0x08007526   0x00000148   Code   RO          752    i.HAL_TIM_IRQHandler  stm32h7xx_hal_tim.o
    0x0800766e   0x0800766e   0x00000002   Code   RO          755    i.HAL_TIM_OC_DelayElapsedCallback  stm32h7xx_hal_tim.o
    0x08007670   0x08007670   0x00000002   Code   RO          782    i.HAL_TIM_PWM_PulseFinishedCallback  stm32h7xx_hal_tim.o
    0x08007672   0x08007672   0x00000002   PAD
    0x08007674   0x08007674   0x00000014   Code   RO           14    i.HAL_TIM_PeriodElapsedCallback  main.o
    0x08007688   0x08007688   0x00000002   Code   RO          795    i.HAL_TIM_TriggerCallback  stm32h7xx_hal_tim.o
    0x0800768a   0x0800768a   0x00000040   Code   RO         5311    i.HAL_UARTEx_DisableFifoMode  stm32h7xx_hal_uart_ex.o
    0x080076ca   0x080076ca   0x0000004a   Code   RO         5317    i.HAL_UARTEx_ReceiveToIdle_DMA  stm32h7xx_hal_uart_ex.o
    0x08007714   0x08007714   0x0000006c   Code   RO         7470    i.HAL_UARTEx_RxEventCallback  task_gyro.o
    0x08007780   0x08007780   0x00000002   Code   RO         5319    i.HAL_UARTEx_RxFifoFullCallback  stm32h7xx_hal_uart_ex.o
    0x08007782   0x08007782   0x0000004c   Code   RO         5320    i.HAL_UARTEx_SetRxFifoThreshold  stm32h7xx_hal_uart_ex.o
    0x080077ce   0x080077ce   0x0000004c   Code   RO         5321    i.HAL_UARTEx_SetTxFifoThreshold  stm32h7xx_hal_uart_ex.o
    0x0800781a   0x0800781a   0x00000002   Code   RO         5323    i.HAL_UARTEx_TxFifoEmptyCallback  stm32h7xx_hal_uart_ex.o
    0x0800781c   0x0800781c   0x00000002   Code   RO         5324    i.HAL_UARTEx_WakeupCallback  stm32h7xx_hal_uart_ex.o
    0x0800781e   0x0800781e   0x00000002   PAD
    0x08007820   0x08007820   0x00000034   Code   RO         7471    i.HAL_UART_ErrorCallback  task_gyro.o
    0x08007854   0x08007854   0x0000039c   Code   RO         4919    i.HAL_UART_IRQHandler  stm32h7xx_hal_uart.o
    0x08007bf0   0x08007bf0   0x0000006a   Code   RO         4920    i.HAL_UART_Init     stm32h7xx_hal_uart.o
    0x08007c5a   0x08007c5a   0x00000002   PAD
    0x08007c5c   0x08007c5c   0x00000258   Code   RO          474    i.HAL_UART_MspInit  usart.o
    0x08007eb4   0x08007eb4   0x00000002   Code   RO         4927    i.HAL_UART_RxCpltCallback  stm32h7xx_hal_uart.o
    0x08007eb6   0x08007eb6   0x00000002   Code   RO         4928    i.HAL_UART_RxHalfCpltCallback  stm32h7xx_hal_uart.o
    0x08007eb8   0x08007eb8   0x000000b0   Code   RO         4929    i.HAL_UART_Transmit  stm32h7xx_hal_uart.o
    0x08007f68   0x08007f68   0x00000002   Code   RO         4932    i.HAL_UART_TxCpltCallback  stm32h7xx_hal_uart.o
    0x08007f6a   0x08007f6a   0x00000002   Code   RO          535    i.HardFault_Handler  stm32h7xx_it.o
    0x08007f6c   0x08007f6c   0x0000006c   Code   RO         7234    i.InitTask          app_rtos.o
    0x08007fd8   0x08007fd8   0x00000008   Code   RO         1738    i.LL_ADC_INJ_IsConversionOngoing  stm32h7xx_hal_adc.o
    0x08007fe0   0x08007fe0   0x00000008   Code   RO         1739    i.LL_ADC_REG_IsConversionOngoing  stm32h7xx_hal_adc.o
    0x08007fe8   0x08007fe8   0x00000008   Code   RO         1956    i.LL_ADC_REG_IsConversionOngoing  stm32h7xx_hal_adc_ex.o
    0x08007ff0   0x08007ff0   0x00000010   Code   RO         1740    i.LL_ADC_REG_IsTriggerSourceSWStart  stm32h7xx_hal_adc.o
    0x08008000   0x08008000   0x000000ac   Code   RO          313    i.MX_ADC1_Init      adc.o
    0x080080ac   0x080080ac   0x0000006c   Code   RO          353    i.MX_DMA_Init       dma.o
    0x08008118   0x08008118   0x00000024   Code   RO          264    i.MX_FREERTOS_Init  freertos.o
    0x0800813c   0x0800813c   0x00000134   Code   RO          240    i.MX_GPIO_Init      gpio.o
    0x08008270   0x08008270   0x00000058   Code   RO          379    i.MX_I2C1_Init      i2c.o
    0x080082c8   0x080082c8   0x00000058   Code   RO          421    i.MX_SPI1_Init      spi.o
    0x08008320   0x08008320   0x0000005c   Code   RO          422    i.MX_SPI2_Init      spi.o
    0x0800837c   0x0800837c   0x00000058   Code   RO          423    i.MX_SPI4_Init      spi.o
    0x080083d4   0x080083d4   0x00000068   Code   RO          475    i.MX_USART1_UART_Init  usart.o
    0x0800843c   0x0800843c   0x00000068   Code   RO          476    i.MX_USART2_UART_Init  usart.o
    0x080084a4   0x080084a4   0x00000068   Code   RO          477    i.MX_USART3_UART_Init  usart.o
    0x0800850c   0x0800850c   0x00000002   Code   RO          536    i.MemManage_Handler  stm32h7xx_it.o
    0x0800850e   0x0800850e   0x00000002   Code   RO          537    i.NMI_Handler       stm32h7xx_it.o
    0x08008510   0x08008510   0x00000120   Code   RO         2278    i.RCCEx_PLL2_Config  stm32h7xx_hal_rcc_ex.o
    0x08008630   0x08008630   0x00000120   Code   RO         2279    i.RCCEx_PLL3_Config  stm32h7xx_hal_rcc_ex.o
    0x08008750   0x08008750   0x00000008   Code   RO          265    i.StartDefaultTask  freertos.o
    0x08008758   0x08008758   0x0000001a   Code   RO         6582    i.SysTick_Handler   cmsis_os2.o
    0x08008772   0x08008772   0x00000002   PAD
    0x08008774   0x08008774   0x000000a8   Code   RO           15    i.SystemClock_Config  main.o
    0x0800881c   0x0800881c   0x000000f8   Code   RO         5431    i.SystemInit        system_stm32h7xx.o
    0x08008914   0x08008914   0x0000000c   Code   RO          538    i.TIM17_IRQHandler  stm32h7xx_it.o
    0x08008920   0x08008920   0x000000cc   Code   RO          797    i.TIM_Base_SetConfig  stm32h7xx_hal_tim.o
    0x080089ec   0x080089ec   0x000000dc   Code   RO         7546    i.Task_AdcEntry     task_adc.o
    0x08008ac8   0x08008ac8   0x0000001c   Code   RO         7547    i.Task_AdcInitHardware  task_adc.o
    0x08008ae4   0x08008ae4   0x0000009c   Code   RO         7589    i.Task_ControlEntry  task_control.o
    0x08008b80   0x08008b80   0x00000078   Code   RO         7614    i.Task_DebugEntry   task_debug.o
    0x08008bf8   0x08008bf8   0x00000004   Code   RO         7615    i.Task_DebugInitHardware  task_debug.o
    0x08008bfc   0x08008bfc   0x000000b8   Code   RO         7472    i.Task_GyroEntry    task_gyro.o
    0x08008cb4   0x08008cb4   0x0000002c   Code   RO         7473    i.Task_GyroInitHardware  task_gyro.o
    0x08008ce0   0x08008ce0   0x000000c4   Code   RO         7474    i.Task_GyroStartRx  task_gyro.o
    0x08008da4   0x08008da4   0x00000034   Code   RO         7659    i.Task_LoraEntry    task_lora.o
    0x08008dd8   0x08008dd8   0x0000000a   Code   RO         7660    i.Task_LoraInitHardware  task_lora.o
    0x08008de2   0x08008de2   0x00000002   PAD
    0x08008de4   0x08008de4   0x000001a8   Code   RO         7707    i.Task_ReturnEntry  task_return.o
    0x08008f8c   0x08008f8c   0x0000009c   Code   RO         7753    i.Task_Spo2Entry    task_spo2.o
    0x08009028   0x08009028   0x00000038   Code   RO         7754    i.Task_Spo2InitHardware  task_spo2.o
    0x08009060   0x08009060   0x000000d8   Code   RO         7796    i.Task_UiEntry      task_ui.o
    0x08009138   0x08009138   0x00000008   Code   RO         7797    i.Task_UiInitHardware  task_ui.o
    0x08009140   0x08009140   0x00000044   Code   RO         5325    i.UARTEx_SetNbDataToProcess  stm32h7xx_hal_uart_ex.o
    0x08009184   0x08009184   0x000000c8   Code   RO         4934    i.UART_AdvFeatureConfig  stm32h7xx_hal_uart.o
    0x0800924c   0x0800924c   0x000000aa   Code   RO         4935    i.UART_CheckIdleState  stm32h7xx_hal_uart.o
    0x080092f6   0x080092f6   0x00000010   Code   RO         4936    i.UART_DMAAbortOnError  stm32h7xx_hal_uart.o
    0x08009306   0x08009306   0x0000004e   Code   RO         4937    i.UART_DMAError     stm32h7xx_hal_uart.o
    0x08009354   0x08009354   0x00000082   Code   RO         4938    i.UART_DMAReceiveCplt  stm32h7xx_hal_uart.o
    0x080093d6   0x080093d6   0x00000020   Code   RO         4940    i.UART_DMARxHalfCplt  stm32h7xx_hal_uart.o
    0x080093f6   0x080093f6   0x00000002   PAD
    0x080093f8   0x080093f8   0x00000054   Code   RO         4946    i.UART_EndRxTransfer  stm32h7xx_hal_uart.o
    0x0800944c   0x0800944c   0x0000002e   Code   RO         4947    i.UART_EndTxTransfer  stm32h7xx_hal_uart.o
    0x0800947a   0x0800947a   0x00000002   PAD
    0x0800947c   0x0800947c   0x000003ac   Code   RO         4952    i.UART_SetConfig    stm32h7xx_hal_uart.o
    0x08009828   0x08009828   0x000000a8   Code   RO         4953    i.UART_Start_Receive_DMA  stm32h7xx_hal_uart.o
    0x080098d0   0x080098d0   0x00000094   Code   RO         4959    i.UART_WaitOnFlagUntilTimeout  stm32h7xx_hal_uart.o
    0x08009964   0x08009964   0x0000000c   Code   RO          539    i.USART1_IRQHandler  stm32h7xx_it.o
    0x08009970   0x08009970   0x0000000c   Code   RO          540    i.USART2_IRQHandler  stm32h7xx_it.o
    0x0800997c   0x0800997c   0x00000002   Code   RO          541    i.UsageFault_Handler  stm32h7xx_it.o
    0x0800997e   0x0800997e   0x00000002   PAD
    0x08009980   0x08009980   0x00000018   Code   RO         7841    i.WitImu_AccRawToMps2  wit_imu.o
    0x08009998   0x08009998   0x00000018   Code   RO         7842    i.WitImu_AngleRawToDeg  wit_imu.o
    0x080099b0   0x080099b0   0x00000052   Code   RO         7843    i.WitImu_ConfigureJY901P  wit_imu.o
    0x08009a02   0x08009a02   0x00000002   PAD
    0x08009a04   0x08009a04   0x0000001c   Code   RO         7844    i.WitImu_CopyData   wit_imu.o
    0x08009a20   0x08009a20   0x00000018   Code   RO         7846    i.WitImu_GyroRawToRps  wit_imu.o
    0x08009a38   0x08009a38   0x00000020   Code   RO         7847    i.WitImu_Init       wit_imu.o
    0x08009a58   0x08009a58   0x00000030   Code   RO         7848    i.WitImu_ParseBuffer  wit_imu.o
    0x08009a88   0x08009a88   0x0000007c   Code   RO         7849    i.WitImu_ParseByte  wit_imu.o
    0x08009b04   0x08009b04   0x00000018   Code   RO         7850    i.WitImu_QuatRawToFloat  wit_imu.o
    0x08009b1c   0x08009b1c   0x00000010   Code   RO         7851    i.WitImu_ReadRegisters  wit_imu.o
    0x08009b2c   0x08009b2c   0x00000008   Code   RO         7852    i.WitImu_SaveConfig  wit_imu.o
    0x08009b34   0x08009b34   0x00000008   Code   RO         7854    i.WitImu_SetGyroBandwidth98Hz  wit_imu.o
    0x08009b3c   0x08009b3c   0x00000008   Code   RO         7855    i.WitImu_SetOutput  wit_imu.o
    0x08009b44   0x08009b44   0x00000008   Code   RO         7856    i.WitImu_SetReportRate  wit_imu.o
    0x08009b4c   0x08009b4c   0x00000014   Code   RO         7858    i.WitImu_TakeSampleReady  wit_imu.o
    0x08009b60   0x08009b60   0x0000000a   Code   RO         7861    i.WitImu_Unlock     wit_imu.o
    0x08009b6a   0x08009b6a   0x00000030   Code   RO         8222    i.__ARM_fpclassify  m_wv.l(fpclassify.o)
    0x08009b9a   0x08009b9a   0x00000022   Code   RO         3520    i.__NVIC_SetPriority  stm32h7xx_hal_cortex.o
    0x08009bbc   0x08009bbc   0x0000000e   Code   RO         8025    i._is_digit         c_w.l(__printf_wp.o)
    0x08009bca   0x08009bca   0x0000008a   Code   RO           16    i.main              main.o
    0x08009c54   0x08009c54   0x0000001c   Code   RO         6584    i.osDelay           cmsis_os2.o
    0x08009c70   0x08009c70   0x0000002e   Code   RO         6585    i.osDelayUntil      cmsis_os2.o
    0x08009c9e   0x08009c9e   0x0000002c   Code   RO         6589    i.osEventFlagsNew   cmsis_os2.o
    0x08009cca   0x08009cca   0x00000002   PAD
    0x08009ccc   0x08009ccc   0x00000054   Code   RO         6590    i.osEventFlagsSet   cmsis_os2.o
    0x08009d20   0x08009d20   0x00000062   Code   RO         6591    i.osEventFlagsWait  cmsis_os2.o
    0x08009d82   0x08009d82   0x0000000e   Code   RO         6596    i.osKernelGetTickCount  cmsis_os2.o
    0x08009d90   0x08009d90   0x00000024   Code   RO         6598    i.osKernelInitialize  cmsis_os2.o
    0x08009db4   0x08009db4   0x00000038   Code   RO         6601    i.osKernelStart     cmsis_os2.o
    0x08009dec   0x08009dec   0x00000064   Code   RO         6613    i.osMessageQueueGet  cmsis_os2.o
    0x08009e50   0x08009e50   0x00000058   Code   RO         6618    i.osMessageQueueNew  cmsis_os2.o
    0x08009ea8   0x08009ea8   0x00000068   Code   RO         6619    i.osMessageQueuePut  cmsis_os2.o
    0x08009f10   0x08009f10   0x00000052   Code   RO         6621    i.osMutexAcquire    cmsis_os2.o
    0x08009f62   0x08009f62   0x00000068   Code   RO         6624    i.osMutexNew        cmsis_os2.o
    0x08009fca   0x08009fca   0x00000042   Code   RO         6625    i.osMutexRelease    cmsis_os2.o
    0x0800a00c   0x0800a00c   0x00000060   Code   RO         6626    i.osSemaphoreAcquire  cmsis_os2.o
    0x0800a06c   0x0800a06c   0x00000098   Code   RO         6629    i.osSemaphoreNew    cmsis_os2.o
    0x0800a104   0x0800a104   0x0000005c   Code   RO         6630    i.osSemaphoreRelease  cmsis_os2.o
    0x0800a160   0x0800a160   0x00000008   Code   RO         6632    i.osThreadExit      cmsis_os2.o
    0x0800a168   0x0800a168   0x00000090   Code   RO         6643    i.osThreadNew       cmsis_os2.o
    0x0800a1f8   0x0800a1f8   0x00000198   Code   RO         7864    i.parse_frame       wit_imu.o
    0x0800a390   0x0800a390   0x0000005c   Code   RO         6043    i.prvAddCurrentTaskToDelayedList  tasks.o
    0x0800a3ec   0x0800a3ec   0x000000d0   Code   RO         6044    i.prvAddNewTaskToReadyList  tasks.o
    0x0800a4bc   0x0800a4bc   0x00000058   Code   RO         6408    i.prvCheckForValidListAndQueue  timers.o
    0x0800a514   0x0800a514   0x00000026   Code   RO         5640    i.prvCopyDataFromQueue  queue.o
    0x0800a53a   0x0800a53a   0x0000006c   Code   RO         5641    i.prvCopyDataToQueue  queue.o
    0x0800a5a6   0x0800a5a6   0x00000034   Code   RO         6045    i.prvDeleteTCB      tasks.o
    0x0800a5da   0x0800a5da   0x00000002   PAD
    0x0800a5dc   0x0800a5dc   0x00000050   Code   RO         7095    i.prvHeapInit       heap_4.o
    0x0800a62c   0x0800a62c   0x00000060   Code   RO         6046    i.prvIdleTask       tasks.o
    0x0800a68c   0x0800a68c   0x00000016   Code   RO         5642    i.prvInitialiseMutex  queue.o
    0x0800a6a2   0x0800a6a2   0x00000002   PAD
    0x0800a6a4   0x0800a6a4   0x00000022   Code   RO         5643    i.prvInitialiseNewQueue  queue.o
    0x0800a6c6   0x0800a6c6   0x000000b0   Code   RO         6047    i.prvInitialiseNewTask  tasks.o
    0x0800a776   0x0800a776   0x00000002   PAD
    0x0800a778   0x0800a778   0x0000004c   Code   RO         7096    i.prvInsertBlockIntoFreeList  heap_4.o
    0x0800a7c4   0x0800a7c4   0x0000003c   Code   RO         6410    i.prvInsertTimerInActiveList  timers.o
    0x0800a800   0x0800a800   0x0000001c   Code   RO         5644    i.prvIsQueueEmpty   queue.o
    0x0800a81c   0x0800a81c   0x000000f8   Code   RO         6411    i.prvProcessReceivedCommands  timers.o
    0x0800a914   0x0800a914   0x000000c0   Code   RO         6412    i.prvProcessTimerOrBlockTask  timers.o
    0x0800a9d4   0x0800a9d4   0x00000020   Code   RO         6049    i.prvResetNextTaskUnblockTime  tasks.o
    0x0800a9f4   0x0800a9f4   0x00000028   Code   RO         6413    i.prvSampleTimeNow  timers.o
    0x0800aa1c   0x0800aa1c   0x0000006c   Code   RO         6414    i.prvSwitchTimerLists  timers.o
    0x0800aa88   0x0800aa88   0x00000028   Code   RO         7151    i.prvTaskExitError  port.o
    0x0800aab0   0x0800aab0   0x00000018   Code   RO         5478    i.prvTestWaitCondition  event_groups.o
    0x0800aac8   0x0800aac8   0x00000024   Code   RO         6415    i.prvTimerTask      timers.o
    0x0800aaec   0x0800aaec   0x0000006a   Code   RO         5645    i.prvUnlockQueue    queue.o
    0x0800ab56   0x0800ab56   0x00000002   PAD
    0x0800ab58   0x0800ab58   0x000000dc   Code   RO         7097    i.pvPortMalloc      heap_4.o
    0x0800ac34   0x0800ac34   0x00000018   Code   RO         6052    i.pvTaskIncrementMutexHeldCount  tasks.o
    0x0800ac4c   0x0800ac4c   0x00000030   Code   RO         7152    i.pxPortInitialiseStack  port.o
    0x0800ac7c   0x0800ac7c   0x00000006   Code   RO         7708    i.task_return_set_mode  task_return.o
    0x0800ac82   0x0800ac82   0x00000026   Code   RO         5600    i.uxListRemove      list.o
    0x0800aca8   0x0800aca8   0x00000018   Code   RO         6061    i.uxTaskResetEventItemValue  tasks.o
    0x0800acc0   0x0800acc0   0x00000018   Code   RO         6655    i.vApplicationGetIdleTaskMemory  cmsis_os2.o
    0x0800acd8   0x0800acd8   0x00000018   Code   RO         6656    i.vApplicationGetTimerTaskMemory  cmsis_os2.o
    0x0800acf0   0x0800acf0   0x00000004   Code   RO         5482    i.vEventGroupSetBitsCallback  event_groups.o
    0x0800acf4   0x0800acf4   0x00000016   Code   RO         5601    i.vListInitialise   list.o
    0x0800ad0a   0x0800ad0a   0x00000006   Code   RO         5602    i.vListInitialiseItem  list.o
    0x0800ad10   0x0800ad10   0x00000030   Code   RO         5603    i.vListInsert       list.o
    0x0800ad40   0x0800ad40   0x00000018   Code   RO         5604    i.vListInsertEnd    list.o
    0x0800ad58   0x0800ad58   0x00000040   Code   RO         7154    i.vPortEnterCritical  port.o
    0x0800ad98   0x0800ad98   0x00000028   Code   RO         7155    i.vPortExitCritical  port.o
    0x0800adc0   0x0800adc0   0x00000064   Code   RO         7098    i.vPortFree         heap_4.o
    0x0800ae24   0x0800ae24   0x00000024   Code   RO         7156    i.vPortSetupTimerInterrupt  port.o
    0x0800ae48   0x0800ae48   0x00000054   Code   RO         7157    i.vPortValidateInterruptPriority  port.o
    0x0800ae9c   0x0800ae9c   0x00000028   Code   RO         5651    i.vQueueAddToRegistry  queue.o
    0x0800aec4   0x0800aec4   0x0000002e   Code   RO         5652    i.vQueueDelete      queue.o
    0x0800aef2   0x0800aef2   0x00000002   PAD
    0x0800aef4   0x0800aef4   0x00000028   Code   RO         5654    i.vQueueUnregisterQueue  queue.o
    0x0800af1c   0x0800af1c   0x00000044   Code   RO         5655    i.vQueueWaitForMessageRestricted  queue.o
    0x0800af60   0x0800af60   0x0000004c   Code   RO         6062    i.vTaskDelay        tasks.o
    0x0800afac   0x0800afac   0x0000008c   Code   RO         6063    i.vTaskDelayUntil   tasks.o
    0x0800b038   0x0800b038   0x00000090   Code   RO         6064    i.vTaskDelete       tasks.o
    0x0800b0c8   0x0800b0c8   0x00000010   Code   RO         6067    i.vTaskInternalSetTimeOutState  tasks.o
    0x0800b0d8   0x0800b0d8   0x0000000c   Code   RO         6068    i.vTaskMissedYield  tasks.o
    0x0800b0e4   0x0800b0e4   0x00000030   Code   RO         6070    i.vTaskPlaceOnEventList  tasks.o
    0x0800b114   0x0800b114   0x00000038   Code   RO         6071    i.vTaskPlaceOnEventListRestricted  tasks.o
    0x0800b14c   0x0800b14c   0x00000050   Code   RO         6072    i.vTaskPlaceOnUnorderedEventList  tasks.o
    0x0800b19c   0x0800b19c   0x00000090   Code   RO         6073    i.vTaskPriorityDisinheritAfterTimeout  tasks.o
    0x0800b22c   0x0800b22c   0x00000070   Code   RO         6075    i.vTaskRemoveFromUnorderedEventList  tasks.o
    0x0800b29c   0x0800b29c   0x00000088   Code   RO         6079    i.vTaskStartScheduler  tasks.o
    0x0800b324   0x0800b324   0x00000010   Code   RO         6081    i.vTaskSuspendAll   tasks.o
    0x0800b334   0x0800b334   0x00000064   Code   RO         6082    i.vTaskSwitchContext  tasks.o
    0x0800b398   0x0800b398   0x00000038   Code   RO         7865    i.write_reg         wit_imu.o
    0x0800b3d0   0x0800b3d0   0x0000001c   Code   RO         5486    i.xEventGroupCreate  event_groups.o
    0x0800b3ec   0x0800b3ec   0x0000002a   Code   RO         5487    i.xEventGroupCreateStatic  event_groups.o
    0x0800b416   0x0800b416   0x00000002   PAD
    0x0800b418   0x0800b418   0x00000090   Code   RO         5489    i.xEventGroupSetBits  event_groups.o
    0x0800b4a8   0x0800b4a8   0x00000010   Code   RO         5490    i.xEventGroupSetBitsFromISR  event_groups.o
    0x0800b4b8   0x0800b4b8   0x00000108   Code   RO         5492    i.xEventGroupWaitBits  event_groups.o
    0x0800b5c0   0x0800b5c0   0x000000f4   Code   RO         7158    i.xPortStartScheduler  port.o
    0x0800b6b4   0x0800b6b4   0x0000002c   Code   RO         7159    i.xPortSysTickHandler  port.o
    0x0800b6e0   0x0800b6e0   0x0000003a   Code   RO         5656    i.xQueueCreateCountingSemaphore  queue.o
    0x0800b71a   0x0800b71a   0x00000040   Code   RO         5657    i.xQueueCreateCountingSemaphoreStatic  queue.o
    0x0800b75a   0x0800b75a   0x00000016   Code   RO         5658    i.xQueueCreateMutex  queue.o
    0x0800b770   0x0800b770   0x0000001a   Code   RO         5659    i.xQueueCreateMutexStatic  queue.o
    0x0800b78a   0x0800b78a   0x00000042   Code   RO         5660    i.xQueueGenericCreate  queue.o
    0x0800b7cc   0x0800b7cc   0x00000066   Code   RO         5661    i.xQueueGenericCreateStatic  queue.o
    0x0800b832   0x0800b832   0x00000002   PAD
    0x0800b834   0x0800b834   0x00000094   Code   RO         5662    i.xQueueGenericReset  queue.o
    0x0800b8c8   0x0800b8c8   0x00000160   Code   RO         5663    i.xQueueGenericSend  queue.o
    0x0800ba28   0x0800ba28   0x000000be   Code   RO         5664    i.xQueueGenericSendFromISR  queue.o
    0x0800bae6   0x0800bae6   0x0000009c   Code   RO         5667    i.xQueueGiveFromISR  queue.o
    0x0800bb82   0x0800bb82   0x0000003e   Code   RO         5668    i.xQueueGiveMutexRecursive  queue.o
    0x0800bbc0   0x0800bbc0   0x0000013c   Code   RO         5673    i.xQueueReceive     queue.o
    0x0800bcfc   0x0800bcfc   0x0000009c   Code   RO         5674    i.xQueueReceiveFromISR  queue.o
    0x0800bd98   0x0800bd98   0x0000017c   Code   RO         5675    i.xQueueSemaphoreTake  queue.o
    0x0800bf14   0x0800bf14   0x0000003c   Code   RO         5676    i.xQueueTakeMutexRecursive  queue.o
    0x0800bf50   0x0800bf50   0x00000078   Code   RO         6084    i.xTaskCheckForTimeOut  tasks.o
    0x0800bfc8   0x0800bfc8   0x0000005a   Code   RO         6085    i.xTaskCreate       tasks.o
    0x0800c022   0x0800c022   0x00000056   Code   RO         6086    i.xTaskCreateStatic  tasks.o
    0x0800c078   0x0800c078   0x0000000c   Code   RO         6089    i.xTaskGetCurrentTaskHandle  tasks.o
    0x0800c084   0x0800c084   0x0000001c   Code   RO         6090    i.xTaskGetSchedulerState  tasks.o
    0x0800c0a0   0x0800c0a0   0x0000000c   Code   RO         6091    i.xTaskGetTickCount  tasks.o
    0x0800c0ac   0x0800c0ac   0x00000010   Code   RO         6092    i.xTaskGetTickCountFromISR  tasks.o
    0x0800c0bc   0x0800c0bc   0x000000c8   Code   RO         6093    i.xTaskIncrementTick  tasks.o
    0x0800c184   0x0800c184   0x0000007c   Code   RO         6096    i.xTaskPriorityDisinherit  tasks.o
    0x0800c200   0x0800c200   0x0000007c   Code   RO         6097    i.xTaskPriorityInherit  tasks.o
    0x0800c27c   0x0800c27c   0x00000070   Code   RO         6098    i.xTaskRemoveFromEventList  tasks.o
    0x0800c2ec   0x0800c2ec   0x000000c4   Code   RO         6099    i.xTaskResumeAll    tasks.o
    0x0800c3b0   0x0800c3b0   0x00000060   Code   RO         6424    i.xTimerCreateTimerTask  timers.o
    0x0800c410   0x0800c410   0x00000068   Code   RO         6425    i.xTimerGenericCommand  timers.o
    0x0800c478   0x0800c478   0x00000028   Code   RO         6431    i.xTimerPendFunctionCallFromISR  timers.o
    0x0800c4a0   0x0800c4a0   0x0000002c   Code   RO         8205    locale$$code        c_w.l(lc_numeric_c.o)
    0x0800c4cc   0x0800c4cc   0x0000002c   Code   RO         8232    locale$$code        c_w.l(lc_ctype_c.o)
    0x0800c4f8   0x0800c4f8   0x0000000a   Code   RO         8300    x$fpl$fpinit        fz_wv.l(fpinit.o)
    0x0800c502   0x0800c502   0x00000004   Code   RO         8128    x$fpl$printf1       fz_wv.l(printf1.o)
    0x0800c506   0x0800c506   0x00000004   Code   RO         8130    x$fpl$printf2       fz_wv.l(printf2.o)
    0x0800c50a   0x0800c50a   0x00000000   Code   RO         8221    x$fpl$usenofp       fz_wv.l(usenofp.o)
    0x0800c50a   0x0800c50a   0x00000002   PAD
    0x0800c50c   0x0800c50c   0x00000024   Data   RO          266    .constdata          freertos.o
    0x0800c530   0x0800c530   0x00000008   Data   RO         2809    .constdata          stm32h7xx_hal_dma.o
    0x0800c538   0x0800c538   0x00000018   Data   RO         4960    .constdata          stm32h7xx_hal_uart.o
    0x0800c550   0x0800c550   0x00000010   Data   RO         5326    .constdata          stm32h7xx_hal_uart_ex.o
    0x0800c560   0x0800c560   0x00000010   Data   RO         5432    .constdata          system_stm32h7xx.o
    0x0800c570   0x0800c570   0x00000144   Data   RO         7235    .constdata          app_rtos.o
    0x0800c6b4   0x0800c6b4   0x00000011   Data   RO         8033    .constdata          c_w.l(__printf_flags_ss_wp.o)
    0x0800c6c5   0x0800c6c5   0x00000003   PAD
    0x0800c6c8   0x0800c6c8   0x00000008   Data   RO         8073    .constdata          c_w.l(_printf_wctomb.o)
    0x0800c6d0   0x0800c6d0   0x00000028   Data   RO         8102    .constdata          c_w.l(_printf_hex_int_ll_ptr.o)
    0x0800c6f8   0x0800c6f8   0x00000026   Data   RO         8160    .constdata          c_w.l(_printf_fp_hex.o)
    0x0800c71e   0x0800c71e   0x00000002   PAD
    0x0800c720   0x0800c720   0x00000094   Data   RO         8180    .constdata          c_w.l(bigflt0.o)
    0x0800c7b4   0x0800c7b4   0x0000000c   Data   RO          267    .conststring        freertos.o
    0x0800c7c0   0x0800c7c0   0x00000061   Data   RO         7236    .conststring        app_rtos.o
    0x0800c821   0x0800c821   0x00000003   PAD
    0x0800c824   0x0800c824   0x00000059   Data   RO         7475    .conststring        task_gyro.o
    0x0800c87d   0x0800c87d   0x00000003   PAD
    0x0800c880   0x0800c880   0x00000020   Data   RO         8356    Region$$Table       anon$$obj.o
    0x0800c8a0   0x0800c8a0   0x0000001c   Data   RO         8204    locale$$data        c_w.l(lc_numeric_c.o)
    0x0800c8bc   0x0800c8bc   0x00000110   Data   RO         8231    locale$$data        c_w.l(lc_ctype_c.o)


    Execution Region RW_IRAM1 (Exec base: 0x20000000, Load base: 0x0800c9cc, Size: 0x00000000, Max: 0x00020000, ABSOLUTE)

    **** No section assigned to this execution region ****


    Execution Region RW_IRAM2 (Exec base: 0x24000000, Load base: 0x0800c9cc, Size: 0x00021db0, Max: 0x00080000, ABSOLUTE, COMPRESSED[0x00000014])

    Exec Addr    Load Addr    Size         Type   Attr      Idx    E Section Name        Object

    0x24000000   COMPRESSED   0x00000004   Data   RW          268    .data               freertos.o
    0x24000004   COMPRESSED   0x0000000c   Data   RW         3700    .data               stm32h7xx_hal.o
    0x24000010   COMPRESSED   0x00000008   Data   RW         5433    .data               system_stm32h7xx.o
    0x24000018   COMPRESSED   0x0000003c   Data   RW         6102    .data               tasks.o
    0x24000054   COMPRESSED   0x00000014   Data   RW         6433    .data               timers.o
    0x24000068   COMPRESSED   0x00000004   Data   RW         6658    .data               cmsis_os2.o
    0x2400006c   COMPRESSED   0x00000020   Data   RW         7104    .data               heap_4.o
    0x2400008c   COMPRESSED   0x0000000c   Data   RW         7160    .data               port.o
    0x24000098   COMPRESSED   0x00000058   Data   RW         7237    .data               app_rtos.o
    0x240000f0   COMPRESSED   0x00000004   Data   RW         7345    .data               app_state.o
    0x240000f4   COMPRESSED   0x00000008   Data   RW         7476    .data               task_gyro.o
    0x240000fc   COMPRESSED   0x00000004   Data   RW         7548    .data               task_adc.o
    0x24000100   COMPRESSED   0x0000000c   Data   RW         7867    .data               wit_imu.o
    0x2400010c   COMPRESSED   0x00000014   PAD
    0x24000120   COMPRESSED   0x00000060   Data   RW         7477    .dma_buffer         task_gyro.o
    0x24000180   COMPRESSED   0x00000004   Data   RW         7549    .dma_buffer         task_adc.o
    0x24000184        -       0x000000dc   Zero   RW          314    .bss                adc.o
    0x24000260        -       0x00000054   Zero   RW          380    .bss                i2c.o
    0x240002b4        -       0x00000198   Zero   RW          424    .bss                spi.o
    0x2400044c        -       0x0000039c   Zero   RW          478    .bss                usart.o
    0x240007e8        -       0x0000004c   Zero   RW          666    .bss                stm32h7xx_hal_timebase_tim.o
    0x24000834        -       0x00000040   Zero   RW         5677    .bss                queue.o
    0x24000874        -       0x000004c4   Zero   RW         6101    .bss                tasks.o
    0x24000d38        -       0x00000118   Zero   RW         6432    .bss                timers.o
    0x24000e50        -       0x000006b8   Zero   RW         6657    .bss                cmsis_os2.o
    0x24001508        -       0x00020000   Zero   RW         7103    .bss                heap_4.o
    0x24021508        -       0x000001e0   Zero   RW         7344    .bss                app_state.o
    0x240216e8        -       0x00000064   Zero   RW         7866    .bss                wit_imu.o
    0x2402174c        -       0x00000060   Zero   RW         8225    .bss                c_w.l(libspace.o)
    0x240217ac   COMPRESSED   0x00000004   PAD
    0x240217b0        -       0x00000200   Zero   RW            2    HEAP                startup_stm32h743xx.o
    0x240219b0        -       0x00000400   Zero   RW            1    STACK               startup_stm32h743xx.o


==============================================================================

Image component sizes


      Code (inc. data)   RO Data    RW Data    ZI Data      Debug   Object Name

       428         40          0          0        220       2095   adc.o
       780         96        421         88          0       9588   app_rtos.o
       676         98          0          4        480       6921   app_state.o
      1516         46          0          4       1720      85357   cmsis_os2.o
       108          4          0          0          0        898   dma.o
       522          8          0          0          0      27398   event_groups.o
        44         12         48          4          0       1793   freertos.o
       308         20          0          0          0       1171   gpio.o
       476         24          0         32     131072       4887   heap_4.o
       220         24          0          0         84       1829   i2c.o
       138          0          0          0          0       3582   list.o
       330         16          0          0          0    1367044   main.o
       790         84          0         12          0      11449   port.o
      2688         30          0          0         64      29940   queue.o
       660         56          0          0        408       3371   spi.o
        72         30        664          0       1536        832   startup_stm32h743xx.o
       168         36          0         12          0      22665   stm32h7xx_hal.o
      3602        288          0          0          0      79676   stm32h7xx_hal_adc.o
       314         22          0          0          0      65964   stm32h7xx_hal_adc_ex.o
       316         28          0          0          0      40952   stm32h7xx_hal_cortex.o
      5988        246          8          0          0      11770   stm32h7xx_hal_dma.o
       566         50          0          0          0       2284   stm32h7xx_hal_gpio.o
       192          6          0          0          0       3335   stm32h7xx_hal_i2c.o
       172          0          0          0          0       2043   stm32h7xx_hal_i2c_ex.o
        36          4          0          0          0        918   stm32h7xx_hal_msp.o
        84          6          0          0          0        773   stm32h7xx_hal_pwr_ex.o
      2558        110          0          0          0       7765   stm32h7xx_hal_rcc.o
      4776        174          0          0          0      10451   stm32h7xx_hal_rcc_ex.o
       380         14          0          0          0       1687   stm32h7xx_hal_spi.o
       780         68          0          0          0       7524   stm32h7xx_hal_tim.o
         6          0          0          0          0       2252   stm32h7xx_hal_tim_ex.o
       132         22          0          0         76       1540   stm32h7xx_hal_timebase_tim.o
      3224        150         24          0          0      34423   stm32h7xx_hal_uart.o
       364          6         16          0          0       6285   stm32h7xx_hal_uart_ex.o
       120         54          0          0          0       6803   stm32h7xx_it.o
         0          0          0          0          0        392   stream_buffer.o
       276         48         16          8          0       1953   system_stm32h7xx.o
       300         56          0          8          0       3214   task_adc.o
       156         70          0          0          0       1284   task_control.o
       188         30          0          0          0       2358   task_debug.o
       928         80         89        104          0       8307   task_gyro.o
       110         14          0          0          0       1592   task_lora.o
       440         88          0          0          0       3475   task_return.o
       220         16          0          0          0       2909   task_spo2.o
       278         30          0          0          0       3315   task_ui.o
      2904        236          0         60       1220      34817   tasks.o
      1012         90          0         20        280      32755   timers.o
       912         74          0          0        924       3840   usart.o
       952         68          0         12        100      13822   wit_imu.o

    ----------------------------------------------------------------------
     42266       2772       1324        388     138184    1981298   Object Totals
         0          0         32          0          0          0   (incl. Generated)
        56          0          6         20          0          0   (incl. Padding)

    ----------------------------------------------------------------------

      Code (inc. data)   RO Data    RW Data    ZI Data      Debug   Library Member Name

        56          6          0          0          0         88   __2snprintf.o
        58          0          0          0          0          0   __dczerorl.o
         8          0          0          0          0         68   __main.o
       392          4         17          0          0         92   __printf_flags_ss_wp.o
        14          0          0          0          0         68   __printf_wp.o
         0          0          0          0          0          0   __rtentry.o
        12          0          0          0          0          0   __rtentry2.o
         6          0          0          0          0          0   __rtentry4.o
        52          8          0          0          0          0   __scatter.o
        28          0          0          0          0          0   __scatter_zi.o
         6          0          0          0          0          0   _printf_a.o
         6          0          0          0          0          0   _printf_c.o
        44          0          0          0          0        108   _printf_char.o
        48          6          0          0          0         96   _printf_char_common.o
        40          0          0          0          0         68   _printf_charcount.o
         6          0          0          0          0          0   _printf_d.o
       120         16          0          0          0         92   _printf_dec.o
         6          0          0          0          0          0   _printf_e.o
         6          0          0          0          0          0   _printf_f.o
      1054          0          0          0          0        216   _printf_fp_dec.o
       764          8         38          0          0        100   _printf_fp_hex.o
       128         16          0          0          0         84   _printf_fp_infnan.o
         6          0          0          0          0          0   _printf_g.o
       148          4         40          0          0        160   _printf_hex_int_ll_ptr.o
         6          0          0          0          0          0   _printf_i.o
       178          0          0          0          0         88   _printf_intcommon.o
        10          0          0          0          0          0   _printf_l.o
         6          0          0          0          0          0   _printf_lc.o
        10          0          0          0          0          0   _printf_ll.o
         6          0          0          0          0          0   _printf_lld.o
         6          0          0          0          0          0   _printf_lli.o
         6          0          0          0          0          0   _printf_llo.o
         6          0          0          0          0          0   _printf_llu.o
         6          0          0          0          0          0   _printf_llx.o
       124         16          0          0          0         92   _printf_longlong_dec.o
         6          0          0          0          0          0   _printf_ls.o
         6          0          0          0          0          0   _printf_n.o
         6          0          0          0          0          0   _printf_o.o
       112         10          0          0          0        124   _printf_oct_int_ll.o
         6          0          0          0          0          0   _printf_p.o
        78          0          0          0          0        108   _printf_pad.o
         0          0          0          0          0          0   _printf_percent.o
         4          0          0          0          0          0   _printf_percent_end.o
         6          0          0          0          0          0   _printf_s.o
        82          0          0          0          0         80   _printf_str.o
        36          0          0          0          0         84   _printf_truncate.o
         6          0          0          0          0          0   _printf_u.o
        44          0          0          0          0        108   _printf_wchar.o
       188          6          8          0          0         92   _printf_wctomb.o
         6          0          0          0          0          0   _printf_x.o
        16          0          0          0          0         68   _snputc.o
        10          0          0          0          0         68   _sputc.o
        64          0          0          0          0         92   _wcrtomb.o
        16          0          0          0          0         68   aeabi_memset.o
       228          4        148          0          0         96   bigflt0.o
      1936        128          0          0          0        672   btod.o
        18          0          0          0          0         80   exit.o
         6          0          0          0          0        152   heapauxi.o
         0          0          0          0          0          0   indicate_semi.o
        44         10        272          0          0         76   lc_ctype_c.o
        44         10         28          0          0         76   lc_numeric_c.o
         2          0          0          0          0          0   libinit.o
        34          0          0          0          0          0   libinit2.o
         2          0          0          0          0          0   libshutdown.o
         2          0          0          0          0          0   libshutdown2.o
         8          4          0          0         96         68   libspace.o
       138          0          0          0          0         80   lludiv10.o
       238          0          0          0          0        100   lludivv7m.o
        16          4          0          0          0         76   rt_ctype_table.o
         8          4          0          0          0         68   rt_locale_intlibspace.o
        68          0          0          0          0         68   rt_memclr.o
        78          0          0          0          0         80   rt_memclr_w.o
       138          0          0          0          0         68   rt_memcpy_v6.o
       100          0          0          0          0         80   rt_memcpy_w.o
         2          0          0          0          0          0   rtexit.o
        10          0          0          0          0          0   rtexit2.o
       104          0          0          0          0         68   strcmpv7m_pel.o
        12          4          0          0          0         68   sys_exit.o
        74          0          0          0          0         80   sys_stackheap_outer.o
         2          0          0          0          0         68   use_no_semi.o
        52          4          0          0          0         80   vsnprintf.o
        10          0          0          0          0        116   fpinit.o
         4          0          0          0          0        116   printf1.o
         4          0          0          0          0        116   printf2.o
         0          0          0          0          0          0   usenofp.o
        48          0          0          0          0        124   fpclassify.o

    ----------------------------------------------------------------------
      7514        272        556          0        100       4988   Library Totals
        20          0          5          0          4          0   (incl. Padding)

    ----------------------------------------------------------------------

      Code (inc. data)   RO Data    RW Data    ZI Data      Debug   Library Name

      7428        272        551          0         96       4516   c_w.l
        18          0          0          0          0        348   fz_wv.l
        48          0          0          0          0        124   m_wv.l

    ----------------------------------------------------------------------
      7514        272        556          0        100       4988   Library Totals

    ----------------------------------------------------------------------

==============================================================================


      Code (inc. data)   RO Data    RW Data    ZI Data      Debug   

     49780       3044       1880        388     138284    1951990   Grand Totals
     49780       3044       1880         20     138284    1951990   ELF Image Totals (compressed)
     49780       3044       1880         20          0          0   ROM Totals

==============================================================================

    Total RO  Size (Code + RO Data)                51660 (  50.45kB)
    Total RW  Size (RW Data + ZI Data)            138672 ( 135.42kB)
    Total ROM Size (Code + RO Data + RW Data)      51680 (  50.47kB)

==============================================================================

