Component: ARM Compiler 5.06 update 5 (build 528) Tool: armlink [4d35e2]

==============================================================================

Section Cross References

    startup_stm32h743xx.o(STACK) refers (Special) to heapauxi.o(.text) for __use_two_region_memory
    startup_stm32h743xx.o(HEAP) refers (Special) to heapauxi.o(.text) for __use_two_region_memory
    startup_stm32h743xx.o(RESET) refers (Special) to heapauxi.o(.text) for __use_two_region_memory
    startup_stm32h743xx.o(RESET) refers to startup_stm32h743xx.o(STACK) for __initial_sp
    startup_stm32h743xx.o(RESET) refers to startup_stm32h743xx.o(.text) for Reset_Handler
    startup_stm32h743xx.o(RESET) refers to stm32h7xx_it.o(i.NMI_Handler) for NMI_Handler
    startup_stm32h743xx.o(RESET) refers to stm32h7xx_it.o(i.HardFault_Handler) for HardFault_Handler
    startup_stm32h743xx.o(RESET) refers to stm32h7xx_it.o(i.MemManage_Handler) for MemManage_Handler
    startup_stm32h743xx.o(RESET) refers to stm32h7xx_it.o(i.BusFault_Handler) for BusFault_Handler
    startup_stm32h743xx.o(RESET) refers to stm32h7xx_it.o(i.UsageFault_Handler) for UsageFault_Handler
    startup_stm32h743xx.o(RESET) refers to port.o(.emb_text) for SVC_Handler
    startup_stm32h743xx.o(RESET) refers to stm32h7xx_it.o(i.DebugMon_Handler) for DebugMon_Handler
    startup_stm32h743xx.o(RESET) refers to cmsis_os2.o(i.SysTick_Handler) for SysTick_Handler
    startup_stm32h743xx.o(RESET) refers to stm32h7xx_it.o(i.DMA1_Stream0_IRQHandler) for DMA1_Stream0_IRQHandler
    startup_stm32h743xx.o(RESET) refers to stm32h7xx_it.o(i.DMA1_Stream1_IRQHandler) for DMA1_Stream1_IRQHandler
    startup_stm32h743xx.o(RESET) refers to stm32h7xx_it.o(i.DMA1_Stream2_IRQHandler) for DMA1_Stream2_IRQHandler
    startup_stm32h743xx.o(RESET) refers to stm32h7xx_it.o(i.DMA1_Stream3_IRQHandler) for DMA1_Stream3_IRQHandler
    startup_stm32h743xx.o(RESET) refers to stm32h7xx_it.o(i.DMA1_Stream4_IRQHandler) for DMA1_Stream4_IRQHandler
    startup_stm32h743xx.o(RESET) refers to stm32h7xx_it.o(i.ADC_IRQHandler) for ADC_IRQHandler
    startup_stm32h743xx.o(RESET) refers to stm32h7xx_it.o(i.USART1_IRQHandler) for USART1_IRQHandler
    startup_stm32h743xx.o(RESET) refers to stm32h7xx_it.o(i.USART2_IRQHandler) for USART2_IRQHandler
    startup_stm32h743xx.o(RESET) refers to stm32h7xx_it.o(i.TIM17_IRQHandler) for TIM17_IRQHandler
    startup_stm32h743xx.o(.text) refers (Special) to heapauxi.o(.text) for __use_two_region_memory
    startup_stm32h743xx.o(.text) refers to system_stm32h7xx.o(i.ExitRun0Mode) for ExitRun0Mode
    startup_stm32h743xx.o(.text) refers to system_stm32h7xx.o(i.SystemInit) for SystemInit
    startup_stm32h743xx.o(.text) refers to __main.o(!!!main) for __main
    startup_stm32h743xx.o(.text) refers to startup_stm32h743xx.o(HEAP) for Heap_Mem
    startup_stm32h743xx.o(.text) refers to startup_stm32h743xx.o(STACK) for Stack_Mem
    main.o(i.HAL_TIM_PeriodElapsedCallback) refers to stm32h7xx_hal.o(i.HAL_IncTick) for HAL_IncTick
    main.o(i.SystemClock_Config) refers to rt_memclr_w.o(.text) for __aeabi_memclr4
    main.o(i.SystemClock_Config) refers to stm32h7xx_hal_pwr_ex.o(i.HAL_PWREx_ConfigSupply) for HAL_PWREx_ConfigSupply
    main.o(i.SystemClock_Config) refers to stm32h7xx_hal_rcc.o(i.HAL_RCC_OscConfig) for HAL_RCC_OscConfig
    main.o(i.SystemClock_Config) refers to stm32h7xx_hal_rcc.o(i.HAL_RCC_ClockConfig) for HAL_RCC_ClockConfig
    main.o(i.main) refers to stm32h7xx_hal_cortex.o(i.HAL_MPU_Disable) for HAL_MPU_Disable
    main.o(i.main) refers to stm32h7xx_hal_cortex.o(i.HAL_MPU_ConfigRegion) for HAL_MPU_ConfigRegion
    main.o(i.main) refers to stm32h7xx_hal_cortex.o(i.HAL_MPU_Enable) for HAL_MPU_Enable
    main.o(i.main) refers to stm32h7xx_hal.o(i.HAL_Init) for HAL_Init
    main.o(i.main) refers to main.o(i.SystemClock_Config) for SystemClock_Config
    main.o(i.main) refers to gpio.o(i.MX_GPIO_Init) for MX_GPIO_Init
    main.o(i.main) refers to dma.o(i.MX_DMA_Init) for MX_DMA_Init
    main.o(i.main) refers to usart.o(i.MX_USART1_UART_Init) for MX_USART1_UART_Init
    main.o(i.main) refers to adc.o(i.MX_ADC1_Init) for MX_ADC1_Init
    main.o(i.main) refers to i2c.o(i.MX_I2C1_Init) for MX_I2C1_Init
    main.o(i.main) refers to spi.o(i.MX_SPI1_Init) for MX_SPI1_Init
    main.o(i.main) refers to spi.o(i.MX_SPI2_Init) for MX_SPI2_Init
    main.o(i.main) refers to usart.o(i.MX_USART2_UART_Init) for MX_USART2_UART_Init
    main.o(i.main) refers to usart.o(i.MX_USART3_UART_Init) for MX_USART3_UART_Init
    main.o(i.main) refers to spi.o(i.MX_SPI4_Init) for MX_SPI4_Init
    main.o(i.main) refers to cmsis_os2.o(i.osKernelInitialize) for osKernelInitialize
    main.o(i.main) refers to freertos.o(i.MX_FREERTOS_Init) for MX_FREERTOS_Init
    main.o(i.main) refers to cmsis_os2.o(i.osKernelStart) for osKernelStart
    gpio.o(i.MX_GPIO_Init) refers to rt_memclr_w.o(.text) for __aeabi_memclr4
[...]
    INS_UpdateSensorFrame                    0x08008051   Thumb Code   102  ins_nav.o(i.INS_UpdateSensorFrame)
    MX_ADC1_Init                             0x0800814d   Thumb Code   156  adc.o(i.MX_ADC1_Init)
    MX_DMA_Init                              0x080081f9   Thumb Code   104  dma.o(i.MX_DMA_Init)
    MX_FREERTOS_Init                         0x08008265   Thumb Code    24  freertos.o(i.MX_FREERTOS_Init)
    MX_GPIO_Init                             0x08008289   Thumb Code   288  gpio.o(i.MX_GPIO_Init)
    MX_I2C1_Init                             0x080083bd   Thumb Code    76  i2c.o(i.MX_I2C1_Init)
    MX_SPI1_Init                             0x08008415   Thumb Code    80  spi.o(i.MX_SPI1_Init)
    MX_SPI2_Init                             0x0800846d   Thumb Code    84  spi.o(i.MX_SPI2_Init)
    MX_SPI4_Init                             0x080084c9   Thumb Code    80  spi.o(i.MX_SPI4_Init)
    MX_USART1_UART_Init                      0x08008521   Thumb Code    94  usart.o(i.MX_USART1_UART_Init)
    MX_USART2_UART_Init                      0x08008589   Thumb Code    94  usart.o(i.MX_USART2_UART_Init)
    MX_USART3_UART_Init                      0x080085f1   Thumb Code    94  usart.o(i.MX_USART3_UART_Init)
    MemManage_Handler                        0x08008659   Thumb Code     2  stm32h7xx_it.o(i.MemManage_Handler)
    NMI_Handler                              0x0800865b   Thumb Code     2  stm32h7xx_it.o(i.NMI_Handler)
    StartDefaultTask                         0x0800889d   Thumb Code     8  freertos.o(i.StartDefaultTask)
    SysTick_Handler                          0x080088a5   Thumb Code    26  cmsis_os2.o(i.SysTick_Handler)
    SystemClock_Config                       0x080088c1   Thumb Code   158  main.o(i.SystemClock_Config)
    SystemInit                               0x08008969   Thumb Code   206  system_stm32h7xx.o(i.SystemInit)
    TIM17_IRQHandler                         0x08008a61   Thumb Code     6  stm32h7xx_it.o(i.TIM17_IRQHandler)
    TIM_Base_SetConfig                       0x08008a6d   Thumb Code   170  stm32h7xx_hal_tim.o(i.TIM_Base_SetConfig)
    Task_AdcEntry                            0x08008b39   Thumb Code   208  task_adc.o(i.Task_AdcEntry)
    Task_AdcInitHardware                     0x08008c19   Thumb Code    22  task_adc.o(i.Task_AdcInitHardware)
    Task_ControlEntry                        0x08008c35   Thumb Code   100  task_control.o(i.Task_ControlEntry)
    Task_DebugEntry                          0x08008cd5   Thumb Code   136  task_debug.o(i.Task_DebugEntry)
    Task_DebugInitHardware                   0x08008d91   Thumb Code     4  task_debug.o(i.Task_DebugInitHardware)
    Task_GyroEntry                           0x08008d95   Thumb Code   246  task_gyro.o(i.Task_GyroEntry)
    Task_GyroStartRx                         0x08008e99   Thumb Code   178  task_gyro.o(i.Task_GyroStartRx)
    Task_LoraEntry                           0x08008f5d   Thumb Code   212  task_lora.o(i.Task_LoraEntry)
    Task_LoraInitHardware                    0x08009041   Thumb Code    10  task_lora.o(i.Task_LoraInitHardware)
    Task_ReturnEntry                         0x0800904d   Thumb Code   354  task_return.o(i.Task_ReturnEntry)
    Task_Spo2Entry                           0x08009209   Thumb Code   160  task_spo2.o(i.Task_Spo2Entry)
    Task_Spo2InitHardware                    0x080092b1   Thumb Code    50  task_spo2.o(i.Task_Spo2InitHardware)
    Task_UiEntry                             0x080092e9   Thumb Code   216  task_ui.o(i.Task_UiEntry)
    Task_UiInitHardware                      0x080093d1   Thumb Code     8  task_ui.o(i.Task_UiInitHardware)
    UART_AdvFeatureConfig                    0x0800941d   Thumb Code   200  stm32h7xx_hal_uart.o(i.UART_AdvFeatureConfig)
    UART_CheckIdleState                      0x080094e5   Thumb Code   170  stm32h7xx_hal_uart.o(i.UART_CheckIdleState)
    UART_SetConfig                           0x08009715   Thumb Code   876  stm32h7xx_hal_uart.o(i.UART_SetConfig)
    UART_Start_Receive_DMA                   0x08009ac1   Thumb Code   156  stm32h7xx_hal_uart.o(i.UART_Start_Receive_DMA)
    UART_WaitOnFlagUntilTimeout              0x08009b69   Thumb Code   148  stm32h7xx_hal_uart.o(i.UART_WaitOnFlagUntilTimeout)
    USART1_IRQHandler                        0x08009bfd   Thumb Code     6  stm32h7xx_it.o(i.USART1_IRQHandler)
    USART2_IRQHandler                        0x08009c09   Thumb Code     6  stm32h7xx_it.o(i.USART2_IRQHandler)
    UsageFault_Handler                       0x08009c15   Thumb Code     2  stm32h7xx_it.o(i.UsageFault_Handler)
    __ARM_fpclassify                         0x08009c17   Thumb Code    48  fpclassify.o(i.__ARM_fpclassify)
    __ARM_fpclassifyf                        0x08009c47   Thumb Code    38  fpclassifyf.o(i.__ARM_fpclassifyf)
    __hardfp_atan2f                          0x08009c91   Thumb Code   502  atan2f.o(i.__hardfp_atan2f)
    __hardfp_atanf                           0x08009ee9   Thumb Code   296  atanf.o(i.__hardfp_atanf)
    __hardfp_cosf                            0x0800a059   Thumb Code   276  cosf.o(i.__hardfp_cosf)
    __hardfp_sinf                            0x0800a1a9   Thumb Code   344  sinf.o(i.__hardfp_sinf)
    __hardfp_sqrtf                           0x0800a33d   Thumb Code    58  sqrtf.o(i.__hardfp_sqrtf)
    __hardfp_tanf                            0x0800a379   Thumb Code   322  tanf.o(i.__hardfp_tanf)
    __mathlib_flt_infnan                     0x0800a4f9   Thumb Code     6  funder.o(i.__mathlib_flt_infnan)
    __mathlib_flt_infnan2                    0x0800a4ff   Thumb Code     6  funder.o(i.__mathlib_flt_infnan2)
    __mathlib_flt_invalid                    0x0800a505   Thumb Code    10  funder.o(i.__mathlib_flt_invalid)
    __mathlib_flt_underflow                  0x0800a515   Thumb Code    10  funder.o(i.__mathlib_flt_underflow)
    __mathlib_rredf2                         0x0800a525   Thumb Code   316  rredf.o(i.__mathlib_rredf2)
    _is_digit                                0x0800a679   Thumb Code    14  __printf_wp.o(i._is_digit)
    main                                     0x0800b351   Thumb Code   138  main.o(i.main)
    osDelay                                  0x0800b3db   Thumb Code    28  cmsis_os2.o(i.osDelay)
    osDelayUntil                             0x0800b3f7   Thumb Code    46  cmsis_os2.o(i.osDelayUntil)
    osEventFlagsNew                          0x0800b425   Thumb Code    44  cmsis_os2.o(i.osEventFlagsNew)
    osEventFlagsSet                          0x0800b451   Thumb Code    78  cmsis_os2.o(i.osEventFlagsSet)
    osEventFlagsWait                         0x0800b4a5   Thumb Code    98  cmsis_os2.o(i.osEventFlagsWait)
    osKernelGetState                         0x0800b509   Thumb Code    28  cmsis_os2.o(i.osKernelGetState)
    osKernelGetTickCount                     0x0800b529   Thumb Code    14  cmsis_os2.o(i.osKernelGetTickCount)
    osKernelInitialize                       0x0800b539   Thumb Code    32  cmsis_os2.o(i.osKernelInitialize)
    osKernelStart                            0x0800b55d   Thumb Code    48  cmsis_os2.o(i.osKernelStart)
    osMessageQueueGet                        0x0800b595   Thumb Code    96  cmsis_os2.o(i.osMessageQueueGet)
    osMessageQueueNew                        0x0800b5f9   Thumb Code    88  cmsis_os2.o(i.osMessageQueueNew)
    osMessageQueuePut                        0x0800b651   Thumb Code   100  cmsis_os2.o(i.osMessageQueuePut)
    osMutexAcquire                           0x0800b6b9   Thumb Code    82  cmsis_os2.o(i.osMutexAcquire)
    osMutexNew                               0x0800b70b   Thumb Code   104  cmsis_os2.o(i.osMutexNew)
    osMutexRelease                           0x0800b773   Thumb Code    66  cmsis_os2.o(i.osMutexRelease)
    osSemaphoreAcquire                       0x0800b7b5   Thumb Code    92  cmsis_os2.o(i.osSemaphoreAcquire)
    osSemaphoreNew                           0x0800b815   Thumb Code   152  cmsis_os2.o(i.osSemaphoreNew)
    osSemaphoreRelease                       0x0800b8ad   Thumb Code    86  cmsis_os2.o(i.osSemaphoreRelease)
    osThreadExit                             0x0800b909   Thumb Code     8  cmsis_os2.o(i.osThreadExit)
    osThreadNew                              0x0800b911   Thumb Code   144  cmsis_os2.o(i.osThreadNew)
    pvPortMalloc                             0x0800c169   Thumb Code   216  heap_4.o(i.pvPortMalloc)
    pvTaskIncrementMutexHeldCount            0x0800c245   Thumb Code    18  tasks.o(i.pvTaskIncrementMutexHeldCount)
    pxPortInitialiseStack                    0x0800c25d   Thumb Code    42  port.o(i.pxPortInitialiseStack)
    uxListRemove                             0x0800c2a3   Thumb Code    38  list.o(i.uxListRemove)
    uxTaskResetEventItemValue                0x0800c2c9   Thumb Code    20  tasks.o(i.uxTaskResetEventItemValue)
    vApplicationGetIdleTaskMemory            0x0800c2e1   Thumb Code    18  cmsis_os2.o(i.vApplicationGetIdleTaskMemory)
    vApplicationGetTimerTaskMemory           0x0800c2f9   Thumb Code    20  cmsis_os2.o(i.vApplicationGetTimerTaskMemory)
    vEventGroupSetBitsCallback               0x0800c311   Thumb Code     4  event_groups.o(i.vEventGroupSetBitsCallback)
    vListInitialise                          0x0800c315   Thumb Code    22  list.o(i.vListInitialise)
    vListInitialiseItem                      0x0800c32b   Thumb Code     6  list.o(i.vListInitialiseItem)
    vListInsert                              0x0800c331   Thumb Code    48  list.o(i.vListInsert)
    vListInsertEnd                           0x0800c361   Thumb Code    24  list.o(i.vListInsertEnd)
    vPortEnterCritical                       0x0800c379   Thumb Code    54  port.o(i.vPortEnterCritical)
    vPortExitCritical                        0x0800c3b9   Thumb Code    34  port.o(i.vPortExitCritical)
    vPortFree                                0x0800c3e1   Thumb Code    94  heap_4.o(i.vPortFree)
    vPortSetupTimerInterrupt                 0x0800c445   Thumb Code    32  port.o(i.vPortSetupTimerInterrupt)
    vPortValidateInterruptPriority           0x0800c469   Thumb Code    74  port.o(i.vPortValidateInterruptPriority)
    vQueueAddToRegistry                      0x0800c4bd   Thumb Code    34  queue.o(i.vQueueAddToRegistry)
    vQueueDelete                             0x0800c4e5   Thumb Code    46  queue.o(i.vQueueDelete)
    vQueueUnregisterQueue                    0x0800c515   Thumb Code    36  queue.o(i.vQueueUnregisterQueue)
    vQueueWaitForMessageRestricted           0x0800c53d   Thumb Code    68  queue.o(i.vQueueWaitForMessageRestricted)
    vTaskDelay                               0x0800c581   Thumb Code    66  tasks.o(i.vTaskDelay)
    vTaskDelayUntil                          0x0800c5cd   Thumb Code   132  tasks.o(i.vTaskDelayUntil)
    vTaskDelete                              0x0800c659   Thumb Code   130  tasks.o(i.vTaskDelete)
    vTaskInternalSetTimeOutState             0x0800c6e9   Thumb Code    12  tasks.o(i.vTaskInternalSetTimeOutState)
    vTaskMissedYield                         0x0800c6f9   Thumb Code     8  tasks.o(i.vTaskMissedYield)
    vTaskPlaceOnEventList                    0x0800c705   Thumb Code    44  tasks.o(i.vTaskPlaceOnEventList)
    vTaskPlaceOnEventListRestricted          0x0800c735   Thumb Code    52  tasks.o(i.vTaskPlaceOnEventListRestricted)
    vTaskPlaceOnUnorderedEventList           0x0800c76d   Thumb Code    76  tasks.o(i.vTaskPlaceOnUnorderedEventList)
    vTaskPriorityDisinheritAfterTimeout      0x0800c7bd   Thumb Code   136  tasks.o(i.vTaskPriorityDisinheritAfterTimeout)
    vTaskRemoveFromUnorderedEventList        0x0800c84d   Thumb Code   102  tasks.o(i.vTaskRemoveFromUnorderedEventList)
    vTaskStartScheduler                      0x0800c8bd   Thumb Code   118  tasks.o(i.vTaskStartScheduler)
    vTaskSuspendAll                          0x0800c945   Thumb Code    10  tasks.o(i.vTaskSuspendAll)
    vTaskSwitchContext                       0x0800c955   Thumb Code    90  tasks.o(i.vTaskSwitchContext)
    xEventGroupCreate                        0x0800c9b9   Thumb Code    28  event_groups.o(i.xEventGroupCreate)
    xEventGroupCreateStatic                  0x0800c9d5   Thumb Code    42  event_groups.o(i.xEventGroupCreateStatic)
    xEventGroupSetBits                       0x0800ca01   Thumb Code   144  event_groups.o(i.xEventGroupSetBits)
    xEventGroupSetBitsFromISR                0x0800ca91   Thumb Code    12  event_groups.o(i.xEventGroupSetBitsFromISR)
    xEventGroupWaitBits                      0x0800caa1   Thumb Code   260  event_groups.o(i.xEventGroupWaitBits)
    xPortStartScheduler                      0x0800cba9   Thumb Code   222  port.o(i.xPortStartScheduler)
    xPortSysTickHandler                      0x0800cc9d   Thumb Code    38  port.o(i.xPortSysTickHandler)
    xQueueCreateCountingSemaphore            0x0800ccc9   Thumb Code    58  queue.o(i.xQueueCreateCountingSemaphore)
    xQueueCreateCountingSemaphoreStatic      0x0800cd03   Thumb Code    64  queue.o(i.xQueueCreateCountingSemaphoreStatic)
    xQueueCreateMutex                        0x0800cd43   Thumb Code    22  queue.o(i.xQueueCreateMutex)
    xQueueCreateMutexStatic                  0x0800cd59   Thumb Code    26  queue.o(i.xQueueCreateMutexStatic)
    xQueueGenericCreate                      0x0800cd73   Thumb Code    66  queue.o(i.xQueueGenericCreate)
    xQueueGenericCreateStatic                0x0800cdb5   Thumb Code   102  queue.o(i.xQueueGenericCreateStatic)
    xQueueGenericReset                       0x0800ce1d   Thumb Code   144  queue.o(i.xQueueGenericReset)
    xQueueGenericSend                        0x0800ceb1   Thumb Code   346  queue.o(i.xQueueGenericSend)
    xQueueGenericSendFromISR                 0x0800d011   Thumb Code   190  queue.o(i.xQueueGenericSendFromISR)
    xQueueGiveFromISR                        0x0800d0cf   Thumb Code   156  queue.o(i.xQueueGiveFromISR)
    xQueueGiveMutexRecursive                 0x0800d16b   Thumb Code    62  queue.o(i.xQueueGiveMutexRecursive)
    xQueueReceive                            0x0800d1a9   Thumb Code   310  queue.o(i.xQueueReceive)
    xQueueReceiveFromISR                     0x0800d2e5   Thumb Code   156  queue.o(i.xQueueReceiveFromISR)
    xQueueSemaphoreTake                      0x0800d381   Thumb Code   376  queue.o(i.xQueueSemaphoreTake)
    xQueueTakeMutexRecursive                 0x0800d4fd   Thumb Code    60  queue.o(i.xQueueTakeMutexRecursive)
    xTaskCheckForTimeOut                     0x0800d539   Thumb Code   116  tasks.o(i.xTaskCheckForTimeOut)
    xTaskCreate                              0x0800d5b1   Thumb Code    90  tasks.o(i.xTaskCreate)
    xTaskCreateStatic                        0x0800d60b   Thumb Code    86  tasks.o(i.xTaskCreateStatic)
    xTaskGetCurrentTaskHandle                0x0800d661   Thumb Code     6  tasks.o(i.xTaskGetCurrentTaskHandle)
    xTaskGetSchedulerState                   0x0800d66d   Thumb Code    22  tasks.o(i.xTaskGetSchedulerState)
    xTaskGetTickCount                        0x0800d689   Thumb Code     6  tasks.o(i.xTaskGetTickCount)
    xTaskGetTickCountFromISR                 0x0800d695   Thumb Code    12  tasks.o(i.xTaskGetTickCountFromISR)
    xTaskIncrementTick                       0x0800d6a5   Thumb Code   192  tasks.o(i.xTaskIncrementTick)
    xTaskPriorityDisinherit                  0x0800d76d   Thumb Code   116  tasks.o(i.xTaskPriorityDisinherit)
    xTaskPriorityInherit                     0x0800d7e9   Thumb Code   114  tasks.o(i.xTaskPriorityInherit)
    xTaskRemoveFromEventList                 0x0800d865   Thumb Code   100  tasks.o(i.xTaskRemoveFromEventList)
    xTaskResumeAll                           0x0800d8d5   Thumb Code   184  tasks.o(i.xTaskResumeAll)
    xTimerCreateTimerTask                    0x0800d999   Thumb Code    78  timers.o(i.xTimerCreateTimerTask)
    xTimerGenericCommand                     0x0800d9f9   Thumb Code    98  timers.o(i.xTimerGenericCommand)
    xTimerPendFunctionCallFromISR            0x0800da61   Thumb Code    34  timers.o(i.xTimerPendFunctionCallFromISR)
    _get_lc_numeric                          0x0800da89   Thumb Code    44  lc_numeric_c.o(locale$$code)
    _get_lc_ctype                            0x0800dab5   Thumb Code    44  lc_ctype_c.o(locale$$code)
    _fp_init                                 0x0800dae1   Thumb Code    10  fpinit.o(x$fpl$fpinit)
    __fplib_config_fpu_vfp                   0x0800dae9   Thumb Code     0  fpinit.o(x$fpl$fpinit)
    __fplib_config_pureend_doubles           0x0800dae9   Thumb Code     0  fpinit.o(x$fpl$fpinit)
    _printf_fp_dec                           0x0800daeb   Thumb Code     4  printf1.o(x$fpl$printf1)
    _printf_fp_hex                           0x0800daef   Thumb Code     4  printf2.o(x$fpl$printf2)
    __I$use$fp                               0x0800daf2   Number         0  usenofp.o(x$fpl$usenofp)
    defaultTask_attributes                   0x0800daf4   Data          36  freertos.o(.constdata)
    UARTPrescTable                           0x0800db30   Data          24  stm32h7xx_hal_uart.o(.constdata)
    D1CorePrescTable                         0x0800db58   Data          16  system_stm32h7xx.o(.constdata)
    Region$$Table$$Base                      0x0800de3c   Number         0  anon$$obj.o(Region$$Table)
    Region$$Table$$Limit                     0x0800de5c   Number         0  anon$$obj.o(Region$$Table)
    __ctype                                  0x0800de85   Data           0  lc_ctype_c.o(locale$$data)
    defaultTaskHandle                        0x24000000   Data           4  freertos.o(.data)
    uwTickFreq                               0x24000004   Data           1  stm32h7xx_hal.o(.data)
    uwTickPrio                               0x24000008   Data           4  stm32h7xx_hal.o(.data)
    uwTick                                   0x2400000c   Data           4  stm32h7xx_hal.o(.data)
    SystemCoreClock                          0x24000010   Data           4  system_stm32h7xx.o(.data)
    SystemD2Clock                            0x24000014   Data           4  system_stm32h7xx.o(.data)
    pxCurrentTCB                             0x24000018   Data           4  tasks.o(.data)
    g_sysEventFlags                          0x24000098   Data           4  app_rtos.o(.data)
    g_gyroRxQueue                            0x2400009c   Data           4  app_rtos.o(.data)
    g_uiCmdQueue                             0x240000a0   Data           4  app_rtos.o(.data)
    g_loraTxQueue                            0x240000a4   Data           4  app_rtos.o(.data)
    g_loraRxQueue                            0x240000a8   Data           4  app_rtos.o(.data)
    g_returnCmdQueue                         0x240000ac   Data           4  app_rtos.o(.data)
    g_debugLogQueue                          0x240000b0   Data           4  app_rtos.o(.data)
    g_adcReadySem                            0x240000b4   Data           4  app_rtos.o(.data)
    g_spiDisplayMutex                        0x240000b8   Data           4  app_rtos.o(.data)
    g_spiTouchMutex                          0x240000bc   Data           4  app_rtos.o(.data)
    g_spiLoraMutex                           0x240000c0   Data           4  app_rtos.o(.data)
    g_i2cBusMutex                            0x240000c4   Data           4  app_rtos.o(.data)
    g_debugUartMutex                         0x240000c8   Data           4  app_rtos.o(.data)
    hadc1                                    0x24000104   Data         100  adc.o(.bss)
    hdma_adc1                                0x24000168   Data         120  adc.o(.bss)
    hi2c1                                    0x240001e0   Data          84  i2c.o(.bss)
    hspi1                                    0x24000234   Data         136  spi.o(.bss)
    hspi2                                    0x240002bc   Data         136  spi.o(.bss)
    hspi4                                    0x24000344   Data         136  spi.o(.bss)
    huart1                                   0x240003cc   Data         148  usart.o(.bss)
    huart2                                   0x24000460   Data         148  usart.o(.bss)
    huart3                                   0x240004f4   Data         148  usart.o(.bss)
    hdma_usart1_rx                           0x24000588   Data         120  usart.o(.bss)
    hdma_usart1_tx                           0x24000600   Data         120  usart.o(.bss)
    hdma_usart2_rx                           0x24000678   Data         120  usart.o(.bss)
    hdma_usart2_tx                           0x240006f0   Data         120  usart.o(.bss)
    htim17                                   0x24000768   Data          76  stm32h7xx_hal_timebase_tim.o(.bss)
    xQueueRegistry                           0x240007b4   Data          64  queue.o(.bss)
    __libspace_start                         0x24021704   Data          96  libspace.o(.bss)
    __temporary_stack_top$libspace           0x24021764   Data           0  libspace.o(.bss)



==============================================================================

Memory Map of the image

  Image Entry point : 0x08000299

  Load Region LR_IROM1 (Base: 0x08000000, Size: 0x0000e08c, Max: 0x00200000, ABSOLUTE)

    Execution Region ER_IROM1 (Exec base: 0x08000000, Load base: 0x08000000, Size: 0x0000df88, Max: 0x00200000, ABSOLUTE)

    Exec Addr    Load Addr    Size         Type   Attr      Idx    E Section Name        Object

    0x08000000   0x08000000   0x00000298   Data   RO            3    RESET               startup_stm32h743xx.o
    0x08000298   0x08000298   0x00000008   Code   RO         8021  * !!!main             c_w.l(__main.o)
    0x080002a0   0x080002a0   0x00000034   Code   RO         8425    !!!scatter          c_w.l(__scatter.o)
    0x080002d4   0x080002d4   0x0000001a   Code   RO         8427    !!handler_copy      c_w.l(__scatter_copy.o)
    0x080002ee   0x080002ee   0x00000002   PAD
    0x080002f0   0x080002f0   0x0000001c   Code   RO         8429    !!handler_zi        c_w.l(__scatter_zi.o)
    0x0800030c   0x0800030c   0x00000000   Code   RO         8008    .ARM.Collect$$_printf_percent$$00000000  c_w.l(_printf_percent.o)
    0x0800030c   0x0800030c   0x00000006   Code   RO         8151    .ARM.Collect$$_printf_percent$$00000001  c_w.l(_printf_n.o)
    0x08000312   0x08000312   0x00000006   Code   RO         8153    .ARM.Collect$$_printf_percent$$00000002  c_w.l(_printf_p.o)
    0x08000318   0x08000318   0x00000006   Code   RO         8157    .ARM.Collect$$_printf_percent$$00000003  c_w.l(_printf_f.o)
    0x0800031e   0x0800031e   0x00000006   Code   RO         8158    .ARM.Collect$$_printf_percent$$00000004  c_w.l(_printf_e.o)
    0x08000324   0x08000324   0x00000006   Code   RO         8159    .ARM.Collect$$_printf_percent$$00000005  c_w.l(_printf_g.o)
    0x0800032a   0x0800032a   0x00000006   Code   RO         8160    .ARM.Collect$$_printf_percent$$00000006  c_w.l(_printf_a.o)
    0x08000330   0x08000330   0x0000000a   Code   RO         8165    .ARM.Collect$$_printf_percent$$00000007  c_w.l(_printf_ll.o)
    0x0800033a   0x0800033a   0x00000006   Code   RO         8155    .ARM.Collect$$_printf_percent$$00000008  c_w.l(_printf_i.o)
    0x08000340   0x08000340   0x00000006   Code   RO         8156    .ARM.Collect$$_printf_percent$$00000009  c_w.l(_printf_d.o)
    0x08000346   0x08000346   0x00000006   Code   RO         8007    .ARM.Collect$$_printf_percent$$0000000A  c_w.l(_printf_u.o)
    0x0800034c   0x0800034c   0x00000006   Code   RO         8154    .ARM.Collect$$_printf_percent$$0000000B  c_w.l(_printf_o.o)
    0x08000352   0x08000352   0x00000006   Code   RO         8152    .ARM.Collect$$_printf_percent$$0000000C  c_w.l(_printf_x.o)
    0x08000358   0x08000358   0x00000006   Code   RO         8162    .ARM.Collect$$_printf_percent$$0000000D  c_w.l(_printf_lli.o)
    0x0800035e   0x0800035e   0x00000006   Code   RO         8163    .ARM.Collect$$_printf_percent$$0000000E  c_w.l(_printf_lld.o)
    0x08000364   0x08000364   0x00000006   Code   RO         8164    .ARM.Collect$$_printf_percent$$0000000F  c_w.l(_printf_llu.o)
    0x0800036a   0x0800036a   0x00000006   Code   RO         8169    .ARM.Collect$$_printf_percent$$00000010  c_w.l(_printf_llo.o)
    0x08000370   0x08000370   0x00000006   Code   RO         8170    .ARM.Collect$$_printf_percent$$00000011  c_w.l(_printf_llx.o)
    0x08000376   0x08000376   0x0000000a   Code   RO         8166    .ARM.Collect$$_printf_percent$$00000012  c_w.l(_printf_l.o)
    0x08000380   0x08000380   0x00000006   Code   RO         8150    .ARM.Collect$$_printf_percent$$00000013  c_w.l(_printf_c.o)
    0x08000386   0x08000386   0x00000006   Code   RO         8006    .ARM.Collect$$_printf_percent$$00000014  c_w.l(_printf_s.o)
    0x0800038c   0x0800038c   0x00000006   Code   RO         8167    .ARM.Collect$$_printf_percent$$00000015  c_w.l(_printf_lc.o)
    0x08000392   0x08000392   0x00000006   Code   RO         8168    .ARM.Collect$$_printf_percent$$00000016  c_w.l(_printf_ls.o)
    0x08000398   0x08000398   0x00000004   Code   RO         8161    .ARM.Collect$$_printf_percent$$00000017  c_w.l(_printf_percent_end.o)
    0x0800039c   0x0800039c   0x00000002   Code   RO         8289    .ARM.Collect$$libinit$$00000000  c_w.l(libinit.o)
    0x0800039e   0x0800039e   0x00000004   Code   RO         8307    .ARM.Collect$$libinit$$00000001  c_w.l(libinit2.o)
    0x080003a2   0x080003a2   0x00000000   Code   RO         8310    .ARM.Collect$$libinit$$00000004  c_w.l(libinit2.o)
    0x080003a2   0x080003a2   0x00000000   Code   RO         8313    .ARM.Collect$$libinit$$0000000A  c_w.l(libinit2.o)
    0x080003a2   0x080003a2   0x00000000   Code   RO         8315    .ARM.Collect$$libinit$$0000000C  c_w.l(libinit2.o)
    0x080003a2   0x080003a2   0x00000000   Code   RO         8317    .ARM.Collect$$libinit$$0000000E  c_w.l(libinit2.o)
    0x080003a2   0x080003a2   0x00000006   Code   RO         8318    .ARM.Collect$$libinit$$0000000F  c_w.l(libinit2.o)
    0x080003a8   0x080003a8   0x00000000   Code   RO         8320    .ARM.Collect$$libinit$$00000011  c_w.l(libinit2.o)
    0x080003a8   0x080003a8   0x0000000c   Code   RO         8321    .ARM.Collect$$libinit$$00000012  c_w.l(libinit2.o)
    0x080003b4   0x080003b4   0x00000000   Code   RO         8322    .ARM.Collect$$libinit$$00000013  c_w.l(libinit2.o)
    0x080003b4   0x080003b4   0x00000000   Code   RO         8324    .ARM.Collect$$libinit$$00000015  c_w.l(libinit2.o)
    0x080003b4   0x080003b4   0x0000000a   Code   RO         8325    .ARM.Collect$$libinit$$00000016  c_w.l(libinit2.o)
    0x080003be   0x080003be   0x00000000   Code   RO         8326    .ARM.Collect$$libinit$$00000017  c_w.l(libinit2.o)
    0x080003be   0x080003be   0x00000000   Code   RO         8328    .ARM.Collect$$libinit$$00000019  c_w.l(libinit2.o)
    0x080003be   0x080003be   0x00000000   Code   RO         8330    .ARM.Collect$$libinit$$0000001B  c_w.l(libinit2.o)
    0x080003be   0x080003be   0x00000000   Code   RO         8332    .ARM.Collect$$libinit$$0000001D  c_w.l(libinit2.o)
    0x080003be   0x080003be   0x00000000   Code   RO         8334    .ARM.Collect$$libinit$$0000001F  c_w.l(libinit2.o)
    0x080003be   0x080003be   0x00000000   Code   RO         8336    .ARM.Collect$$libinit$$00000021  c_w.l(libinit2.o)
    0x080003be   0x080003be   0x00000000   Code   RO         8338    .ARM.Collect$$libinit$$00000023  c_w.l(libinit2.o)
    0x080003be   0x080003be   0x00000000   Code   RO         8340    .ARM.Collect$$libinit$$00000025  c_w.l(libinit2.o)
    0x080003be   0x080003be   0x00000000   Code   RO         8344    .ARM.Collect$$libinit$$0000002C  c_w.l(libinit2.o)
    0x080003be   0x080003be   0x00000000   Code   RO         8346    .ARM.Collect$$libinit$$0000002E  c_w.l(libinit2.o)
    0x080003be   0x080003be   0x00000000   Code   RO         8348    .ARM.Collect$$libinit$$00000030  c_w.l(libinit2.o)
    0x080003be   0x080003be   0x00000000   Code   RO         8350    .ARM.Collect$$libinit$$00000032  c_w.l(libinit2.o)
    0x080003be   0x080003be   0x00000002   Code   RO         8351    .ARM.Collect$$libinit$$00000033  c_w.l(libinit2.o)
    0x080003c0   0x080003c0   0x00000002   Code   RO         8382    .ARM.Collect$$libshutdown$$00000000  c_w.l(libshutdown.o)
    0x080003c2   0x080003c2   0x00000000   Code   RO         8408    .ARM.Collect$$libshutdown$$00000002  c_w.l(libshutdown2.o)
    0x080003c2   0x080003c2   0x00000000   Code   RO         8410    .ARM.Collect$$libshutdown$$00000004  c_w.l(libshutdown2.o)
    0x080003c2   0x080003c2   0x00000000   Code   RO         8413    .ARM.Collect$$libshutdown$$00000007  c_w.l(libshutdown2.o)
    0x080003c2   0x080003c2   0x00000000   Code   RO         8416    .ARM.Collect$$libshutdown$$0000000A  c_w.l(libshutdown2.o)
    0x080003c2   0x080003c2   0x00000000   Code   RO         8418    .ARM.Collect$$libshutdown$$0000000C  c_w.l(libshutdown2.o)
    0x080003c2   0x080003c2   0x00000000   Code   RO         8421    .ARM.Collect$$libshutdown$$0000000F  c_w.l(libshutdown2.o)
    0x080003c2   0x080003c2   0x00000002   Code   RO         8422    .ARM.Collect$$libshutdown$$00000010  c_w.l(libshutdown2.o)
    0x080003c4   0x080003c4   0x00000000   Code   RO         8095    .ARM.Collect$$rtentry$$00000000  c_w.l(__rtentry.o)
    0x080003c4   0x080003c4   0x00000000   Code   RO         8202    .ARM.Collect$$rtentry$$00000002  c_w.l(__rtentry2.o)
    0x080003c4   0x080003c4   0x00000006   Code   RO         8214    .ARM.Collect$$rtentry$$00000004  c_w.l(__rtentry4.o)
    0x080003ca   0x080003ca   0x00000000   Code   RO         8204    .ARM.Collect$$rtentry$$00000009  c_w.l(__rtentry2.o)
    0x080003ca   0x080003ca   0x00000004   Code   RO         8205    .ARM.Collect$$rtentry$$0000000A  c_w.l(__rtentry2.o)
    0x080003ce   0x080003ce   0x00000000   Code   RO         8207    .ARM.Collect$$rtentry$$0000000C  c_w.l(__rtentry2.o)
    0x080003ce   0x080003ce   0x00000008   Code   RO         8208    .ARM.Collect$$rtentry$$0000000D  c_w.l(__rtentry2.o)
    0x080003d6   0x080003d6   0x00000002   Code   RO         8294    .ARM.Collect$$rtexit$$00000000  c_w.l(rtexit.o)
    0x080003d8   0x080003d8   0x00000000   Code   RO         8355    .ARM.Collect$$rtexit$$00000002  c_w.l(rtexit2.o)
    0x080003d8   0x080003d8   0x00000004   Code   RO         8356    .ARM.Collect$$rtexit$$00000003  c_w.l(rtexit2.o)
    0x080003dc   0x080003dc   0x00000006   Code   RO         8357    .ARM.Collect$$rtexit$$00000004  c_w.l(rtexit2.o)
    0x080003e2   0x080003e2   0x00000002   PAD
    0x080003e4   0x080003e4   0x000000be   Code   RO         7288    .emb_text           port.o
    0x080004a2   0x080004a2   0x00000002   PAD
    0x080004a4   0x080004a4   0x00000048   Code   RO            4    .text               startup_stm32h743xx.o
    0x080004ec   0x080004ec   0x000000ee   Code   RO         7972    .text               c_w.l(lludivv7m.o)
    0x080005da   0x080005da   0x00000002   PAD
    0x080005dc   0x080005dc   0x00000034   Code   RO         7974    .text               c_w.l(vsnprintf.o)
    0x08000610   0x08000610   0x00000038   Code   RO         7976    .text               c_w.l(__2snprintf.o)
    0x08000648   0x08000648   0x00000052   Code   RO         7982    .text               c_w.l(_printf_str.o)
    0x0800069a   0x0800069a   0x00000002   PAD
    0x0800069c   0x0800069c   0x00000078   Code   RO         7984    .text               c_w.l(_printf_dec.o)
    0x08000714   0x08000714   0x00000188   Code   RO         8003    .text               c_w.l(__printf_flags_ss_wp.o)
    0x0800089c   0x0800089c   0x0000008a   Code   RO         8009    .text               c_w.l(rt_memcpy_v6.o)
    0x08000926   0x08000926   0x00000064   Code   RO         8011    .text               c_w.l(rt_memcpy_w.o)
    0x0800098a   0x0800098a   0x00000010   Code   RO         8015    .text               c_w.l(aeabi_memset.o)
    0x0800099a   0x0800099a   0x0000004e   Code   RO         8017    .text               c_w.l(rt_memclr_w.o)
    0x080009e8   0x080009e8   0x00000006   Code   RO         8019    .text               c_w.l(heapauxi.o)
    0x080009ee   0x080009ee   0x00000016   Code   RO         8100    .text               c_w.l(_rserrno.o)
    0x08000a04   0x08000a04   0x0000004e   Code   RO         8102    .text               c_w.l(_printf_pad.o)
    0x08000a52   0x08000a52   0x00000024   Code   RO         8104    .text               c_w.l(_printf_truncate.o)
    0x08000a76   0x08000a76   0x000000b2   Code   RO         8106    .text               c_w.l(_printf_intcommon.o)
    0x08000b28   0x08000b28   0x00000028   Code   RO         8108    .text               c_w.l(_printf_charcount.o)
    0x08000b50   0x08000b50   0x00000030   Code   RO         8110    .text               c_w.l(_printf_char_common.o)
    0x08000b80   0x08000b80   0x0000000a   Code   RO         8112    .text               c_w.l(_sputc.o)
    0x08000b8a   0x08000b8a   0x00000010   Code   RO         8114    .text               c_w.l(_snputc.o)
    0x08000b9a   0x08000b9a   0x0000002c   Code   RO         8116    .text               c_w.l(_printf_char.o)
    0x08000bc6   0x08000bc6   0x00000002   PAD
    0x08000bc8   0x08000bc8   0x000000bc   Code   RO         8118    .text               c_w.l(_printf_wctomb.o)
    0x08000c84   0x08000c84   0x0000007c   Code   RO         8121    .text               c_w.l(_printf_longlong_dec.o)
    0x08000d00   0x08000d00   0x00000070   Code   RO         8127    .text               c_w.l(_printf_oct_int_ll.o)
    0x08000d70   0x08000d70   0x00000094   Code   RO         8147    .text               c_w.l(_printf_hex_int_ll_ptr.o)
    0x08000e04   0x08000e04   0x00000044   Code   RO         8171    .text               c_w.l(rt_memclr.o)
    0x08000e48   0x08000e48   0x00000008   Code   RO         8221    .text               c_w.l(rt_errno_addr_intlibspace.o)
    0x08000e50   0x08000e50   0x0000008a   Code   RO         8223    .text               c_w.l(lludiv10.o)
    0x08000eda   0x08000eda   0x0000041e   Code   RO         8225    .text               c_w.l(_printf_fp_dec.o)
    0x080012f8   0x080012f8   0x000002fc   Code   RO         8227    .text               c_w.l(_printf_fp_hex.o)
    0x080015f4   0x080015f4   0x0000002c   Code   RO         8232    .text               c_w.l(_printf_wchar.o)
    0x08001620   0x08001620   0x00000040   Code   RO         8234    .text               c_w.l(_wcrtomb.o)
    0x08001660   0x08001660   0x00000008   Code   RO         8236    .text               c_w.l(libspace.o)
    0x08001668   0x08001668   0x0000004a   Code   RO         8239    .text               c_w.l(sys_stackheap_outer.o)
    0x080016b2   0x080016b2   0x00000002   PAD
    0x080016b4   0x080016b4   0x00000010   Code   RO         8241    .text               c_w.l(rt_ctype_table.o)
    0x080016c4   0x080016c4   0x00000008   Code   RO         8246    .text               c_w.l(rt_locale_intlibspace.o)
    0x080016cc   0x080016cc   0x00000080   Code   RO         8248    .text               c_w.l(_printf_fp_infnan.o)
    0x0800174c   0x0800174c   0x000000e4   Code   RO         8250    .text               c_w.l(bigflt0.o)
    0x08001830   0x08001830   0x00000012   Code   RO         8278    .text               c_w.l(exit.o)
    0x08001842   0x08001842   0x00000002   PAD
    0x08001844   0x08001844   0x00000068   Code   RO         8305    .text               c_w.l(strcmpv7m_pel.o)
    0x080018ac   0x080018ac   0x0000000c   Code   RO         8352    .text               c_w.l(sys_exit.o)
    0x080018b8   0x080018b8   0x00000002   Code   RO         8371    .text               c_w.l(use_no_semi.o)
    0x080018ba   0x080018ba   0x00000000   Code   RO         8373    .text               c_w.l(indicate_semi.o)
    0x080018ba   0x080018ba   0x0000003e   Code   RO         8253    CL$$btod_d2e        c_w.l(btod.o)
    0x080018f8   0x080018f8   0x00000046   Code   RO         8255    CL$$btod_d2e_denorm_low  c_w.l(btod.o)
    0x0800193e   0x0800193e   0x00000060   Code   RO         8254    CL$$btod_d2e_norm_op1  c_w.l(btod.o)
    0x0800199e   0x0800199e   0x00000338   Code   RO         8263    CL$$btod_div_common  c_w.l(btod.o)
    0x08001cd6   0x08001cd6   0x000000dc   Code   RO         8260    CL$$btod_e2e        c_w.l(btod.o)
    0x08001db2   0x08001db2   0x0000002a   Code   RO         8257    CL$$btod_ediv       c_w.l(btod.o)
    0x08001ddc   0x08001ddc   0x0000002a   Code   RO         8256    CL$$btod_emul       c_w.l(btod.o)
    0x08001e06   0x08001e06   0x00000244   Code   RO         8262    CL$$btod_mult_common  c_w.l(btod.o)
    0x0800204a   0x0800204a   0x00000002   PAD
    0x0800204c   0x0800204c   0x00000108   Code   RO         1850    i.ADC_ConfigureBoostMode  stm32h7xx_hal_adc.o
    0x08002154   0x08002154   0x000000e4   Code   RO         1851    i.ADC_ConversionStop  stm32h7xx_hal_adc.o
    0x08002238   0x08002238   0x00000068   Code   RO         1852    i.ADC_DMAConvCplt   stm32h7xx_hal_adc.o
    0x080022a0   0x080022a0   0x0000001a   Code   RO         1853    i.ADC_DMAError      stm32h7xx_hal_adc.o
    0x080022ba   0x080022ba   0x0000000a   Code   RO         1854    i.ADC_DMAHalfConvCplt  stm32h7xx_hal_adc.o
    0x080022c4   0x080022c4   0x00000070   Code   RO         1855    i.ADC_Disable       stm32h7xx_hal_adc.o
    0x08002334   0x08002334   0x000000a8   Code   RO         1856    i.ADC_Enable        stm32h7xx_hal_adc.o
    0x080023dc   0x080023dc   0x0000000c   Code   RO          668    i.ADC_IRQHandler    stm32h7xx_it.o
    0x080023e8   0x080023e8   0x00000054   Code   RO         7745    i.App_DebugLog      task_debug.o
    0x0800243c   0x0800243c   0x00000018   Code   RO         7368    i.App_Error         app_rtos.o
    0x08002454   0x08002454   0x00000006   Code   RO         7614    i.App_GyroDecodeFrame  task_gyro.o
    0x0800245a   0x0800245a   0x00000070   Code   RO         7369    i.App_InitPeripherals  app_rtos.o
    0x080024ca   0x080024ca   0x00000002   PAD
    0x080024cc   0x080024cc   0x00000030   Code   RO         7788    i.App_LoraHardwareInit  task_lora.o
    0x080024fc   0x080024fc   0x00000004   Code   RO         7789    i.App_LoraPollRx    task_lora.o
    0x08002500   0x08002500   0x00000004   Code   RO         7790    i.App_LoraTransmit  task_lora.o
    0x08002504   0x08002504   0x00000004   Code   RO         7836    i.App_ReturnOnStart  task_return.o
    0x08002508   0x08002508   0x00000002   Code   RO         7837    i.App_ReturnOnStop  task_return.o
    0x0800250a   0x0800250a   0x00000004   Code   RO         7838    i.App_ReturnStep    task_return.o
    0x0800250e   0x0800250e   0x00000002   PAD
    0x08002510   0x08002510   0x00000100   Code   RO         7370    i.App_RtosCreateObjects  app_rtos.o
    0x08002610   0x08002610   0x00000004   Code   RO         7883    i.App_Spo2HardwareInit  task_spo2.o
    0x08002614   0x08002614   0x00000004   Code   RO         7884    i.App_Spo2ReadSample  task_spo2.o
    0x08002618   0x08002618   0x00000118   Code   RO         7371    i.App_StartRuntimeTasks  app_rtos.o
    0x08002730   0x08002730   0x00000038   Code   RO         7465    i.App_StateAddFault  app_state.o
    0x08002768   0x08002768   0x00000098   Code   RO         7471    i.App_StateGetSnapshot  app_state.o
    0x08002800   0x08002800   0x0000007c   Code   RO         7475    i.App_StateInit     app_state.o
    0x0800287c   0x0800287c   0x00000034   Code   RO         7476    i.App_StateSetAdc   app_state.o
    0x080028b0   0x080028b0   0x00000034   Code   RO         7477    i.App_StateSetGyro  app_state.o
    0x080028e4   0x080028e4   0x0000003c   Code   RO         7478    i.App_StateSetInitResult  app_state.o
    0x08002920   0x08002920   0x00000034   Code   RO         7479    i.App_StateSetLora  app_state.o
    0x08002954   0x08002954   0x00000034   Code   RO         7480    i.App_StateSetNav   app_state.o
    0x08002988   0x08002988   0x00000034   Code   RO         7481    i.App_StateSetReturn  app_state.o
    0x080029bc   0x080029bc   0x00000034   Code   RO         7482    i.App_StateSetSpo2  app_state.o
    0x080029f0   0x080029f0   0x00000034   Code   RO         7484    i.App_StateSetUi    app_state.o
    0x08002a24   0x08002a24   0x00000030   Code   RO         7925    i.App_UiHardwareInit  task_ui.o
    0x08002a54   0x08002a54   0x00000004   Code   RO         7926    i.App_UiPollTouch   task_ui.o
    0x08002a58   0x08002a58   0x00000002   Code   RO         7927    i.App_UiRender      task_ui.o
    0x08002a5a   0x08002a5a   0x00000002   Code   RO          669    i.BusFault_Handler  stm32h7xx_it.o
    0x08002a5c   0x08002a5c   0x0000000c   Code   RO          670    i.DMA1_Stream0_IRQHandler  stm32h7xx_it.o
    0x08002a68   0x08002a68   0x0000000c   Code   RO          671    i.DMA1_Stream1_IRQHandler  stm32h7xx_it.o
    0x08002a74   0x08002a74   0x0000000c   Code   RO          672    i.DMA1_Stream2_IRQHandler  stm32h7xx_it.o
    0x08002a80   0x08002a80   0x0000000c   Code   RO          673    i.DMA1_Stream3_IRQHandler  stm32h7xx_it.o
    0x08002a8c   0x08002a8c   0x0000000c   Code   RO          674    i.DMA1_Stream4_IRQHandler  stm32h7xx_it.o
    0x08002a98   0x08002a98   0x000000b4   Code   RO         2933    i.DMA_CalcBaseAndBitshift  stm32h7xx_hal_dma.o
    0x08002b4c   0x08002b4c   0x0000009c   Code   RO         2934    i.DMA_CalcDMAMUXChannelBaseAndMask  stm32h7xx_hal_dma.o
    0x08002be8   0x08002be8   0x00000074   Code   RO         2935    i.DMA_CalcDMAMUXRequestGenBaseAndMask  stm32h7xx_hal_dma.o
    0x08002c5c   0x08002c5c   0x00000054   Code   RO         2936    i.DMA_CheckFifoParam  stm32h7xx_hal_dma.o
    0x08002cb0   0x08002cb0   0x00000220   Code   RO         2937    i.DMA_SetConfig     stm32h7xx_hal_dma.o
    0x08002ed0   0x08002ed0   0x00000002   Code   RO          675    i.DebugMon_Handler  stm32h7xx_it.o
    0x08002ed2   0x08002ed2   0x00000004   Code   RO           13    i.Error_Handler     main.o
    0x08002ed6   0x08002ed6   0x00000002   PAD
    0x08002ed8   0x08002ed8   0x0000001c   Code   RO         5570    i.ExitRun0Mode      system_stm32h7xx.o
    0x08002ef4   0x08002ef4   0x00000002   Code   RO         2071    i.HAL_ADCEx_EndOfSamplingCallback  stm32h7xx_hal_adc_ex.o
    0x08002ef6   0x08002ef6   0x00000002   Code   RO         2074    i.HAL_ADCEx_InjectedConvCpltCallback  stm32h7xx_hal_adc_ex.o
    0x08002ef8   0x08002ef8   0x00000002   Code   RO         2077    i.HAL_ADCEx_InjectedQueueOverflowCallback  stm32h7xx_hal_adc_ex.o
    0x08002efa   0x08002efa   0x00000002   Code   RO         2082    i.HAL_ADCEx_LevelOutOfWindow2Callback  stm32h7xx_hal_adc_ex.o
    0x08002efc   0x08002efc   0x00000002   Code   RO         2083    i.HAL_ADCEx_LevelOutOfWindow3Callback  stm32h7xx_hal_adc_ex.o
    0x08002efe   0x08002efe   0x00000002   PAD
    0x08002f00   0x08002f00   0x00000128   Code   RO         2087    i.HAL_ADCEx_MultiModeConfigChannel  stm32h7xx_hal_adc_ex.o
    0x08003028   0x08003028   0x00000420   Code   RO         1858    i.HAL_ADC_ConfigChannel  stm32h7xx_hal_adc.o
    0x08003448   0x08003448   0x0000001c   Code   RO         7677    i.HAL_ADC_ConvCpltCallback  task_adc.o
    0x08003464   0x08003464   0x00000002   Code   RO         1860    i.HAL_ADC_ConvHalfCpltCallback  stm32h7xx_hal_adc.o
    0x08003466   0x08003466   0x00000002   PAD
    0x08003468   0x08003468   0x00000018   Code   RO         7678    i.HAL_ADC_ErrorCallback  task_adc.o
    0x08003480   0x08003480   0x00000004   Code   RO         1864    i.HAL_ADC_GetState  stm32h7xx_hal_adc.o
    0x08003484   0x08003484   0x00000290   Code   RO         1866    i.HAL_ADC_IRQHandler  stm32h7xx_hal_adc.o
    0x08003714   0x08003714   0x00000228   Code   RO         1867    i.HAL_ADC_Init      stm32h7xx_hal_adc.o
    0x0800393c   0x0800393c   0x00000002   Code   RO         1868    i.HAL_ADC_LevelOutOfWindowCallback  stm32h7xx_hal_adc.o
    0x0800393e   0x0800393e   0x00000002   PAD
    0x08003940   0x08003940   0x00000100   Code   RO          312    i.HAL_ADC_MspInit   adc.o
    0x08003a40   0x08003a40   0x00000108   Code   RO         1874    i.HAL_ADC_Start_DMA  stm32h7xx_hal_adc.o
    0x08003b48   0x08003b48   0x0000007a   Code   RO         1877    i.HAL_ADC_Stop_DMA  stm32h7xx_hal_adc.o
    0x08003bc2   0x08003bc2   0x00000002   PAD
    0x08003bc4   0x08003bc4   0x00000360   Code   RO         2938    i.HAL_DMA_Abort     stm32h7xx_hal_dma.o
    0x08003f24   0x08003f24   0x00000284   Code   RO         2939    i.HAL_DMA_Abort_IT  stm32h7xx_hal_dma.o
    0x080041a8   0x080041a8   0x000006e8   Code   RO         2943    i.HAL_DMA_IRQHandler  stm32h7xx_hal_dma.o
    0x08004890   0x08004890   0x000003c4   Code   RO         2944    i.HAL_DMA_Init      stm32h7xx_hal_dma.o
    0x08004c54   0x08004c54   0x0000029c   Code   RO         2948    i.HAL_DMA_Start_IT  stm32h7xx_hal_dma.o
    0x08004ef0   0x08004ef0   0x0000022c   Code   RO         2786    i.HAL_GPIO_Init     stm32h7xx_hal_gpio.o
    0x0800511c   0x0800511c   0x0000000a   Code   RO         2790    i.HAL_GPIO_WritePin  stm32h7xx_hal_gpio.o
    0x08005126   0x08005126   0x00000002   PAD
    0x08005128   0x08005128   0x0000000c   Code   RO         3811    i.HAL_GetREVID      stm32h7xx_hal.o
    0x08005134   0x08005134   0x0000000c   Code   RO         3812    i.HAL_GetTick       stm32h7xx_hal.o
    0x08005140   0x08005140   0x00000058   Code   RO         4577    i.HAL_I2CEx_ConfigAnalogFilter  stm32h7xx_hal_i2c_ex.o
    0x08005198   0x08005198   0x00000054   Code   RO         4578    i.HAL_I2CEx_ConfigDigitalFilter  stm32h7xx_hal_i2c_ex.o
    0x080051ec   0x080051ec   0x000000c0   Code   RO         4116    i.HAL_I2C_Init      stm32h7xx_hal_i2c.o
    0x080052ac   0x080052ac   0x00000084   Code   RO          378    i.HAL_I2C_MspInit   i2c.o
    0x08005330   0x08005330   0x00000010   Code   RO         3818    i.HAL_IncTick       stm32h7xx_hal.o
    0x08005340   0x08005340   0x0000005c   Code   RO         3819    i.HAL_Init          stm32h7xx_hal.o
    0x0800539c   0x0800539c   0x00000084   Code   RO          804    i.HAL_InitTick      stm32h7xx_hal_timebase_tim.o
    0x08005420   0x08005420   0x0000005c   Code   RO         3641    i.HAL_MPU_ConfigRegion  stm32h7xx_hal_cortex.o
    0x0800547c   0x0800547c   0x0000001c   Code   RO         3642    i.HAL_MPU_Disable   stm32h7xx_hal_cortex.o
    0x08005498   0x08005498   0x00000024   Code   RO         3644    i.HAL_MPU_Enable    stm32h7xx_hal_cortex.o
    0x080054bc   0x080054bc   0x00000024   Code   RO          780    i.HAL_MspInit       stm32h7xx_hal_msp.o
    0x080054e0   0x080054e0   0x0000001a   Code   RO         3648    i.HAL_NVIC_EnableIRQ  stm32h7xx_hal_cortex.o
    0x080054fa   0x080054fa   0x00000002   PAD
    0x080054fc   0x080054fc   0x00000040   Code   RO         3654    i.HAL_NVIC_SetPriority  stm32h7xx_hal_cortex.o
    0x0800553c   0x0800553c   0x00000024   Code   RO         3655    i.HAL_NVIC_SetPriorityGrouping  stm32h7xx_hal_cortex.o
    0x08005560   0x08005560   0x00000054   Code   RO         3387    i.HAL_PWREx_ConfigSupply  stm32h7xx_hal_pwr_ex.o
    0x080055b4   0x080055b4   0x00000024   Code   RO         2407    i.HAL_RCCEx_GetD3PCLK1Freq  stm32h7xx_hal_rcc_ex.o
    0x080055d8   0x080055d8   0x00000148   Code   RO         2408    i.HAL_RCCEx_GetPLL1ClockFreq  stm32h7xx_hal_rcc_ex.o
    0x08005720   0x08005720   0x00000144   Code   RO         2409    i.HAL_RCCEx_GetPLL2ClockFreq  stm32h7xx_hal_rcc_ex.o
    0x08005864   0x08005864   0x00000144   Code   RO         2410    i.HAL_RCCEx_GetPLL3ClockFreq  stm32h7xx_hal_rcc_ex.o
    0x080059a8   0x080059a8   0x000002c8   Code   RO         2412    i.HAL_RCCEx_GetPeriphCLKFreq  stm32h7xx_hal_rcc_ex.o
    0x08005c70   0x08005c70   0x000009ac   Code   RO         2416    i.HAL_RCCEx_PeriphCLKConfig  stm32h7xx_hal_rcc_ex.o
    0x0800661c   0x0800661c   0x0000025c   Code   RO         2292    i.HAL_RCC_ClockConfig  stm32h7xx_hal_rcc.o
    0x08006878   0x08006878   0x0000005c   Code   RO         2296    i.HAL_RCC_GetClockConfig  stm32h7xx_hal_rcc.o
    0x080068d4   0x080068d4   0x00000044   Code   RO         2297    i.HAL_RCC_GetHCLKFreq  stm32h7xx_hal_rcc.o
    0x08006918   0x08006918   0x00000024   Code   RO         2299    i.HAL_RCC_GetPCLK1Freq  stm32h7xx_hal_rcc.o
    0x0800693c   0x0800693c   0x00000024   Code   RO         2300    i.HAL_RCC_GetPCLK2Freq  stm32h7xx_hal_rcc.o
    0x08006960   0x08006960   0x00000138   Code   RO         2301    i.HAL_RCC_GetSysClockFreq  stm32h7xx_hal_rcc.o
    0x08006a98   0x08006a98   0x00000582   Code   RO         2304    i.HAL_RCC_OscConfig  stm32h7xx_hal_rcc.o
    0x0800701a   0x0800701a   0x00000002   PAD
    0x0800701c   0x0800701c   0x0000017c   Code   RO         4714    i.HAL_SPI_Init      stm32h7xx_hal_spi.o
    0x08007198   0x08007198   0x00000188   Code   RO          420    i.HAL_SPI_MspInit   spi.o
    0x08007320   0x08007320   0x00000002   Code   RO         1559    i.HAL_TIMEx_Break2Callback  stm32h7xx_hal_tim_ex.o
    0x08007322   0x08007322   0x00000002   Code   RO         1560    i.HAL_TIMEx_BreakCallback  stm32h7xx_hal_tim_ex.o
    0x08007324   0x08007324   0x00000002   Code   RO         1561    i.HAL_TIMEx_CommutCallback  stm32h7xx_hal_tim_ex.o
    0x08007326   0x08007326   0x00000062   Code   RO          845    i.HAL_TIM_Base_Init  stm32h7xx_hal_tim.o
    0x08007388   0x08007388   0x00000002   Code   RO          847    i.HAL_TIM_Base_MspInit  stm32h7xx_hal_tim.o
    0x0800738a   0x0800738a   0x00000002   PAD
    0x0800738c   0x0800738c   0x0000008c   Code   RO          850    i.HAL_TIM_Base_Start_IT  stm32h7xx_hal_tim.o
    0x08007418   0x08007418   0x00000002   Code   RO          879    i.HAL_TIM_IC_CaptureCallback  stm32h7xx_hal_tim.o
    0x0800741a   0x0800741a   0x00000148   Code   RO          893    i.HAL_TIM_IRQHandler  stm32h7xx_hal_tim.o
    0x08007562   0x08007562   0x00000002   Code   RO          896    i.HAL_TIM_OC_DelayElapsedCallback  stm32h7xx_hal_tim.o
    0x08007564   0x08007564   0x00000002   Code   RO          923    i.HAL_TIM_PWM_PulseFinishedCallback  stm32h7xx_hal_tim.o
    0x08007566   0x08007566   0x00000002   PAD
    0x08007568   0x08007568   0x00000014   Code   RO           14    i.HAL_TIM_PeriodElapsedCallback  main.o
    0x0800757c   0x0800757c   0x00000002   Code   RO          936    i.HAL_TIM_TriggerCallback  stm32h7xx_hal_tim.o
    0x0800757e   0x0800757e   0x00000040   Code   RO         5452    i.HAL_UARTEx_DisableFifoMode  stm32h7xx_hal_uart_ex.o
    0x080075be   0x080075be   0x0000004a   Code   RO         5458    i.HAL_UARTEx_ReceiveToIdle_DMA  stm32h7xx_hal_uart_ex.o
    0x08007608   0x08007608   0x00000074   Code   RO         7615    i.HAL_UARTEx_RxEventCallback  task_gyro.o
    0x0800767c   0x0800767c   0x00000002   Code   RO         5460    i.HAL_UARTEx_RxFifoFullCallback  stm32h7xx_hal_uart_ex.o
    0x0800767e   0x0800767e   0x0000004c   Code   RO         5461    i.HAL_UARTEx_SetRxFifoThreshold  stm32h7xx_hal_uart_ex.o
    0x080076ca   0x080076ca   0x0000004c   Code   RO         5462    i.HAL_UARTEx_SetTxFifoThreshold  stm32h7xx_hal_uart_ex.o
    0x08007716   0x08007716   0x00000002   Code   RO         5464    i.HAL_UARTEx_TxFifoEmptyCallback  stm32h7xx_hal_uart_ex.o
    0x08007718   0x08007718   0x00000002   Code   RO         5465    i.HAL_UARTEx_WakeupCallback  stm32h7xx_hal_uart_ex.o
    0x0800771a   0x0800771a   0x00000002   PAD
    0x0800771c   0x0800771c   0x00000024   Code   RO         7616    i.HAL_UART_ErrorCallback  task_gyro.o
    0x08007740   0x08007740   0x0000039c   Code   RO         5060    i.HAL_UART_IRQHandler  stm32h7xx_hal_uart.o
    0x08007adc   0x08007adc   0x0000006a   Code   RO         5061    i.HAL_UART_Init     stm32h7xx_hal_uart.o
    0x08007b46   0x08007b46   0x00000002   PAD
    0x08007b48   0x08007b48   0x00000258   Code   RO          474    i.HAL_UART_MspInit  usart.o
    0x08007da0   0x08007da0   0x00000002   Code   RO         5068    i.HAL_UART_RxCpltCallback  stm32h7xx_hal_uart.o
    0x08007da2   0x08007da2   0x00000002   Code   RO         5069    i.HAL_UART_RxHalfCpltCallback  stm32h7xx_hal_uart.o
    0x08007da4   0x08007da4   0x000000b0   Code   RO         5070    i.HAL_UART_Transmit  stm32h7xx_hal_uart.o
    0x08007e54   0x08007e54   0x00000002   Code   RO         5073    i.HAL_UART_TxCpltCallback  stm32h7xx_hal_uart.o
    0x08007e56   0x08007e56   0x00000002   Code   RO          676    i.HardFault_Handler  stm32h7xx_it.o
    0x08007e58   0x08007e58   0x0000000c   Code   RO          524    i.INS_DefaultConfig  ins_nav.o
    0x08007e64   0x08007e64   0x00000004   Code   RO          526    i.INS_Init          ins_nav.o
    0x08007e68   0x08007e68   0x0000006a   Code   RO          528    i.INS_Reset         ins_nav.o
    0x08007ed2   0x08007ed2   0x00000002   PAD
    0x08007ed4   0x08007ed4   0x0000017c   Code   RO          530    i.INS_Update        ins_nav.o
    0x08008050   0x08008050   0x00000066   Code   RO          531    i.INS_UpdateSensorFrame  ins_nav.o
    0x080080b6   0x080080b6   0x00000002   PAD
    0x080080b8   0x080080b8   0x0000006c   Code   RO         7372    i.InitTask          app_rtos.o
    0x08008124   0x08008124   0x00000008   Code   RO         1879    i.LL_ADC_INJ_IsConversionOngoing  stm32h7xx_hal_adc.o
    0x0800812c   0x0800812c   0x00000008   Code   RO         1880    i.LL_ADC_REG_IsConversionOngoing  stm32h7xx_hal_adc.o
    0x08008134   0x08008134   0x00000008   Code   RO         2097    i.LL_ADC_REG_IsConversionOngoing  stm32h7xx_hal_adc_ex.o
    0x0800813c   0x0800813c   0x00000010   Code   RO         1881    i.LL_ADC_REG_IsTriggerSourceSWStart  stm32h7xx_hal_adc.o
    0x0800814c   0x0800814c   0x000000ac   Code   RO          313    i.MX_ADC1_Init      adc.o
    0x080081f8   0x080081f8   0x0000006c   Code   RO          353    i.MX_DMA_Init       dma.o
    0x08008264   0x08008264   0x00000024   Code   RO          264    i.MX_FREERTOS_Init  freertos.o
    0x08008288   0x08008288   0x00000134   Code   RO          240    i.MX_GPIO_Init      gpio.o
    0x080083bc   0x080083bc   0x00000058   Code   RO          379    i.MX_I2C1_Init      i2c.o
    0x08008414   0x08008414   0x00000058   Code   RO          421    i.MX_SPI1_Init      spi.o
    0x0800846c   0x0800846c   0x0000005c   Code   RO          422    i.MX_SPI2_Init      spi.o
    0x080084c8   0x080084c8   0x00000058   Code   RO          423    i.MX_SPI4_Init      spi.o
    0x08008520   0x08008520   0x00000068   Code   RO          475    i.MX_USART1_UART_Init  usart.o
    0x08008588   0x08008588   0x00000068   Code   RO          476    i.MX_USART2_UART_Init  usart.o
    0x080085f0   0x080085f0   0x00000068   Code   RO          477    i.MX_USART3_UART_Init  usart.o
    0x08008658   0x08008658   0x00000002   Code   RO          677    i.MemManage_Handler  stm32h7xx_it.o
    0x0800865a   0x0800865a   0x00000002   Code   RO          678    i.NMI_Handler       stm32h7xx_it.o
    0x0800865c   0x0800865c   0x00000120   Code   RO         2419    i.RCCEx_PLL2_Config  stm32h7xx_hal_rcc_ex.o
    0x0800877c   0x0800877c   0x00000120   Code   RO         2420    i.RCCEx_PLL3_Config  stm32h7xx_hal_rcc_ex.o
    0x0800889c   0x0800889c   0x00000008   Code   RO          265    i.StartDefaultTask  freertos.o
    0x080088a4   0x080088a4   0x0000001a   Code   RO         6720    i.SysTick_Handler   cmsis_os2.o
    0x080088be   0x080088be   0x00000002   PAD
    0x080088c0   0x080088c0   0x000000a8   Code   RO           15    i.SystemClock_Config  main.o
    0x08008968   0x08008968   0x000000f8   Code   RO         5572    i.SystemInit        system_stm32h7xx.o
    0x08008a60   0x08008a60   0x0000000c   Code   RO          679    i.TIM17_IRQHandler  stm32h7xx_it.o
    0x08008a6c   0x08008a6c   0x000000cc   Code   RO          938    i.TIM_Base_SetConfig  stm32h7xx_hal_tim.o
    0x08008b38   0x08008b38   0x000000e0   Code   RO         7679    i.Task_AdcEntry     task_adc.o
    0x08008c18   0x08008c18   0x0000001c   Code   RO         7680    i.Task_AdcInitHardware  task_adc.o
    0x08008c34   0x08008c34   0x000000a0   Code   RO         7721    i.Task_ControlEntry  task_control.o
    0x08008cd4   0x08008cd4   0x000000bc   Code   RO         7746    i.Task_DebugEntry   task_debug.o
    0x08008d90   0x08008d90   0x00000004   Code   RO         7747    i.Task_DebugInitHardware  task_debug.o
    0x08008d94   0x08008d94   0x00000104   Code   RO         7617    i.Task_GyroEntry    task_gyro.o
    0x08008e98   0x08008e98   0x000000c4   Code   RO         7618    i.Task_GyroStartRx  task_gyro.o
    0x08008f5c   0x08008f5c   0x000000e4   Code   RO         7791    i.Task_LoraEntry    task_lora.o
    0x08009040   0x08009040   0x0000000a   Code   RO         7792    i.Task_LoraInitHardware  task_lora.o
    0x0800904a   0x0800904a   0x00000002   PAD
    0x0800904c   0x0800904c   0x000001bc   Code   RO         7839    i.Task_ReturnEntry  task_return.o
    0x08009208   0x08009208   0x000000a8   Code   RO         7885    i.Task_Spo2Entry    task_spo2.o
    0x080092b0   0x080092b0   0x00000038   Code   RO         7886    i.Task_Spo2InitHardware  task_spo2.o
    0x080092e8   0x080092e8   0x000000e8   Code   RO         7928    i.Task_UiEntry      task_ui.o
    0x080093d0   0x080093d0   0x00000008   Code   RO         7929    i.Task_UiInitHardware  task_ui.o
    0x080093d8   0x080093d8   0x00000044   Code   RO         5466    i.UARTEx_SetNbDataToProcess  stm32h7xx_hal_uart_ex.o
    0x0800941c   0x0800941c   0x000000c8   Code   RO         5075    i.UART_AdvFeatureConfig  stm32h7xx_hal_uart.o
    0x080094e4   0x080094e4   0x000000aa   Code   RO         5076    i.UART_CheckIdleState  stm32h7xx_hal_uart.o
    0x0800958e   0x0800958e   0x00000010   Code   RO         5077    i.UART_DMAAbortOnError  stm32h7xx_hal_uart.o
    0x0800959e   0x0800959e   0x0000004e   Code   RO         5078    i.UART_DMAError     stm32h7xx_hal_uart.o
    0x080095ec   0x080095ec   0x00000082   Code   RO         5079    i.UART_DMAReceiveCplt  stm32h7xx_hal_uart.o
    0x0800966e   0x0800966e   0x00000020   Code   RO         5081    i.UART_DMARxHalfCplt  stm32h7xx_hal_uart.o
    0x0800968e   0x0800968e   0x00000002   PAD
    0x08009690   0x08009690   0x00000054   Code   RO         5087    i.UART_EndRxTransfer  stm32h7xx_hal_uart.o
    0x080096e4   0x080096e4   0x0000002e   Code   RO         5088    i.UART_EndTxTransfer  stm32h7xx_hal_uart.o
    0x08009712   0x08009712   0x00000002   PAD
    0x08009714   0x08009714   0x000003ac   Code   RO         5093    i.UART_SetConfig    stm32h7xx_hal_uart.o
    0x08009ac0   0x08009ac0   0x000000a8   Code   RO         5094    i.UART_Start_Receive_DMA  stm32h7xx_hal_uart.o
    0x08009b68   0x08009b68   0x00000094   Code   RO         5100    i.UART_WaitOnFlagUntilTimeout  stm32h7xx_hal_uart.o
    0x08009bfc   0x08009bfc   0x0000000c   Code   RO          680    i.USART1_IRQHandler  stm32h7xx_it.o
    0x08009c08   0x08009c08   0x0000000c   Code   RO          681    i.USART2_IRQHandler  stm32h7xx_it.o
    0x08009c14   0x08009c14   0x00000002   Code   RO          682    i.UsageFault_Handler  stm32h7xx_it.o
    0x08009c16   0x08009c16   0x00000030   Code   RO         8292    i.__ARM_fpclassify  m_wv.l(fpclassify.o)
    0x08009c46   0x08009c46   0x00000026   Code   RO         8182    i.__ARM_fpclassifyf  m_wv.l(fpclassifyf.o)
    0x08009c6c   0x08009c6c   0x00000022   Code   RO         3661    i.__NVIC_SetPriority  stm32h7xx_hal_cortex.o
    0x08009c8e   0x08009c8e   0x00000002   PAD
    0x08009c90   0x08009c90   0x00000258   Code   RO         8023    i.__hardfp_atan2f   m_wv.l(atan2f.o)
    0x08009ee8   0x08009ee8   0x00000170   Code   RO         8035    i.__hardfp_atanf    m_wv.l(atanf.o)
    0x0800a058   0x0800a058   0x00000150   Code   RO         8047    i.__hardfp_cosf     m_wv.l(cosf.o)
    0x0800a1a8   0x0800a1a8   0x00000194   Code   RO         8059    i.__hardfp_sinf     m_wv.l(sinf.o)
    0x0800a33c   0x0800a33c   0x0000003a   Code   RO         8071    i.__hardfp_sqrtf    m_wv.l(sqrtf.o)
    0x0800a376   0x0800a376   0x00000002   PAD
    0x0800a378   0x0800a378   0x00000180   Code   RO         8083    i.__hardfp_tanf     m_wv.l(tanf.o)
    0x0800a4f8   0x0800a4f8   0x00000006   Code   RO         8185    i.__mathlib_flt_infnan  m_wv.l(funder.o)
    0x0800a4fe   0x0800a4fe   0x00000006   Code   RO         8186    i.__mathlib_flt_infnan2  m_wv.l(funder.o)
    0x0800a504   0x0800a504   0x00000010   Code   RO         8187    i.__mathlib_flt_invalid  m_wv.l(funder.o)
    0x0800a514   0x0800a514   0x00000010   Code   RO         8190    i.__mathlib_flt_underflow  m_wv.l(funder.o)
    0x0800a524   0x0800a524   0x00000154   Code   RO         8198    i.__mathlib_rredf2  m_wv.l(rredf.o)
    0x0800a678   0x0800a678   0x0000000e   Code   RO         7996    i._is_digit         c_w.l(__printf_wp.o)
    0x0800a686   0x0800a686   0x00000014   Code   RO         7485    i.app_state_tick    app_state.o
    0x0800a69a   0x0800a69a   0x000000a4   Code   RO          532    i.ins_attitude_from_quaternion  ins_nav.o
    0x0800a73e   0x0800a73e   0x00000002   PAD
    0x0800a740   0x0800a740   0x0000005c   Code   RO          533    i.ins_calc_radii    ins_nav.o
    0x0800a79c   0x0800a79c   0x00000078   Code   RO          534    i.ins_delta_quaternion  ins_nav.o
    0x0800a814   0x0800a814   0x00000224   Code   RO          535    i.ins_extrapolation  ins_nav.o
    0x0800aa38   0x0800aa38   0x00000078   Code   RO          536    i.ins_normal_gravity  ins_nav.o
    0x0800aab0   0x0800aab0   0x00000114   Code   RO          537    i.ins_position_update  ins_nav.o
    0x0800abc4   0x0800abc4   0x0000016c   Code   RO          538    i.ins_posture_update  ins_nav.o
    0x0800ad30   0x0800ad30   0x00000152   Code   RO          539    i.ins_quaternion_from_attitude  ins_nav.o
    0x0800ae82   0x0800ae82   0x00000052   Code   RO          540    i.ins_quaternion_multiply  ins_nav.o
    0x0800aed4   0x0800aed4   0x00000060   Code   RO          541    i.ins_quaternion_normalize  ins_nav.o
    0x0800af34   0x0800af34   0x000000d8   Code   RO          542    i.ins_rotate_b_to_n  ins_nav.o
    0x0800b00c   0x0800b00c   0x0000000e   Code   RO          543    i.ins_vec3_add      ins_nav.o
    0x0800b01a   0x0800b01a   0x0000002a   Code   RO          544    i.ins_vec3_cross    ins_nav.o
    0x0800b044   0x0800b044   0x0000000e   Code   RO          545    i.ins_vec3_scale    ins_nav.o
    0x0800b052   0x0800b052   0x0000000e   Code   RO          546    i.ins_vec3_sub      ins_nav.o
    0x0800b060   0x0800b060   0x000002f0   Code   RO          547    i.ins_velocity_update  ins_nav.o
    0x0800b350   0x0800b350   0x0000008a   Code   RO           16    i.main              main.o
    0x0800b3da   0x0800b3da   0x0000001c   Code   RO         6722    i.osDelay           cmsis_os2.o
    0x0800b3f6   0x0800b3f6   0x0000002e   Code   RO         6723    i.osDelayUntil      cmsis_os2.o
    0x0800b424   0x0800b424   0x0000002c   Code   RO         6727    i.osEventFlagsNew   cmsis_os2.o
    0x0800b450   0x0800b450   0x00000054   Code   RO         6728    i.osEventFlagsSet   cmsis_os2.o
    0x0800b4a4   0x0800b4a4   0x00000062   Code   RO         6729    i.osEventFlagsWait  cmsis_os2.o
    0x0800b506   0x0800b506   0x00000002   PAD
    0x0800b508   0x0800b508   0x00000020   Code   RO         6731    i.osKernelGetState  cmsis_os2.o
    0x0800b528   0x0800b528   0x0000000e   Code   RO         6734    i.osKernelGetTickCount  cmsis_os2.o
    0x0800b536   0x0800b536   0x00000002   PAD
    0x0800b538   0x0800b538   0x00000024   Code   RO         6736    i.osKernelInitialize  cmsis_os2.o
    0x0800b55c   0x0800b55c   0x00000038   Code   RO         6739    i.osKernelStart     cmsis_os2.o
    0x0800b594   0x0800b594   0x00000064   Code   RO         6751    i.osMessageQueueGet  cmsis_os2.o
    0x0800b5f8   0x0800b5f8   0x00000058   Code   RO         6756    i.osMessageQueueNew  cmsis_os2.o
    0x0800b650   0x0800b650   0x00000068   Code   RO         6757    i.osMessageQueuePut  cmsis_os2.o
    0x0800b6b8   0x0800b6b8   0x00000052   Code   RO         6759    i.osMutexAcquire    cmsis_os2.o
    0x0800b70a   0x0800b70a   0x00000068   Code   RO         6762    i.osMutexNew        cmsis_os2.o
    0x0800b772   0x0800b772   0x00000042   Code   RO         6763    i.osMutexRelease    cmsis_os2.o
    0x0800b7b4   0x0800b7b4   0x00000060   Code   RO         6764    i.osSemaphoreAcquire  cmsis_os2.o
    0x0800b814   0x0800b814   0x00000098   Code   RO         6767    i.osSemaphoreNew    cmsis_os2.o
    0x0800b8ac   0x0800b8ac   0x0000005c   Code   RO         6768    i.osSemaphoreRelease  cmsis_os2.o
    0x0800b908   0x0800b908   0x00000008   Code   RO         6770    i.osThreadExit      cmsis_os2.o
    0x0800b910   0x0800b910   0x00000090   Code   RO         6781    i.osThreadNew       cmsis_os2.o
    0x0800b9a0   0x0800b9a0   0x0000005c   Code   RO         6181    i.prvAddCurrentTaskToDelayedList  tasks.o
    0x0800b9fc   0x0800b9fc   0x000000d0   Code   RO         6182    i.prvAddNewTaskToReadyList  tasks.o
    0x0800bacc   0x0800bacc   0x00000058   Code   RO         6546    i.prvCheckForValidListAndQueue  timers.o
    0x0800bb24   0x0800bb24   0x00000026   Code   RO         5781    i.prvCopyDataFromQueue  queue.o
    0x0800bb4a   0x0800bb4a   0x0000006c   Code   RO         5782    i.prvCopyDataToQueue  queue.o
    0x0800bbb6   0x0800bbb6   0x00000034   Code   RO         6183    i.prvDeleteTCB      tasks.o
    0x0800bbea   0x0800bbea   0x00000002   PAD
    0x0800bbec   0x0800bbec   0x00000050   Code   RO         7233    i.prvHeapInit       heap_4.o
    0x0800bc3c   0x0800bc3c   0x00000060   Code   RO         6184    i.prvIdleTask       tasks.o
    0x0800bc9c   0x0800bc9c   0x00000016   Code   RO         5783    i.prvInitialiseMutex  queue.o
    0x0800bcb2   0x0800bcb2   0x00000002   PAD
    0x0800bcb4   0x0800bcb4   0x00000022   Code   RO         5784    i.prvInitialiseNewQueue  queue.o
    0x0800bcd6   0x0800bcd6   0x000000b0   Code   RO         6185    i.prvInitialiseNewTask  tasks.o
    0x0800bd86   0x0800bd86   0x00000002   PAD
    0x0800bd88   0x0800bd88   0x0000004c   Code   RO         7234    i.prvInsertBlockIntoFreeList  heap_4.o
    0x0800bdd4   0x0800bdd4   0x0000003c   Code   RO         6548    i.prvInsertTimerInActiveList  timers.o
    0x0800be10   0x0800be10   0x0000001c   Code   RO         5785    i.prvIsQueueEmpty   queue.o
    0x0800be2c   0x0800be2c   0x000000f8   Code   RO         6549    i.prvProcessReceivedCommands  timers.o
    0x0800bf24   0x0800bf24   0x000000c0   Code   RO         6550    i.prvProcessTimerOrBlockTask  timers.o
    0x0800bfe4   0x0800bfe4   0x00000020   Code   RO         6187    i.prvResetNextTaskUnblockTime  tasks.o
    0x0800c004   0x0800c004   0x00000028   Code   RO         6551    i.prvSampleTimeNow  timers.o
    0x0800c02c   0x0800c02c   0x0000006c   Code   RO         6552    i.prvSwitchTimerLists  timers.o
    0x0800c098   0x0800c098   0x00000028   Code   RO         7289    i.prvTaskExitError  port.o
    0x0800c0c0   0x0800c0c0   0x00000018   Code   RO         5619    i.prvTestWaitCondition  event_groups.o
    0x0800c0d8   0x0800c0d8   0x00000024   Code   RO         6553    i.prvTimerTask      timers.o
    0x0800c0fc   0x0800c0fc   0x0000006a   Code   RO         5786    i.prvUnlockQueue    queue.o
    0x0800c166   0x0800c166   0x00000002   PAD
    0x0800c168   0x0800c168   0x000000dc   Code   RO         7235    i.pvPortMalloc      heap_4.o
    0x0800c244   0x0800c244   0x00000018   Code   RO         6190    i.pvTaskIncrementMutexHeldCount  tasks.o
    0x0800c25c   0x0800c25c   0x00000030   Code   RO         7290    i.pxPortInitialiseStack  port.o
    0x0800c28c   0x0800c28c   0x00000016   Code   RO         7840    i.task_return_set_mode  task_return.o
    0x0800c2a2   0x0800c2a2   0x00000026   Code   RO         5741    i.uxListRemove      list.o
    0x0800c2c8   0x0800c2c8   0x00000018   Code   RO         6199    i.uxTaskResetEventItemValue  tasks.o
    0x0800c2e0   0x0800c2e0   0x00000018   Code   RO         6793    i.vApplicationGetIdleTaskMemory  cmsis_os2.o
    0x0800c2f8   0x0800c2f8   0x00000018   Code   RO         6794    i.vApplicationGetTimerTaskMemory  cmsis_os2.o
    0x0800c310   0x0800c310   0x00000004   Code   RO         5623    i.vEventGroupSetBitsCallback  event_groups.o
    0x0800c314   0x0800c314   0x00000016   Code   RO         5742    i.vListInitialise   list.o
    0x0800c32a   0x0800c32a   0x00000006   Code   RO         5743    i.vListInitialiseItem  list.o
    0x0800c330   0x0800c330   0x00000030   Code   RO         5744    i.vListInsert       list.o
    0x0800c360   0x0800c360   0x00000018   Code   RO         5745    i.vListInsertEnd    list.o
    0x0800c378   0x0800c378   0x00000040   Code   RO         7292    i.vPortEnterCritical  port.o
    0x0800c3b8   0x0800c3b8   0x00000028   Code   RO         7293    i.vPortExitCritical  port.o
    0x0800c3e0   0x0800c3e0   0x00000064   Code   RO         7236    i.vPortFree         heap_4.o
    0x0800c444   0x0800c444   0x00000024   Code   RO         7294    i.vPortSetupTimerInterrupt  port.o
    0x0800c468   0x0800c468   0x00000054   Code   RO         7295    i.vPortValidateInterruptPriority  port.o
    0x0800c4bc   0x0800c4bc   0x00000028   Code   RO         5792    i.vQueueAddToRegistry  queue.o
    0x0800c4e4   0x0800c4e4   0x0000002e   Code   RO         5793    i.vQueueDelete      queue.o
    0x0800c512   0x0800c512   0x00000002   PAD
    0x0800c514   0x0800c514   0x00000028   Code   RO         5795    i.vQueueUnregisterQueue  queue.o
    0x0800c53c   0x0800c53c   0x00000044   Code   RO         5796    i.vQueueWaitForMessageRestricted  queue.o
    0x0800c580   0x0800c580   0x0000004c   Code   RO         6200    i.vTaskDelay        tasks.o
    0x0800c5cc   0x0800c5cc   0x0000008c   Code   RO         6201    i.vTaskDelayUntil   tasks.o
    0x0800c658   0x0800c658   0x00000090   Code   RO         6202    i.vTaskDelete       tasks.o
    0x0800c6e8   0x0800c6e8   0x00000010   Code   RO         6205    i.vTaskInternalSetTimeOutState  tasks.o
    0x0800c6f8   0x0800c6f8   0x0000000c   Code   RO         6206    i.vTaskMissedYield  tasks.o
    0x0800c704   0x0800c704   0x00000030   Code   RO         6208    i.vTaskPlaceOnEventList  tasks.o
    0x0800c734   0x0800c734   0x00000038   Code   RO         6209    i.vTaskPlaceOnEventListRestricted  tasks.o
    0x0800c76c   0x0800c76c   0x00000050   Code   RO         6210    i.vTaskPlaceOnUnorderedEventList  tasks.o
    0x0800c7bc   0x0800c7bc   0x00000090   Code   RO         6211    i.vTaskPriorityDisinheritAfterTimeout  tasks.o
    0x0800c84c   0x0800c84c   0x00000070   Code   RO         6213    i.vTaskRemoveFromUnorderedEventList  tasks.o
    0x0800c8bc   0x0800c8bc   0x00000088   Code   RO         6217    i.vTaskStartScheduler  tasks.o
    0x0800c944   0x0800c944   0x00000010   Code   RO         6219    i.vTaskSuspendAll   tasks.o
    0x0800c954   0x0800c954   0x00000064   Code   RO         6220    i.vTaskSwitchContext  tasks.o
    0x0800c9b8   0x0800c9b8   0x0000001c   Code   RO         5627    i.xEventGroupCreate  event_groups.o
    0x0800c9d4   0x0800c9d4   0x0000002a   Code   RO         5628    i.xEventGroupCreateStatic  event_groups.o
    0x0800c9fe   0x0800c9fe   0x00000002   PAD
    0x0800ca00   0x0800ca00   0x00000090   Code   RO         5630    i.xEventGroupSetBits  event_groups.o
    0x0800ca90   0x0800ca90   0x00000010   Code   RO         5631    i.xEventGroupSetBitsFromISR  event_groups.o
    0x0800caa0   0x0800caa0   0x00000108   Code   RO         5633    i.xEventGroupWaitBits  event_groups.o
    0x0800cba8   0x0800cba8   0x000000f4   Code   RO         7296    i.xPortStartScheduler  port.o
    0x0800cc9c   0x0800cc9c   0x0000002c   Code   RO         7297    i.xPortSysTickHandler  port.o
    0x0800ccc8   0x0800ccc8   0x0000003a   Code   RO         5797    i.xQueueCreateCountingSemaphore  queue.o
    0x0800cd02   0x0800cd02   0x00000040   Code   RO         5798    i.xQueueCreateCountingSemaphoreStatic  queue.o
    0x0800cd42   0x0800cd42   0x00000016   Code   RO         5799    i.xQueueCreateMutex  queue.o
    0x0800cd58   0x0800cd58   0x0000001a   Code   RO         5800    i.xQueueCreateMutexStatic  queue.o
    0x0800cd72   0x0800cd72   0x00000042   Code   RO         5801    i.xQueueGenericCreate  queue.o
    0x0800cdb4   0x0800cdb4   0x00000066   Code   RO         5802    i.xQueueGenericCreateStatic  queue.o
    0x0800ce1a   0x0800ce1a   0x00000002   PAD
    0x0800ce1c   0x0800ce1c   0x00000094   Code   RO         5803    i.xQueueGenericReset  queue.o
    0x0800ceb0   0x0800ceb0   0x00000160   Code   RO         5804    i.xQueueGenericSend  queue.o
    0x0800d010   0x0800d010   0x000000be   Code   RO         5805    i.xQueueGenericSendFromISR  queue.o
    0x0800d0ce   0x0800d0ce   0x0000009c   Code   RO         5808    i.xQueueGiveFromISR  queue.o
    0x0800d16a   0x0800d16a   0x0000003e   Code   RO         5809    i.xQueueGiveMutexRecursive  queue.o
    0x0800d1a8   0x0800d1a8   0x0000013c   Code   RO         5814    i.xQueueReceive     queue.o
    0x0800d2e4   0x0800d2e4   0x0000009c   Code   RO         5815    i.xQueueReceiveFromISR  queue.o
    0x0800d380   0x0800d380   0x0000017c   Code   RO         5816    i.xQueueSemaphoreTake  queue.o
    0x0800d4fc   0x0800d4fc   0x0000003c   Code   RO         5817    i.xQueueTakeMutexRecursive  queue.o
    0x0800d538   0x0800d538   0x00000078   Code   RO         6222    i.xTaskCheckForTimeOut  tasks.o
    0x0800d5b0   0x0800d5b0   0x0000005a   Code   RO         6223    i.xTaskCreate       tasks.o
    0x0800d60a   0x0800d60a   0x00000056   Code   RO         6224    i.xTaskCreateStatic  tasks.o
    0x0800d660   0x0800d660   0x0000000c   Code   RO         6227    i.xTaskGetCurrentTaskHandle  tasks.o
    0x0800d66c   0x0800d66c   0x0000001c   Code   RO         6228    i.xTaskGetSchedulerState  tasks.o
    0x0800d688   0x0800d688   0x0000000c   Code   RO         6229    i.xTaskGetTickCount  tasks.o
    0x0800d694   0x0800d694   0x00000010   Code   RO         6230    i.xTaskGetTickCountFromISR  tasks.o
    0x0800d6a4   0x0800d6a4   0x000000c8   Code   RO         6231    i.xTaskIncrementTick  tasks.o
    0x0800d76c   0x0800d76c   0x0000007c   Code   RO         6234    i.xTaskPriorityDisinherit  tasks.o
    0x0800d7e8   0x0800d7e8   0x0000007c   Code   RO         6235    i.xTaskPriorityInherit  tasks.o
    0x0800d864   0x0800d864   0x00000070   Code   RO         6236    i.xTaskRemoveFromEventList  tasks.o
    0x0800d8d4   0x0800d8d4   0x000000c4   Code   RO         6237    i.xTaskResumeAll    tasks.o
    0x0800d998   0x0800d998   0x00000060   Code   RO         6562    i.xTimerCreateTimerTask  timers.o
    0x0800d9f8   0x0800d9f8   0x00000068   Code   RO         6563    i.xTimerGenericCommand  timers.o
    0x0800da60   0x0800da60   0x00000028   Code   RO         6569    i.xTimerPendFunctionCallFromISR  timers.o
    0x0800da88   0x0800da88   0x0000002c   Code   RO         8276    locale$$code        c_w.l(lc_numeric_c.o)
    0x0800dab4   0x0800dab4   0x0000002c   Code   RO         8299    locale$$code        c_w.l(lc_ctype_c.o)
    0x0800dae0   0x0800dae0   0x0000000a   Code   RO         8367    x$fpl$fpinit        fz_wv.l(fpinit.o)
    0x0800daea   0x0800daea   0x00000004   Code   RO         8173    x$fpl$printf1       fz_wv.l(printf1.o)
    0x0800daee   0x0800daee   0x00000004   Code   RO         8175    x$fpl$printf2       fz_wv.l(printf2.o)
    0x0800daf2   0x0800daf2   0x00000000   Code   RO         8181    x$fpl$usenofp       fz_wv.l(usenofp.o)
    0x0800daf2   0x0800daf2   0x00000002   PAD
    0x0800daf4   0x0800daf4   0x00000024   Data   RO          266    .constdata          freertos.o
    0x0800db18   0x0800db18   0x00000010   Data   RO          548    .constdata          ins_nav.o
    0x0800db28   0x0800db28   0x00000008   Data   RO         2950    .constdata          stm32h7xx_hal_dma.o
    0x0800db30   0x0800db30   0x00000018   Data   RO         5101    .constdata          stm32h7xx_hal_uart.o
    0x0800db48   0x0800db48   0x00000010   Data   RO         5467    .constdata          stm32h7xx_hal_uart_ex.o
    0x0800db58   0x0800db58   0x00000010   Data   RO         5573    .constdata          system_stm32h7xx.o
    0x0800db68   0x0800db68   0x00000144   Data   RO         7373    .constdata          app_rtos.o
    0x0800dcac   0x0800dcac   0x00000011   Data   RO         8004    .constdata          c_w.l(__printf_flags_ss_wp.o)
    0x0800dcbd   0x0800dcbd   0x00000003   PAD
    0x0800dcc0   0x0800dcc0   0x00000008   Data   RO         8119    .constdata          c_w.l(_printf_wctomb.o)
    0x0800dcc8   0x0800dcc8   0x00000028   Data   RO         8148    .constdata          c_w.l(_printf_hex_int_ll_ptr.o)
    0x0800dcf0   0x0800dcf0   0x00000020   Data   RO         8199    .constdata          m_wv.l(rredf.o)
    0x0800dd10   0x0800dd10   0x00000026   Data   RO         8228    .constdata          c_w.l(_printf_fp_hex.o)
    0x0800dd36   0x0800dd36   0x00000002   PAD
    0x0800dd38   0x0800dd38   0x00000094   Data   RO         8251    .constdata          c_w.l(bigflt0.o)
    0x0800ddcc   0x0800ddcc   0x0000000c   Data   RO          267    .conststring        freertos.o
    0x0800ddd8   0x0800ddd8   0x00000061   Data   RO         7374    .conststring        app_rtos.o
    0x0800de39   0x0800de39   0x00000003   PAD
    0x0800de3c   0x0800de3c   0x00000020   Data   RO         8423    Region$$Table       anon$$obj.o
    0x0800de5c   0x0800de5c   0x0000001c   Data   RO         8275    locale$$data        c_w.l(lc_numeric_c.o)
    0x0800de78   0x0800de78   0x00000110   Data   RO         8298    locale$$data        c_w.l(lc_ctype_c.o)


    Execution Region RW_IRAM1 (Exec base: 0x20000000, Load base: 0x0800df88, Size: 0x00000000, Max: 0x00020000, ABSOLUTE)

    **** No section assigned to this execution region ****


    Execution Region RW_IRAM2 (Exec base: 0x24000000, Load base: 0x0800df88, Size: 0x00021d68, Max: 0x00080000, ABSOLUTE)

    Exec Addr    Load Addr    Size         Type   Attr      Idx    E Section Name        Object

    0x24000000   0x0800df88   0x00000004   Data   RW          268    .data               freertos.o
    0x24000004   0x0800df8c   0x0000000c   Data   RW         3841    .data               stm32h7xx_hal.o
    0x24000010   0x0800df98   0x00000008   Data   RW         5574    .data               system_stm32h7xx.o
    0x24000018   0x0800dfa0   0x0000003c   Data   RW         6240    .data               tasks.o
    0x24000054   0x0800dfdc   0x00000014   Data   RW         6571    .data               timers.o
    0x24000068   0x0800dff0   0x00000004   Data   RW         6796    .data               cmsis_os2.o
    0x2400006c   0x0800dff4   0x00000020   Data   RW         7242    .data               heap_4.o
    0x2400008c   0x0800e014   0x0000000c   Data   RW         7298    .data               port.o
    0x24000098   0x0800e020   0x00000058   Data   RW         7375    .data               app_rtos.o
    0x240000f0   0x0800e078   0x00000004   Data   RW         7487    .data               app_state.o
    0x240000f4   0x0800e07c   0x00000008   Data   RW         7620    .data               task_gyro.o
    0x240000fc   0x0800e084   0x00000008   Data   RW         7681    .data               task_adc.o
    0x24000104        -       0x000000dc   Zero   RW          314    .bss                adc.o
    0x240001e0        -       0x00000054   Zero   RW          380    .bss                i2c.o
    0x24000234        -       0x00000198   Zero   RW          424    .bss                spi.o
    0x240003cc        -       0x0000039c   Zero   RW          478    .bss                usart.o
    0x24000768        -       0x0000004c   Zero   RW          807    .bss                stm32h7xx_hal_timebase_tim.o
    0x240007b4        -       0x00000040   Zero   RW         5818    .bss                queue.o
    0x240007f4        -       0x000004c4   Zero   RW         6239    .bss                tasks.o
    0x24000cb8        -       0x00000118   Zero   RW         6570    .bss                timers.o
    0x24000dd0        -       0x000006b8   Zero   RW         6795    .bss                cmsis_os2.o
    0x24001488        -       0x00020000   Zero   RW         7241    .bss                heap_4.o
    0x24021488        -       0x0000021c   Zero   RW         7486    .bss                app_state.o
    0x240216a4        -       0x00000060   Zero   RW         7619    .bss                task_gyro.o
    0x24021704        -       0x00000060   Zero   RW         8237    .bss                c_w.l(libspace.o)
    0x24021764   0x0800e08c   0x00000004   PAD
    0x24021768        -       0x00000200   Zero   RW            2    HEAP                startup_stm32h743xx.o
    0x24021968        -       0x00000400   Zero   RW            1    STACK               startup_stm32h743xx.o


==============================================================================

Image component sizes


      Code (inc. data)   RO Data    RW Data    ZI Data      Debug   Object Name

       428         40          0          0        220       2095   adc.o
       780         94        421         88          0       9480   app_rtos.o
       776        100          0          4        540       8027   app_state.o
      1548         50          0          4       1720      86016   cmsis_os2.o
       108          4          0          0          0        898   dma.o
       522          8          0          0          0      27398   event_groups.o
        44         12         48          4          0       1793   freertos.o
       308         20          0          0          0       1171   gpio.o
       476         24          0         32     131072       4887   heap_4.o
       220         24          0          0         84       1829   i2c.o
      3856        102         16          0          0      19912   ins_nav.o
       138          0          0          0          0       3582   list.o
       330         16          0          0          0    1367044   main.o
       790         84          0         12          0      11449   port.o
      2688         30          0          0         64      29940   queue.o
       660         56          0          0        408       3371   spi.o
        72         30        664          0       1536        832   startup_stm32h743xx.o
       132         32          0         12          0      22049   stm32h7xx_hal.o
      3602        288          0          0          0      79676   stm32h7xx_hal_adc.o
       314         22          0          0          0      65964   stm32h7xx_hal_adc_ex.o
       316         28          0          0          0      40952   stm32h7xx_hal_cortex.o
      5988        246          8          0          0      11770   stm32h7xx_hal_dma.o
       566         50          0          0          0       2284   stm32h7xx_hal_gpio.o
       192          6          0          0          0       3335   stm32h7xx_hal_i2c.o
       172          0          0          0          0       2043   stm32h7xx_hal_i2c_ex.o
        36          4          0          0          0        918   stm32h7xx_hal_msp.o
        84          6          0          0          0        773   stm32h7xx_hal_pwr_ex.o
      2558        110          0          0          0       7765   stm32h7xx_hal_rcc.o
      4776        174          0          0          0      10451   stm32h7xx_hal_rcc_ex.o
       380         14          0          0          0       1687   stm32h7xx_hal_spi.o
       780         68          0          0          0       7524   stm32h7xx_hal_tim.o
         6          0          0          0          0       2252   stm32h7xx_hal_tim_ex.o
       132         22          0          0         76       1540   stm32h7xx_hal_timebase_tim.o
      3224        150         24          0          0      34423   stm32h7xx_hal_uart.o
       364          6         16          0          0       6285   stm32h7xx_hal_uart_ex.o
       120         54          0          0          0       6803   stm32h7xx_it.o
       276         48         16          8          0       1953   system_stm32h7xx.o
       304         38          0          8          0       3382   task_adc.o
       160         68          0          0          0       1288   task_control.o
       276         58          0          0          0       3174   task_debug.o
       614         60          0          8         96       7164   task_gyro.o
       294         26          0          0          0       3412   task_lora.o
       476         90          0          0          0       3535   task_return.o
       232         14          0          0          0       2909   task_spo2.o
       294         28          0          0          0       3323   task_ui.o
      2904        236          0         60       1220      34817   tasks.o
      1012         90          0         20        280      32755   timers.o
       912         74          0          0        924       3840   usart.o

    ----------------------------------------------------------------------
     45304       2804       1248        260     138240    1989770   Object Totals
         0          0         32          0          0          0   (incl. Generated)
        64          0          3          0          0          0   (incl. Padding)

    ----------------------------------------------------------------------

      Code (inc. data)   RO Data    RW Data    ZI Data      Debug   Library Member Name

        56          6          0          0          0         88   __2snprintf.o
         8          0          0          0          0         68   __main.o
       392          4         17          0          0         92   __printf_flags_ss_wp.o
        14          0          0          0          0         68   __printf_wp.o
         0          0          0          0          0          0   __rtentry.o
        12          0          0          0          0          0   __rtentry2.o
         6          0          0          0          0          0   __rtentry4.o
        52          8          0          0          0          0   __scatter.o
        26          0          0          0          0          0   __scatter_copy.o
        28          0          0          0          0          0   __scatter_zi.o
         6          0          0          0          0          0   _printf_a.o
         6          0          0          0          0          0   _printf_c.o
        44          0          0          0          0        108   _printf_char.o
        48          6          0          0          0         96   _printf_char_common.o
        40          0          0          0          0         68   _printf_charcount.o
         6          0          0          0          0          0   _printf_d.o
       120         16          0          0          0         92   _printf_dec.o
         6          0          0          0          0          0   _printf_e.o
         6          0          0          0          0          0   _printf_f.o
      1054          0          0          0          0        216   _printf_fp_dec.o
       764          8         38          0          0        100   _printf_fp_hex.o
       128         16          0          0          0         84   _printf_fp_infnan.o
         6          0          0          0          0          0   _printf_g.o
       148          4         40          0          0        160   _printf_hex_int_ll_ptr.o
         6          0          0          0          0          0   _printf_i.o
       178          0          0          0          0         88   _printf_intcommon.o
        10          0          0          0          0          0   _printf_l.o
         6          0          0          0          0          0   _printf_lc.o
        10          0          0          0          0          0   _printf_ll.o
         6          0          0          0          0          0   _printf_lld.o
         6          0          0          0          0          0   _printf_lli.o
         6          0          0          0          0          0   _printf_llo.o
         6          0          0          0          0          0   _printf_llu.o
         6          0          0          0          0          0   _printf_llx.o
       124         16          0          0          0         92   _printf_longlong_dec.o
         6          0          0          0          0          0   _printf_ls.o
         6          0          0          0          0          0   _printf_n.o
         6          0          0          0          0          0   _printf_o.o
       112         10          0          0          0        124   _printf_oct_int_ll.o
         6          0          0          0          0          0   _printf_p.o
        78          0          0          0          0        108   _printf_pad.o
         0          0          0          0          0          0   _printf_percent.o
         4          0          0          0          0          0   _printf_percent_end.o
         6          0          0          0          0          0   _printf_s.o
        82          0          0          0          0         80   _printf_str.o
        36          0          0          0          0         84   _printf_truncate.o
         6          0          0          0          0          0   _printf_u.o
        44          0          0          0          0        108   _printf_wchar.o
       188          6          8          0          0         92   _printf_wctomb.o
         6          0          0          0          0          0   _printf_x.o
        22          0          0          0          0        100   _rserrno.o
        16          0          0          0          0         68   _snputc.o
        10          0          0          0          0         68   _sputc.o
        64          0          0          0          0         92   _wcrtomb.o
        16          0          0          0          0         68   aeabi_memset.o
       228          4        148          0          0         96   bigflt0.o
      1936        128          0          0          0        672   btod.o
        18          0          0          0          0         80   exit.o
         6          0          0          0          0        152   heapauxi.o
         0          0          0          0          0          0   indicate_semi.o
        44         10        272          0          0         76   lc_ctype_c.o
        44         10         28          0          0         76   lc_numeric_c.o
         2          0          0          0          0          0   libinit.o
        34          0          0          0          0          0   libinit2.o
         2          0          0          0          0          0   libshutdown.o
         2          0          0          0          0          0   libshutdown2.o
         8          4          0          0         96         68   libspace.o
       138          0          0          0          0         80   lludiv10.o
       238          0          0          0          0        100   lludivv7m.o
        16          4          0          0          0         76   rt_ctype_table.o
         8          4          0          0          0         68   rt_errno_addr_intlibspace.o
         8          4          0          0          0         68   rt_locale_intlibspace.o
        68          0          0          0          0         68   rt_memclr.o
        78          0          0          0          0         80   rt_memclr_w.o
       138          0          0          0          0         68   rt_memcpy_v6.o
       100          0          0          0          0         80   rt_memcpy_w.o
         2          0          0          0          0          0   rtexit.o
        10          0          0          0          0          0   rtexit2.o
       104          0          0          0          0         68   strcmpv7m_pel.o
        12          4          0          0          0         68   sys_exit.o
        74          0          0          0          0         80   sys_stackheap_outer.o
         2          0          0          0          0         68   use_no_semi.o
        52          4          0          0          0         80   vsnprintf.o
        10          0          0          0          0        116   fpinit.o
         4          0          0          0          0        116   printf1.o
         4          0          0          0          0        116   printf2.o
         0          0          0          0          0          0   usenofp.o
       600         98          0          0          0        184   atan2f.o
       368         72          0          0          0        172   atanf.o
       336         60          0          0          0        136   cosf.o
        48          0          0          0          0        124   fpclassify.o
        38          0          0          0          0        116   fpclassifyf.o
        44         12          0          0          0        464   funder.o
       340         24         32          0          0        160   rredf.o
       404         60          0          0          0        212   sinf.o
        58          0          0          0          0        136   sqrtf.o
       384         62          0          0          0        200   tanf.o

    ----------------------------------------------------------------------
     10084        664        588          0        100       6936   Library Totals
        20          0          5          0          4          0   (incl. Padding)

    ----------------------------------------------------------------------

      Code (inc. data)   RO Data    RW Data    ZI Data      Debug   Library Name

      7426        276        551          0         96       4684   c_w.l
        18          0          0          0          0        348   fz_wv.l
      2620        388         32          0          0       1904   m_wv.l

    ----------------------------------------------------------------------
     10084        664        588          0        100       6936   Library Totals

    ----------------------------------------------------------------------

==============================================================================


      Code (inc. data)   RO Data    RW Data    ZI Data      Debug   

     55388       3468       1836        260     138340    1960506   Grand Totals
     55388       3468       1836        260     138340    1960506   ELF Image Totals
     55388       3468       1836        260          0          0   ROM Totals

==============================================================================

    Total RO  Size (Code + RO Data)                57224 (  55.88kB)
    Total RW  Size (RW Data + ZI Data)            138600 ( 135.35kB)
    Total ROM Size (Code + RO Data + RW Data)      57484 (  56.14kB)

==============================================================================

