*** Using Compiler 'V5.06 update 5 (build 528)', folder: 'C:\Keil_v5\ARM\ARMCC\Bin'
Build target 'GUITU_v1.0'
compiling e22_lora_tx.c...
compiling pedestrian_inertial_nav.c...
compiling sx126x_driver_version.c...
compiling xpt2046.c...
compiling pedestrian_frame_transform.c...
compiling e22_lora_port.c...
compiling ili9488.c...
compiling sx126x_lr_fhss.c...
compiling pdr_ci.c...
compiling lr_fhss_mac.c...
compiling compass_icons.c...
compiling sx126x.c...
compiling dijkstra.c...
compiling tft_port_stm32_hal.c...
compiling gtm1000_tag.c...
compiling max30102.c...
compiling e22_lora_stm32_hal_port.c...
compiling task_ui.c...
compiling nrf24l01.c...
compiling wit_imu.c...
compiling task_adc.c...
compiling task_ins_pdr.c...
compiling task_lora.c...
linking...
Program Size: Code=85860 RO-data=180940 RW-data=484 ZI-data=223284  
FromELF: creating hex file...
"GUITU_v1.0\GUITU_v1.0" - 0 Error(s), 0 Warning(s).
Build Time Elapsed:  00:00:25
